Archive member included to satisfy reference by file (symbol)

c:/sjsudev_v2/toolchain/bin/../lib/gcc/arm-none-eabi/5.4.1/../../../../arm-none-eabi/lib/armv7-m\libstdc++_nano.a(si_class_type_info.o)
                              ./L5_Application/source/remote.o (vtable for __cxxabiv1::__si_class_type_info)
c:/sjsudev_v2/toolchain/bin/../lib/gcc/arm-none-eabi/5.4.1/../../../../arm-none-eabi/lib/armv7-m\libstdc++_nano.a(vmi_class_type_info.o)
                              ./L2_Drivers/src/nrf_stream.o (vtable for __cxxabiv1::__vmi_class_type_info)
c:/sjsudev_v2/toolchain/bin/../lib/gcc/arm-none-eabi/5.4.1/../../../../arm-none-eabi/lib/armv7-m\libstdc++_nano.a(tinfo.o)
                              c:/sjsudev_v2/toolchain/bin/../lib/gcc/arm-none-eabi/5.4.1/../../../../arm-none-eabi/lib/armv7-m\libstdc++_nano.a(si_class_type_info.o) (std::type_info::__is_function_p() const)
c:/sjsudev_v2/toolchain/bin/../lib/gcc/arm-none-eabi/5.4.1/../../../../arm-none-eabi/lib/armv7-m\libstdc++_nano.a(class_type_info.o)
                              c:/sjsudev_v2/toolchain/bin/../lib/gcc/arm-none-eabi/5.4.1/../../../../arm-none-eabi/lib/armv7-m\libstdc++_nano.a(si_class_type_info.o) (__cxxabiv1::__class_type_info::__do_upcast(__cxxabiv1::__class_type_info const*, void**) const)
c:/sjsudev_v2/toolchain/bin/../lib/gcc/arm-none-eabi/5.4.1/../../../../arm-none-eabi/lib/armv7-m\libstdc++_nano.a(guard.o)
                              ./L5_Application/source/cmd_handlers/handlers.o (__cxa_guard_acquire)
c:/sjsudev_v2/toolchain/bin/../lib/gcc/arm-none-eabi/5.4.1/../../../../arm-none-eabi/lib/armv7-m\libstdc++_nano.a(pure.o)
                              ./L3_Utils/src/scheduler_task.o (__cxa_pure_virtual)
c:/sjsudev_v2/toolchain/bin/../lib/gcc/arm-none-eabi/5.4.1/../../../../arm-none-eabi/lib/armv7-m\libstdc++_nano.a(eh_terminate.o)
                              c:/sjsudev_v2/toolchain/bin/../lib/gcc/arm-none-eabi/5.4.1/../../../../arm-none-eabi/lib/armv7-m\libstdc++_nano.a(pure.o) (std::terminate())
c:/sjsudev_v2/toolchain/bin/../lib/gcc/arm-none-eabi/5.4.1/../../../../arm-none-eabi/lib/armv7-m\libstdc++_nano.a(eh_term_handler.o)
                              c:/sjsudev_v2/toolchain/bin/../lib/gcc/arm-none-eabi/5.4.1/../../../../arm-none-eabi/lib/armv7-m\libstdc++_nano.a(eh_terminate.o) (__cxxabiv1::__terminate_handler)
c:/sjsudev_v2/toolchain/bin/../lib/gcc/arm-none-eabi/5.4.1/../../../../arm-none-eabi/lib/armv7-m\libstdc++_nano.a(eh_unex_handler.o)
                              c:/sjsudev_v2/toolchain/bin/../lib/gcc/arm-none-eabi/5.4.1/../../../../arm-none-eabi/lib/armv7-m\libstdc++_nano.a(eh_terminate.o) (__cxxabiv1::__unexpected_handler)
c:/sjsudev_v2/toolchain/bin/../lib/gcc/arm-none-eabi/5.4.1/armv7-m\libgcc.a(_ashldi3.o)
                              ./L0_LowLevel/source/lpc_peripherals.o (__aeabi_llsl)
c:/sjsudev_v2/toolchain/bin/../lib/gcc/arm-none-eabi/5.4.1/armv7-m\libgcc.a(_arm_addsubdf3.o)
                              ./L2_Drivers/base/uart_dev.o (__aeabi_dadd)
c:/sjsudev_v2/toolchain/bin/../lib/gcc/arm-none-eabi/5.4.1/armv7-m\libgcc.a(_arm_fixunsdfsi.o)
                              ./L2_Drivers/base/uart_dev.o (__aeabi_d2uiz)
c:/sjsudev_v2/toolchain/bin/../lib/gcc/arm-none-eabi/5.4.1/armv7-m\libgcc.a(_arm_truncdfsf2.o)
                              ./L3_Utils/src/str.o (__aeabi_d2f)
c:/sjsudev_v2/toolchain/bin/../lib/gcc/arm-none-eabi/5.4.1/armv7-m\libgcc.a(_arm_addsubsf3.o)
                              ./L5_Application/source/cmd_handlers/handlers.o (__aeabi_fsub)
c:/sjsudev_v2/toolchain/bin/../lib/gcc/arm-none-eabi/5.4.1/armv7-m\libgcc.a(_arm_muldivsf3.o)
                              ./L5_Application/source/cmd_handlers/handlers.o (__aeabi_fmul)
c:/sjsudev_v2/toolchain/bin/../lib/gcc/arm-none-eabi/5.4.1/armv7-m\libgcc.a(_arm_cmpsf2.o)
                              ./L3_Utils/src/str.o (__aeabi_fcmplt)
c:/sjsudev_v2/toolchain/bin/../lib/gcc/arm-none-eabi/5.4.1/armv7-m\libgcc.a(_arm_fixsfsi.o)
                              ./L5_Application/source/cmd_handlers/handlers.o (__aeabi_f2iz)
c:/sjsudev_v2/toolchain/bin/../lib/gcc/arm-none-eabi/5.4.1/armv7-m\libgcc.a(_arm_fixunssfsi.o)
                              ./L5_Application/source/high_level_init.o (__aeabi_f2uiz)
c:/sjsudev_v2/toolchain/bin/../lib/gcc/arm-none-eabi/5.4.1/armv7-m\libgcc.a(_aeabi_uldivmod.o)
                              ./L5_Application/source/cmd_handlers/handlers.o (__aeabi_uldivmod)
c:/sjsudev_v2/toolchain/bin/../lib/gcc/arm-none-eabi/5.4.1/armv7-m\libgcc.a(_udivmoddi4.o)
                              c:/sjsudev_v2/toolchain/bin/../lib/gcc/arm-none-eabi/5.4.1/armv7-m\libgcc.a(_aeabi_uldivmod.o) (__udivmoddi4)
c:/sjsudev_v2/toolchain/bin/../lib/gcc/arm-none-eabi/5.4.1/armv7-m\libgcc.a(_dvmd_tls.o)
                              c:/sjsudev_v2/toolchain/bin/../lib/gcc/arm-none-eabi/5.4.1/armv7-m\libgcc.a(_aeabi_uldivmod.o) (__aeabi_ldiv0)
[...]
Memory Configuration

Name             Origin             Length             Attributes
FLASH            0x00010000         0x00070000         xr
SRAM             0x10000000         0x00008000         xrw
SRAM_AHB         0x2007c000         0x00008000         xrw
*default*        0x00000000         0xffffffff

Linker script and memory map

LOAD ./newlib/malloc_lock.o
LOAD ./newlib/memory.o
LOAD ./newlib/newlib_syscalls.o
LOAD ./newlib/newlib_time.o
LOAD ./L5_Application/source/cmd_handlers/handlers.o
LOAD ./L5_Application/source/cmd_handlers/prog_handlers.o
LOAD ./L5_Application/source/cmd_handlers/wireless_handlers.o
LOAD ./L5_Application/source/high_level_init.o
LOAD ./L5_Application/source/remote.o
LOAD ./L5_Application/source/terminal.o
LOAD ./L5_Application/periodic_scheduler/period_callbacks.o
LOAD ./L5_Application/periodic_scheduler/prd_monitor.o
LOAD ./L5_Application/examples/examples.o
LOAD ./L5_Application/examples/rn_xv_task.o
LOAD ./L5_Application/main.o
LOAD ./L4_IO/wireless/src/mesh.o
LOAD ./L4_IO/wireless/src/nrf24L01Plus.o
LOAD ./L4_IO/wireless/src/wireless.o
LOAD ./L4_IO/src/gpio.o
LOAD ./L4_IO/src/io_source.o
LOAD ./L4_IO/src/storage.o
LOAD ./L4_IO/fat/option/ccsbcs.o
LOAD ./L4_IO/fat/option/reentrant.o
LOAD ./L4_IO/fat/disk/diskio.o
LOAD ./L4_IO/fat/disk/sd.o
LOAD ./L4_IO/fat/disk/spi_flash.o
LOAD ./L4_IO/fat/fatfs_time.o
LOAD ./L4_IO/fat/ff.o
LOAD ./L3_Utils/tlm/src/c_tlm_binary.o
LOAD ./L3_Utils/tlm/src/c_tlm_comp.o
LOAD ./L3_Utils/tlm/src/c_tlm_stream.o
LOAD ./L3_Utils/tlm/src/c_tlm_var.o
LOAD ./L3_Utils/src/c_list.o
LOAD ./L3_Utils/src/command_handler.o
LOAD ./L3_Utils/src/file_logger.o
LOAD ./L3_Utils/src/freertos_timer.o
LOAD ./L3_Utils/src/printf_lib.o
LOAD ./L3_Utils/src/rtc_alarm.o
LOAD ./L3_Utils/src/scheduler_task.o
LOAD ./L3_Utils/src/str.o
LOAD ./L3_Utils/src/utilities.o
LOAD ./L2_Drivers/src/adc.o
LOAD ./L2_Drivers/src/can.o
LOAD ./L2_Drivers/src/eint.o
LOAD ./L2_Drivers/src/i2c2.o
LOAD ./L2_Drivers/src/lpc_pwm.o
LOAD ./L2_Drivers/src/lpc_rit.o
LOAD ./L2_Drivers/src/lpc_timers.o
LOAD ./L2_Drivers/src/nrf_stream.o
LOAD ./L2_Drivers/src/rtc.o
LOAD ./L2_Drivers/src/spi_dma.o
LOAD ./L2_Drivers/src/spi_sem.o
LOAD ./L2_Drivers/src/uart0.o
LOAD ./L2_Drivers/src/uart2.o
LOAD ./L2_Drivers/src/uart3.o
LOAD ./L2_Drivers/base/char_dev.o
LOAD ./L2_Drivers/base/i2c_base.o
LOAD ./L2_Drivers/base/uart_dev.o
LOAD ./L1_FreeRTOS/trace/run_time_counter.o
LOAD ./L1_FreeRTOS/trace/trcBase.o
LOAD ./L1_FreeRTOS/trace/trcHardwarePort.o
LOAD ./L1_FreeRTOS/trace/trcKernel.o
LOAD ./L1_FreeRTOS/trace/trcKernelPort.o
LOAD ./L1_FreeRTOS/trace/trcUser.o
LOAD ./L1_FreeRTOS/src/croutine.o
LOAD ./L1_FreeRTOS/src/event_groups.o
LOAD ./L1_FreeRTOS/src/list.o
LOAD ./L1_FreeRTOS/src/queue.o
LOAD ./L1_FreeRTOS/src/tasks.o
LOAD ./L1_FreeRTOS/src/timers.o
LOAD ./L1_FreeRTOS/portable/no_mpu/port.o
LOAD ./L1_FreeRTOS/portable/run_time_stats.o
LOAD ./L1_FreeRTOS/hooks/hooks.o
LOAD ./L1_FreeRTOS/MemMang/freertos_mem_man.o
LOAD ./L0_LowLevel/source/core_cm3.o
LOAD ./L0_LowLevel/source/low_level_init.o
LOAD ./L0_LowLevel/source/lpc_peripherals.o
LOAD ./L0_LowLevel/source/lpc_sys.o
LOAD ./L0_LowLevel/source/startup.o
LOAD ./L0_LowLevel/source/sys_clock.o
LOAD ./L0_LowLevel/source/uart0_min.o
LOAD c:/sjsudev_v2/toolchain/bin/../lib/gcc/arm-none-eabi/5.4.1/../../../../arm-none-eabi/lib/armv7-m\libstdc++_nano.a
LOAD c:/sjsudev_v2/toolchain/bin/../lib/gcc/arm-none-eabi/5.4.1/../../../../arm-none-eabi/lib/armv7-m\libm.a
START GROUP
LOAD c:/sjsudev_v2/toolchain/bin/../lib/gcc/arm-none-eabi/5.4.1/armv7-m\libgcc.a
LOAD c:/sjsudev_v2/toolchain/bin/../lib/gcc/arm-none-eabi/5.4.1/../../../../arm-none-eabi/lib/armv7-m\libc_nano.a
END GROUP
START GROUP
LOAD c:/sjsudev_v2/toolchain/bin/../lib/gcc/arm-none-eabi/5.4.1/armv7-m\libgcc.a
LOAD c:/sjsudev_v2/toolchain/bin/../lib/gcc/arm-none-eabi/5.4.1/../../../../arm-none-eabi/lib/armv7-m\libc_nano.a
END GROUP

.text           0x00010000    0x16808
 FILL mask 0xff
 *(.isr_vector)
 .isr_vector    0x00010000       0xcc ./L0_LowLevel/source/startup.o
                0x00010000                g_pfnVectors
                0x000100cc                . = ALIGN (0x4)
                0x000100cc                __section_table_start = .
                0x000100cc                __data_section_table = .
                0x000100cc        0x4 LONG 0x26810 LOADADDR (.data)
                0x000100d0        0x4 LONG 0x2007c000 ADDR (.data)
                0x000100d4        0x4 LONG 0x2fc SIZEOF (.data)
                0x000100d8                __data_section_table_end = .
                0x000100d8                __bss_section_table = .
                0x000100d8        0x4 LONG 0x2007c300 ADDR (.bss)
                0x000100dc        0x4 LONG 0x4a8 SIZEOF (.bss)
                0x000100e0                __bss_section_table_end = .
                0x000100e0                __section_table_end = .
 *(.after_vectors*)
 .after_vectors
                0x000100e0      0x124 ./L0_LowLevel/source/startup.o
                0x000100e0                isr_hard_fault
                0x000100fa                isr_nmi
                0x00010108                isr_mem_fault
                0x00010118                isr_bus_fault
                0x00010128                isr_usage_fault
                0x00010138                isr_debug_mon
                0x00010148                TIMER3_IRQHandler
                0x00010148                UART1_IRQHandler
                0x00010148                EINT2_IRQHandler
                0x00010148                USBAct_IRQHandler
                0x00010148                PLL0_IRQHandler
                0x00010148                I2C1_IRQHandler
                0x00010148                PLL1_IRQHandler
                0x00010148                SSP0_IRQHandler
                0x00010148                CANAct_IRQHandler
                0x00010148                I2S_IRQHandler
                0x00010148                PWM1_IRQHandler
                0x00010148                SPI_IRQHandler
                0x00010148                TIMER2_IRQHandler
                0x00010148                EINT1_IRQHandler
                0x00010148                isr_default_handler
                0x00010148                SSP1_IRQHandler
                0x00010148                ENET_IRQHandler
                0x00010148                USB_IRQHandler
                0x00010148                BOD_IRQHandler
                0x00010148                MCPWM_IRQHandler
                0x00010148                WDT_IRQHandler
                0x00010148                I2C0_IRQHandler
                0x00010148                QEI_IRQHandler
                0x00010148                EINT0_IRQHandler
                0x00010148                DMA_IRQHandler
                0x00010148                TIMER0_IRQHandler
                0x00010158                isr_sys_tick
                0x0001016a                data_init(unsigned int, unsigned int, unsigned int)
                0x00010180                bss_init(unsigned int, unsigned int)
                0x00010194                isr_reset
 *(.text*)
 .text.__malloc_lock
                0x00010204        0x4 ./newlib/malloc_lock.o
                0x00010204                __malloc_lock
 .text.__malloc_unlock
                0x00010208        0x4 ./newlib/malloc_lock.o
                0x00010208                __malloc_unlock
 .text._sbrk    0x0001020c       0x74 ./newlib/memory.o
                0x0001020c                _sbrk
 .text._Znwj    0x00010280        0x4 ./newlib/memory.o
                0x00010280                operator new(unsigned int)
 .text._ZdlPv   0x00010284        0x4 ./newlib/memory.o
                0x00010284                operator delete(void*)
 .text._ZdaPv   0x00010288        0x4 ./newlib/memory.o
                0x00010288                operator delete[](void*)
 .text.sys_get_mem_info
                0x0001028c       0xb8 ./newlib/memory.o
                0x0001028c                sys_get_mem_info
 .text.startup._GLOBAL__sub_I__sbrk
                0x00010344       0x20 ./newlib/memory.o
 .text.sys_set_outchar_func
                0x00010364        0xc ./newlib/newlib_syscalls.o
                0x00010364                sys_set_outchar_func
 .text.sys_set_inchar_func
                0x00010370        0xc ./newlib/newlib_syscalls.o
                0x00010370                sys_set_inchar_func
 .text._kill    0x0001037c       0x10 ./newlib/newlib_syscalls.o
                0x0001037c                _kill
 .text._exit    0x0001038c       0x10 ./newlib/newlib_syscalls.o
                0x0001038c                _exit
 .text._getpid  0x0001039c        0x4 ./newlib/newlib_syscalls.o
                0x0001039c                _getpid
 .text._init    0x000103a0        0x4 ./newlib/newlib_syscalls.o
                0x000103a0                _init
 .text._write   0x000103a4       0x28 ./newlib/newlib_syscalls.o
                0x000103a4                _write
 .text._read    0x000103cc       0x2c ./newlib/newlib_syscalls.o
                0x000103cc                _read
 .text.syscalls_init
                0x000103f8        0x2 ./newlib/newlib_syscalls.o
                0x000103f8                syscalls_init
 .text._fstat   0x000103fa        0x4 ./newlib/newlib_syscalls.o
                0x000103fa                _fstat
 *fill*         0x000103fe        0x2 ff
 .text._isatty  0x00010400       0x24 ./newlib/newlib_syscalls.o
                0x00010400                _isatty
 .text._lseek   0x00010424        0x4 ./newlib/newlib_syscalls.o
                0x00010424                _lseek
 .text._close   0x00010428        0x4 ./newlib/newlib_syscalls.o
                0x00010428                _close
 .text._gettimeofday
                0x0001042c       0x7a ./newlib/newlib_time.o
                0x0001042c                _gettimeofday
 *fill*         0x000104a6        0x2 ff
 .text._ZN7Storage13getFlashDriveEv
                0x000104a8       0x48 ./L5_Application/source/cmd_handlers/handlers.o
                0x000104a8                Storage::getFlashDrive()
 .text._ZN7Storage10getSDDriveEv
                0x000104f0       0x48 ./L5_Application/source/cmd_handlers/handlers.o
                0x000104f0                Storage::getSDDrive()
 .text._Z15taskListHandlerR3strR7CharDevPv
                0x00010538       0xe8 ./L5_Application/source/cmd_handlers/handlers.o
                0x00010538                taskListHandler(str&, CharDev&, void*)
 .text._Z14memInfoHandlerR3strR7CharDevPv
                0x00010620       0x22 ./L5_Application/source/cmd_handlers/handlers.o
                0x00010620                memInfoHandler(str&, CharDev&, void*)
 *fill*         0x00010642        0x2 ff
 .text._Z11timeHandlerR3strR7CharDevPv
                0x00010644       0xc4 ./L5_Application/source/cmd_handlers/handlers.o
                0x00010644                timeHandler(str&, CharDev&, void*)
 .text._Z10logHandlerR3strR7CharDevPv
                0x00010708      0x190 ./L5_Application/source/cmd_handlers/handlers.o
                0x00010708                logHandler(str&, CharDev&, void*)
 .text._Z9cpHandlerR3strR7CharDevPv
                0x00010898       0x80 ./L5_Application/source/cmd_handlers/handlers.o
                0x00010898                cpHandler(str&, CharDev&, void*)
 .text._Z10catHandlerR3strR7CharDevPv
                0x00010918      0x104 ./L5_Application/source/cmd_handlers/handlers.o
                0x00010918                catHandler(str&, CharDev&, void*)
 .text._Z9lsHandlerR3strR7CharDevPv
                0x00010a1c      0x178 ./L5_Application/source/cmd_handlers/handlers.o
                0x00010a1c                lsHandler(str&, CharDev&, void*)
 .text._Z12mkdirHandlerR3strR7CharDevPv
                0x00010b94       0x3c ./L5_Application/source/cmd_handlers/handlers.o
                0x00010b94                mkdirHandler(str&, CharDev&, void*)
 .text._Z9rmHandlerR3strR7CharDevPv
                0x00010bd0       0x3c ./L5_Application/source/cmd_handlers/handlers.o
                0x00010bd0                rmHandler(str&, CharDev&, void*)
 .text._Z9mvHandlerR3strR7CharDevPv
                0x00010c0c       0x5c ./L5_Application/source/cmd_handlers/handlers.o
                0x00010c0c                mvHandler(str&, CharDev&, void*)
 .text._Z14newFileHandlerR3strR7CharDevPv
                0x00010c68       0xb0 ./L5_Application/source/cmd_handlers/handlers.o
                0x00010c68                newFileHandler(str&, CharDev&, void*)
 .text._Z10dcpHandlerR3strR7CharDevPv
                0x00010d18      0x140 ./L5_Application/source/cmd_handlers/handlers.o
                0x00010d18                dcpHandler(str&, CharDev&, void*)
 .text._Z14storageHandlerR3strR7CharDevPv
                0x00010e58       0xc0 ./L5_Application/source/cmd_handlers/handlers.o
                0x00010e58                storageHandler(str&, CharDev&, void*)
 .text._Z13rebootHandlerR3strR7CharDevPv
                0x00010f18       0x30 ./L5_Application/source/cmd_handlers/handlers.o
                0x00010f18                rebootHandler(str&, CharDev&, void*)
 .text._Z14learnIrHandlerR3strR7CharDevPv
                0x00010f48       0x38 ./L5_Application/source/cmd_handlers/handlers.o
                0x00010f48                learnIrHandler(str&, CharDev&, void*)
 .text._ZN17SingletonTemplateI4I2C2E11getInstanceEv
                0x00010f80       0x20 ./L5_Application/source/cmd_handlers/handlers.o
                0x00010f80                SingletonTemplate<I2C2>::getInstance()
 .text._Z13healthHandlerR3strR7CharDevPv
                0x00010fa0      0x1a4 ./L5_Application/source/cmd_handlers/handlers.o
                0x00010fa0                healthHandler(str&, CharDev&, void*)
 .text._Z12i2cIoHandlerR3strR7CharDevPv
                0x00011144      0x198 ./L5_Application/source/cmd_handlers/handlers.o
                0x00011144                i2cIoHandler(str&, CharDev&, void*)
 .text._Z16flashProgHandlerR3strR7CharDevPv
                0x000112dc       0xb4 ./L5_Application/source/cmd_handlers/prog_handlers.o
                0x000112dc                flashProgHandler(str&, CharDev&, void*)
 .text._Z14getFileHandlerR3strR7CharDevPv
                0x00011390      0x134 ./L5_Application/source/cmd_handlers/prog_handlers.o
                0x00011390                getFileHandler(str&, CharDev&, void*)
 .text._ZL13wsAddrHandlerR3strR7CharDevPv
                0x000114c4       0x34 ./L5_Application/source/cmd_handlers/wireless_handlers.o
 .text._ZL25wirelessHandlerPrintStatsR7CharDevP12mesh_stats_th.constprop.4
                0x000114f8       0x3c ./L5_Application/source/cmd_handlers/wireless_handlers.o
 .text._ZL11wsTxHandlerR3strR7CharDevPv
                0x00011534      0x114 ./L5_Application/source/cmd_handlers/wireless_handlers.o
 .text._ZL14wsStatsHandlerR3strR7CharDevPv
                0x00011648       0x1e ./L5_Application/source/cmd_handlers/wireless_handlers.o
 *fill*         0x00011666        0x2 ff
 .text._ZL11wsRxHandlerR3strR7CharDevPv
                0x00011668       0x80 ./L5_Application/source/cmd_handlers/wireless_handlers.o
 .text._Z12wsRteHandlerR3strR7CharDevPv
                0x000116e8       0x74 ./L5_Application/source/cmd_handlers/wireless_handlers.o
                0x000116e8                wsRteHandler(str&, CharDev&, void*)
 .text._Z15wirelessHandlerR3strR7CharDevPv
                0x0001175c      0x160 ./L5_Application/source/cmd_handlers/wireless_handlers.o
                0x0001175c                wirelessHandler(str&, CharDev&, void*)
 .text._ZN17SingletonTemplateI12NordicStreamE11getInstanceEv
                0x000118bc       0x20 ./L5_Application/source/cmd_handlers/wireless_handlers.o
                0x000118bc                SingletonTemplate<NordicStream>::getInstance()
 .text._ZL15wsFileTxHandlerR3strR7CharDevPv
                0x000118dc      0x22c ./L5_Application/source/cmd_handlers/wireless_handlers.o
 .text._ZL15wsStreamHandlerR3strR7CharDevPv
                0x00011b08      0x120 ./L5_Application/source/cmd_handlers/wireless_handlers.o
 .text._ZL13hl_print_linev
                0x00011c28        0xc ./L5_Application/source/high_level_init.o
 .text.ssp_set_max_clock
                0x00011c34       0x2c ./L5_Application/source/high_level_init.o
 .text._ZL16hl_mount_storageR16FileSystemObjectPKc
                0x00011c60       0x94 ./L5_Application/source/high_level_init.o
 .text._ZN17SingletonTemplateI11LED_DisplayE11getInstanceEv
                0x00011cf4       0x24 ./L5_Application/source/high_level_init.o
                0x00011cf4                SingletonTemplate<LED_Display>::getInstance()
 .text._ZN17SingletonTemplateI3LEDE11getInstanceEv
                0x00011d18       0x1c ./L5_Application/source/high_level_init.o
                0x00011d18                SingletonTemplate<LED>::getInstance()
 .text._ZN17SingletonTemplateI17TemperatureSensorE11getInstanceEv
                0x00011d34       0x28 ./L5_Application/source/high_level_init.o
                0x00011d34                SingletonTemplate<TemperatureSensor>::getInstance()
 .text._ZN17SingletonTemplateI12Light_SensorE11getInstanceEv
                0x00011d5c       0x18 ./L5_Application/source/high_level_init.o
                0x00011d5c                SingletonTemplate<Light_Sensor>::getInstance()
 .text._ZN17SingletonTemplateI8SwitchesE11getInstanceEv
                0x00011d74       0x18 ./L5_Application/source/high_level_init.o
                0x00011d74                SingletonTemplate<Switches>::getInstance()
 .text._Z15high_level_initv
                0x00011d8c      0x548 ./L5_Application/source/high_level_init.o
                0x00011d8c                high_level_init()
 .text._ZN14scheduler_task4initEv
                0x000122d4        0x4 ./L5_Application/source/remote.o
                0x000122d4                scheduler_task::init()
 .text._ZN14scheduler_task6regTlmEv
                0x000122d8        0x4 ./L5_Application/source/remote.o
                0x000122d8                scheduler_task::regTlm()
 .text._ZN14scheduler_task9taskEntryEv
                0x000122dc        0x4 ./L5_Application/source/remote.o
                0x000122dc                scheduler_task::taskEntry()
 .text._ZN17SingletonTemplateI9IR_SensorE11getInstanceEv
                0x000122e0       0x18 ./L5_Application/source/remote.o
                0x000122e0                SingletonTemplate<IR_Sensor>::getInstance()
 .text._ZN12terminalTask6regTlmEv
                0x000122f8        0x4 ./L5_Application/source/terminal.o
                0x000122f8                terminalTask::regTlm()
 .text._ZN12terminalTaskD2Ev
                0x000122fc       0x48 ./L5_Application/source/terminal.o
                0x000122fc                terminalTask::~terminalTask()
                0x000122fc                terminalTask::~terminalTask()
 .text._ZN12terminalTaskD0Ev
                0x00012344       0x12 ./L5_Application/source/terminal.o
                0x00012344                terminalTask::~terminalTask()
 .text._ZN6VECTORIN12terminalTask9cmdChan_tEE14changeCapacityEj.part.4
                0x00012356       0x40 ./L5_Application/source/terminal.o
 *fill*         0x00012396        0x2 ff
 .text._ZN12terminalTaskC2Eh
                0x00012398       0xb0 ./L5_Application/source/terminal.o
                0x00012398                terminalTask::terminalTask(unsigned char)
                0x00012398                terminalTask::terminalTask(unsigned char)
 .text._ZN12terminalTask22handleEchoAndBackspaceEPNS_9cmdChan_tEc
                0x00012448       0x74 ./L5_Application/source/terminal.o
                0x00012448                terminalTask::handleEchoAndBackspace(terminalTask::cmdChan_t*, char)
 .text._ZN12terminalTask17addCommandChannelEP7CharDevb
                0x000124bc       0x40 ./L5_Application/source/terminal.o
                0x000124bc                terminalTask::addCommandChannel(CharDev*, bool)
 .text._ZN12terminalTask10getCommandEv
                0x000124fc      0x124 ./L5_Application/source/terminal.o
                0x000124fc                terminalTask::getCommand()
 .text._ZN12terminalTask3runEPv
                0x00012620       0x98 ./L5_Application/source/terminal.o
                0x00012620                terminalTask::run(void*)
 .text._ZN17SingletonTemplateI5Uart0E11getInstanceEv
                0x000126b8       0x20 ./L5_Application/source/terminal.o
                0x000126b8                SingletonTemplate<Uart0>::getInstance()
 .text._ZN5Uart017putcharIntrDrivenEc
                0x000126d8       0x18 ./L5_Application/source/terminal.o
                0x000126d8                Uart0::putcharIntrDriven(char)
 .text._ZN5Uart017getcharIntrDrivenEc
                0x000126f0       0x22 ./L5_Application/source/terminal.o
                0x000126f0                Uart0::getcharIntrDriven(char)
 *fill*         0x00012712        0x2 ff
 .text._ZN12terminalTask9taskEntryEv
                0x00012714      0x2b0 ./L5_Application/source/terminal.o
                0x00012714                terminalTask::taskEntry()
 .text._Z12CPUusagetaskPv
                0x000129c4      0x10c ./L5_Application/main.o
                0x000129c4                CPUusagetask(void*)
 .text._Z12producertaskPv
                0x00012ad0       0x68 ./L5_Application/main.o
                0x00012ad0                producertask(void*)
 .text._Z12consumertaskPv
                0x00012b38       0x70 ./L5_Application/main.o
                0x00012b38                consumertask(void*)
 .text._Z12watchDogTaskPv
                0x00012ba8       0x7c ./L5_Application/main.o
                0x00012ba8                watchDogTask(void*)
 .text._Z18taskSuspendHandlerR3strR7CharDevPv
                0x00012c24       0x50 ./L5_Application/main.o
                0x00012c24                taskSuspendHandler(str&, CharDev&, void*)
 .text._Z17taskResumeHandlerR3strR7CharDevPv
                0x00012c74       0x50 ./L5_Application/main.o
                0x00012c74                taskResumeHandler(str&, CharDev&, void*)
 .text.startup.main
                0x00012cc4       0xc0 ./L5_Application/main.o
                0x00012cc4                main
 .text.startup._GLOBAL__sub_I_myEGH
                0x00012d84       0x1c ./L5_Application/main.o
 .text.mesh_incr_soft_timers_for_arr
                0x00012da0       0x26 ./L4_IO/wireless/src/mesh.o
 *fill*         0x00012dc6        0x2 ff
 .text.mesh_update_soft_timers
                0x00012dc8       0x4c ./L4_IO/wireless/src/mesh.o
 .text.mesh_send_packet
                0x00012e14       0x3c ./L4_IO/wireless/src/mesh.o
 .text.mesh_send_retry_packet
                0x00012e50       0x34 ./L4_IO/wireless/src/mesh.o
 .text.mesh_find_rte_tbl_entry
                0x00012e84       0x24 ./L4_IO/wireless/src/mesh.o
 .text.mesh_update_rte_scores
                0x00012ea8       0x28 ./L4_IO/wireless/src/mesh.o
 .text.mesh_get_pnd_pkt_slot
                0x00012ed0       0x42 ./L4_IO/wireless/src/mesh.o
 *fill*         0x00012f12        0x2 ff
 .text.mesh_pending_packets_add
                0x00012f14       0x90 ./L4_IO/wireless/src/mesh.o
 .text.mesh_get_rte_to_modify
                0x00012fa4       0x58 ./L4_IO/wireless/src/mesh.o
 .text.mesh_handle_pnd_pkts_for_arr
                0x00012ffc      0x184 ./L4_IO/wireless/src/mesh.o
 .text.mesh_set_node_address
                0x00013180       0x18 ./L4_IO/wireless/src/mesh.o
                0x00013180                mesh_set_node_address
 .text.mesh_get_node_address
                0x00013198        0xc ./L4_IO/wireless/src/mesh.o
                0x00013198                mesh_get_node_address
 .text.mesh_set_retry_count
                0x000131a4       0x10 ./L4_IO/wireless/src/mesh.o
                0x000131a4                mesh_set_retry_count
 .text.mesh_form_pkt
                0x000131b4      0x100 ./L4_IO/wireless/src/mesh.o
                0x000131b4                mesh_form_pkt
 .text.mesh_send_formed_pkt
                0x000132b4       0x50 ./L4_IO/wireless/src/mesh.o
                0x000132b4                mesh_send_formed_pkt
 .text.mesh_init
                0x00013304      0x104 ./L4_IO/wireless/src/mesh.o
                0x00013304                mesh_init
 .text.mesh_send
                0x00013408       0x3c ./L4_IO/wireless/src/mesh.o
                0x00013408                mesh_send
 .text.mesh_send_ack
                0x00013444       0x1a ./L4_IO/wireless/src/mesh.o
 *fill*         0x0001345e        0x2 ff
 .text.mesh_get_routing_entry
                0x00013460       0x2c ./L4_IO/wireless/src/mesh.o
                0x00013460                mesh_get_routing_entry
 .text.mesh_get_num_routing_entries
                0x0001348c       0x1c ./L4_IO/wireless/src/mesh.o
                0x0001348c                mesh_get_num_routing_entries
 .text.mesh_service
                0x000134a8      0x2c4 ./L4_IO/wireless/src/mesh.o
                0x000134a8                mesh_service
 .text.mesh_get_pnd_pkt_count
                0x0001376c       0x34 ./L4_IO/wireless/src/mesh.o
                0x0001376c                mesh_get_pnd_pkt_count
 .text.mesh_get_max_timeout_before_packet_fails
                0x000137a0       0x24 ./L4_IO/wireless/src/mesh.o
                0x000137a0                mesh_get_max_timeout_before_packet_fails
 .text.mesh_get_stats
                0x000137c4       0x14 ./L4_IO/wireless/src/mesh.o
                0x000137c4                mesh_get_stats
 .text.nordic_transfer
                0x000137d8      0x104 ./L4_IO/wireless/src/nrf24L01Plus.o
 .text.nordic_readRegister
                0x000138dc       0x20 ./L4_IO/wireless/src/nrf24L01Plus.o
 .text.nordic_writeRegister
                0x000138fc       0x1e ./L4_IO/wireless/src/nrf24L01Plus.o
 .text.nordic_is_tx_fifo_empty
                0x0001391a        0xe ./L4_IO/wireless/src/nrf24L01Plus.o
                0x0001391a                nordic_is_tx_fifo_empty
 .text.nordic_clear_all_intr_flags
                0x00013928        0x8 ./L4_IO/wireless/src/nrf24L01Plus.o
                0x00013928                nordic_clear_all_intr_flags
 .text.nordic_queue_tx_fifo
                0x00013930        0xc ./L4_IO/wireless/src/nrf24L01Plus.o
                0x00013930                nordic_queue_tx_fifo
 .text.nordic_standby1_to_tx_mode1
                0x0001393c       0x16 ./L4_IO/wireless/src/nrf24L01Plus.o
                0x0001393c                nordic_standby1_to_tx_mode1
 *fill*         0x00013952        0x2 ff
 .text.nordic_rx_to_Stanby1
                0x00013954       0x10 ./L4_IO/wireless/src/nrf24L01Plus.o
                0x00013954                nordic_rx_to_Stanby1
 .text.nordic_standby1_to_rx
                0x00013964       0x24 ./L4_IO/wireless/src/nrf24L01Plus.o
                0x00013964                nordic_standby1_to_rx
 .text.nordic_clear_packet_sent_flag
                0x00013988        0x8 ./L4_IO/wireless/src/nrf24L01Plus.o
                0x00013988                nordic_clear_packet_sent_flag
 .text.nordic_flush_tx_fifo
                0x00013990        0xc ./L4_IO/wireless/src/nrf24L01Plus.o
                0x00013990                nordic_flush_tx_fifo
 .text.nordic_mode1_send_single_packet
                0x0001399c       0x4c ./L4_IO/wireless/src/nrf24L01Plus.o
                0x0001399c                nordic_mode1_send_single_packet
 .text.nordic_is_packet_available
                0x000139e8       0x12 ./L4_IO/wireless/src/nrf24L01Plus.o
                0x000139e8                nordic_is_packet_available
 .text.nordic_clear_packet_available_flag
                0x000139fa        0x8 ./L4_IO/wireless/src/nrf24L01Plus.o
                0x000139fa                nordic_clear_packet_available_flag
 .text.nordic_read_rx_fifo
                0x00013a02       0x14 ./L4_IO/wireless/src/nrf24L01Plus.o
                0x00013a02                nordic_read_rx_fifo
 .text.nordic_flush_rx_fifo
                0x00013a16        0xc ./L4_IO/wireless/src/nrf24L01Plus.o
                0x00013a16                nordic_flush_rx_fifo
 .text.nordic_set_intr_signals
                0x00013a22       0x3e ./L4_IO/wireless/src/nrf24L01Plus.o
                0x00013a22                nordic_set_intr_signals
 .text.nordic_set_crc
                0x00013a60       0x38 ./L4_IO/wireless/src/nrf24L01Plus.o
                0x00013a60                nordic_set_crc
 .text.nordic_power_up
                0x00013a98       0x18 ./L4_IO/wireless/src/nrf24L01Plus.o
                0x00013a98                nordic_power_up
 .text.nordic_power_down
                0x00013ab0       0x16 ./L4_IO/wireless/src/nrf24L01Plus.o
                0x00013ab0                nordic_power_down
 .text.nordic_set_channel
                0x00013ac6       0x24 ./L4_IO/wireless/src/nrf24L01Plus.o
                0x00013ac6                nordic_set_channel
 .text.nordic_set_air_data_rate
                0x00013aea       0x2c ./L4_IO/wireless/src/nrf24L01Plus.o
                0x00013aea                nordic_set_air_data_rate
 .text.nordic_set_power_level
                0x00013b16       0x24 ./L4_IO/wireless/src/nrf24L01Plus.o
                0x00013b16                nordic_set_power_level
 .text.nordic_set_auto_transmit_options
                0x00013b3a       0x32 ./L4_IO/wireless/src/nrf24L01Plus.o
                0x00013b3a                nordic_set_auto_transmit_options
 .text.nordic_set_payload_for_pipe
                0x00013b6c       0x14 ./L4_IO/wireless/src/nrf24L01Plus.o
                0x00013b6c                nordic_set_payload_for_pipe
 .text.nordic_set_addr_width
                0x00013b80       0x16 ./L4_IO/wireless/src/nrf24L01Plus.o
                0x00013b80                nordic_set_addr_width
 .text.nordic_set_tx_address
                0x00013b96        0xc ./L4_IO/wireless/src/nrf24L01Plus.o
                0x00013b96                nordic_set_tx_address
 .text.nordic_set_rx_pipe0_addr
                0x00013ba2        0xc ./L4_IO/wireless/src/nrf24L01Plus.o
                0x00013ba2                nordic_set_rx_pipe0_addr
 *fill*         0x00013bae        0x2 ff
 .text.nordic_init
                0x00013bb0       0xc8 ./L4_IO/wireless/src/nrf24L01Plus.o
                0x00013bb0                nordic_init
 .text.nrf_driver_init
                0x00013c78       0x70 ./L4_IO/wireless/src/wireless.o
 .text.nrf_driver_app_recv
                0x00013ce8       0x50 ./L4_IO/wireless/src/wireless.o
 .text.nrf_driver_send
                0x00013d38       0x58 ./L4_IO/wireless/src/wireless.o
 .text.nrf_irq_callback
                0x00013d90       0x34 ./L4_IO/wireless/src/wireless.o
 .text.nrf_driver_receive
                0x00013dc4       0x22 ./L4_IO/wireless/src/wireless.o
 .text.wireless_get_queued_pkt
                0x00013de6       0x64 ./L4_IO/wireless/src/wireless.o
 .text.nrf_driver_get_timer
                0x00013e4a       0x28 ./L4_IO/wireless/src/wireless.o
 *fill*         0x00013e72        0x2 ff
 .text.wireless_init
                0x00013e74       0x4c ./L4_IO/wireless/src/wireless.o
                0x00013e74                wireless_init
 .text.wireless_get_rx_pkt
                0x00013ec0       0x10 ./L4_IO/wireless/src/wireless.o
                0x00013ec0                wireless_get_rx_pkt
 .text.wireless_get_ack_pkt
                0x00013ed0       0x10 ./L4_IO/wireless/src/wireless.o
                0x00013ed0                wireless_get_ack_pkt
 .text.wireless_service
                0x00013ee0       0x4c ./L4_IO/wireless/src/wireless.o
                0x00013ee0                wireless_service
 .text._ZN11i2c2_device8writeRegEhh
                0x00013f2c        0xc ./L4_IO/src/io_source.o
                0x00013f2c                i2c2_device::writeReg(unsigned char, unsigned char)
 .text._ZN11i2c2_device16get16BitRegisterEh
                0x00013f38       0x2a ./L4_IO/src/io_source.o
                0x00013f38                i2c2_device::get16BitRegister(unsigned char)
 .text._ZN19Acceleration_Sensor4initEv
                0x00013f62       0x20 ./L4_IO/src/io_source.o
                0x00013f62                Acceleration_Sensor::init()
 *fill*         0x00013f82        0x2 ff
 .text._ZN9IR_Sensor11storeIrCodeEm
                0x00013f84       0x1c ./L4_IO/src/io_source.o
                0x00013f84                IR_Sensor::storeIrCode(unsigned long)
 .text._ZN9IR_Sensor12decodeIrCodeEv
                0x00013fa0       0x64 ./L4_IO/src/io_source.o
                0x00013fa0                IR_Sensor::decodeIrCode()
 .text._ZN9IR_Sensor4initEv
                0x00014004       0x34 ./L4_IO/src/io_source.o
                0x00014004                IR_Sensor::init()
 .text._ZN11LED_Display12setLeftDigitEc
                0x00014038       0x18 ./L4_IO/src/io_source.o
                0x00014038                LED_Display::setLeftDigit(char)
 .text._ZN11LED_Display13setRightDigitEc
                0x00014050       0x18 ./L4_IO/src/io_source.o
                0x00014050                LED_Display::setRightDigit(char)
 .text._ZN11LED_Display4initEv
                0x00014068       0x38 ./L4_IO/src/io_source.o
                0x00014068                LED_Display::init()
 .text._ZN11LED_Display9setNumberEc
                0x000140a0       0x3a ./L4_IO/src/io_source.o
                0x000140a0                LED_Display::setNumber(char)
 .text._ZN3LED4initEv
                0x000140da        0x4 ./L4_IO/src/io_source.o
                0x000140da                LED::init()
 *fill*         0x000140de        0x2 ff
 .text._ZN3LED6setAllEh
                0x000140e0       0x5c ./L4_IO/src/io_source.o
                0x000140e0                LED::setAll(unsigned char)
 .text._ZN12Light_Sensor4initEv
                0x0001413c        0x4 ./L4_IO/src/io_source.o
                0x0001413c                Light_Sensor::init()
 .text._ZN12Light_Sensor11getRawValueEv
                0x00014140        0x6 ./L4_IO/src/io_source.o
                0x00014140                Light_Sensor::getRawValue()
 .text._ZN12Light_Sensor15getPercentValueEv
                0x00014146       0x12 ./L4_IO/src/io_source.o
                0x00014146                Light_Sensor::getPercentValue()
 .text._ZN8Switches4initEv
                0x00014158        0x4 ./L4_IO/src/io_source.o
                0x00014158                Switches::init()
 .text._ZN8Switches15getSwitchValuesEv
                0x0001415c       0x18 ./L4_IO/src/io_source.o
                0x0001415c                Switches::getSwitchValues()
 .text._ZN8I2C_Temp4initEv
                0x00014174       0x22 ./L4_IO/src/io_source.o
                0x00014174                I2C_Temp::init()
 .text._ZN8I2C_Temp10getCelsiusEv
                0x00014196       0x30 ./L4_IO/src/io_source.o
                0x00014196                I2C_Temp::getCelsius()
 *fill*         0x000141c6        0x2 ff
 .text._ZN8I2C_Temp12getFarenheitEv
                0x000141c8       0x24 ./L4_IO/src/io_source.o
                0x000141c8                I2C_Temp::getFarenheit()
 .text._ZN7Storage4copyEPKcS1_PjS2_S2_
                0x000141ec       0xf4 ./L4_IO/src/storage.o
                0x000141ec                Storage::copy(char const*, char const*, unsigned int*, unsigned int*, unsigned int*)
 .text._ZN7Storage4readEPKcPvjj
                0x000142e0       0x44 ./L4_IO/src/storage.o
                0x000142e0                Storage::read(char const*, void*, unsigned int, unsigned int)
 .text._ZN7Storage5writeEPKcPvjj
                0x00014324       0x44 ./L4_IO/src/storage.o
                0x00014324                Storage::write(char const*, void*, unsigned int, unsigned int)
 .text._ZN7Storage6appendEPKcPKvjj
                0x00014368       0x48 ./L4_IO/src/storage.o
                0x00014368                Storage::append(char const*, void const*, unsigned int, unsigned int)
 .text.ff_convert
                0x000143b0       0x3c ./L4_IO/fat/option/ccsbcs.o
                0x000143b0                ff_convert
 .text.ff_wtoupper
                0x000143ec       0x24 ./L4_IO/fat/option/ccsbcs.o
                0x000143ec                ff_wtoupper
 .text.ff_cre_syncobj
                0x00014410       0x14 ./L4_IO/fat/option/reentrant.o
                0x00014410                ff_cre_syncobj
 .text.ff_del_syncobj
                0x00014424        0x4 ./L4_IO/fat/option/reentrant.o
                0x00014424                ff_del_syncobj
 .text.ff_req_grant
                0x00014428       0x26 ./L4_IO/fat/option/reentrant.o
                0x00014428                ff_req_grant
 .text.ff_rel_grant
                0x0001444e       0x1e ./L4_IO/fat/option/reentrant.o
                0x0001444e                ff_rel_grant
 .text.disk_initialize
                0x0001446c       0x26 ./L4_IO/fat/disk/diskio.o
                0x0001446c                disk_initialize
 .text.disk_status
                0x00014492       0x10 ./L4_IO/fat/disk/diskio.o
                0x00014492                disk_status
 .text.disk_read
                0x000144a2       0x38 ./L4_IO/fat/disk/diskio.o
                0x000144a2                disk_read
 .text.disk_write
                0x000144da       0x38 ./L4_IO/fat/disk/diskio.o
                0x000144da                disk_write
 .text.disk_ioctl
                0x00014512       0x32 ./L4_IO/fat/disk/diskio.o
                0x00014512                disk_ioctl
 .text.sys_get_uptime_ms
                0x00014544       0x12 ./L4_IO/fat/disk/sd.o
 *fill*         0x00014556        0x2 ff
 .text.ssp1_set_max_clock
                0x00014558       0x30 ./L4_IO/fat/disk/sd.o
 .text.ssp1_exchange_byte
                0x00014588       0x18 ./L4_IO/fat/disk/sd.o
 .text.wait_ready
                0x000145a0       0x2e ./L4_IO/fat/disk/sd.o
                0x000145a0                wait_ready
 *fill*         0x000145ce        0x2 ff
 .text.power_off
                0x000145d0       0x24 ./L4_IO/fat/disk/sd.o
                0x000145d0                power_off
 .text.rcvr_datablock
                0x000145f4       0x8c ./L4_IO/fat/disk/sd.o
                0x000145f4                rcvr_datablock
 .text.xmit_datablock
                0x00014680       0x4c ./L4_IO/fat/disk/sd.o
                0x00014680                xmit_datablock
 .text.send_cmd
                0x000146cc       0x90 ./L4_IO/fat/disk/sd.o
                0x000146cc                send_cmd
 .text.sd_update_card_status
                0x0001475c       0x24 ./L4_IO/fat/disk/sd.o
                0x0001475c                sd_update_card_status
 .text.sd_initialize
                0x00014780      0x170 ./L4_IO/fat/disk/sd.o
                0x00014780                sd_initialize
 .text.sd_status
                0x000148f0       0x10 ./L4_IO/fat/disk/sd.o
                0x000148f0                sd_status
 .text.sd_read  0x00014900       0x98 ./L4_IO/fat/disk/sd.o
                0x00014900                sd_read
 .text.sd_write
                0x00014998       0xb4 ./L4_IO/fat/disk/sd.o
                0x00014998                sd_write
 .text.sd_ioctl
                0x00014a4c      0x234 ./L4_IO/fat/disk/sd.o
                0x00014a4c                sd_ioctl
 .text._ZL24flash_get_mem_size_bytesv
                0x00014c80       0x20 ./L4_IO/fat/disk/spi_flash.o
 .text._ZL37flash_perform_page_io_of_fatfs_sectorPFvPhmmES_m
                0x00014ca0       0x74 ./L4_IO/fat/disk/spi_flash.o
 .text.ssp1_exchange_data
                0x00014d14       0xc4 ./L4_IO/fat/disk/spi_flash.o
 .text._ZL18flash_send_op_addr14flash_opcode_tm
                0x00014dd8       0x26 ./L4_IO/fat/disk/spi_flash.o
 *fill*         0x00014dfe        0x2 ff
 .text._ZL15flash_read_pagePhmm
                0x00014e00       0x44 ./L4_IO/fat/disk/spi_flash.o
 .text._ZL20flash_wait_for_readyv
                0x00014e44       0x44 ./L4_IO/fat/disk/spi_flash.o
 .text.flash_initialize
                0x00014e88       0x98 ./L4_IO/fat/disk/spi_flash.o
                0x00014e88                flash_initialize
 .text.flash_read_sectors
                0x00014f20       0x44 ./L4_IO/fat/disk/spi_flash.o
                0x00014f20                flash_read_sectors
 .text.flash_write_sectors
                0x00014f64       0x40 ./L4_IO/fat/disk/spi_flash.o
                0x00014f64                flash_write_sectors
 .text.flash_ioctl
                0x00014fa4       0x36 ./L4_IO/fat/disk/spi_flash.o
                0x00014fa4                flash_ioctl
 *fill*         0x00014fda        0x2 ff
 .text.flash_write_permanent_id
                0x00014fdc       0x44 ./L4_IO/fat/disk/spi_flash.o
                0x00014fdc                flash_write_permanent_id
 .text.flash_read_permanent_id
                0x00015020       0x28 ./L4_IO/fat/disk/spi_flash.o
                0x00015020                flash_read_permanent_id
 .text.flash_get_page_count
                0x00015048       0x20 ./L4_IO/fat/disk/spi_flash.o
                0x00015048                flash_get_page_count
 .text.flash_get_page_size
                0x00015068        0xc ./L4_IO/fat/disk/spi_flash.o
                0x00015068                flash_get_page_size
 .text.flash_supports_metadata
                0x00015074       0x10 ./L4_IO/fat/disk/spi_flash.o
                0x00015074                flash_supports_metadata
 .text._ZL16flash_write_pagePhmm
                0x00015084       0x8c ./L4_IO/fat/disk/spi_flash.o
 .text.flash_get_page_write_count
                0x00015110       0x54 ./L4_IO/fat/disk/spi_flash.o
                0x00015110                flash_get_page_write_count
 .text.flash_chip_erase
                0x00015164       0x2c ./L4_IO/fat/disk/spi_flash.o
                0x00015164                flash_chip_erase
 .text.get_fattime
                0x00015190       0x52 ./L4_IO/fat/fatfs_time.o
                0x00015190                get_fattime
 .text.mem_cpy  0x000151e2       0x38 ./L4_IO/fat/ff.o
 .text.mem_set  0x0001521a        0xe ./L4_IO/fat/ff.o
 .text.sum_sfn  0x00015228       0x1e ./L4_IO/fat/ff.o
 .text.get_ldnumber
                0x00015246       0x3c ./L4_IO/fat/ff.o
 .text.get_fileinfo
                0x00015282       0xc4 ./L4_IO/fat/ff.o
 .text.sync_window.part.1
                0x00015346       0x46 ./L4_IO/fat/ff.o
 .text.sync_window
                0x0001538c        0xc ./L4_IO/fat/ff.o
 .text.sync_fs  0x00015398       0x74 ./L4_IO/fat/ff.o
 .text.move_window
                0x0001540c       0x34 ./L4_IO/fat/ff.o
 .text.check_fs
                0x00015440       0x4c ./L4_IO/fat/ff.o
 .text.find_volume
                0x0001548c      0x23c ./L4_IO/fat/ff.o
 .text.validate
                0x000156c8       0x3a ./L4_IO/fat/ff.o
 .text.unlock_fs
                0x00015702       0x1a ./L4_IO/fat/ff.o
 .text.clust2sect
                0x0001571c       0x16 ./L4_IO/fat/ff.o
                0x0001571c                clust2sect
 .text.get_fat  0x00015732       0xa6 ./L4_IO/fat/ff.o
                0x00015732                get_fat
 .text.dir_sdi  0x000157d8       0x7e ./L4_IO/fat/ff.o
 .text.put_fat  0x00015856       0xd2 ./L4_IO/fat/ff.o
                0x00015856                put_fat
 .text.create_chain
                0x00015928       0xa2 ./L4_IO/fat/ff.o
 .text.dir_next
                0x000159ca       0xee ./L4_IO/fat/ff.o
 .text.dir_find.part.9
                0x00015ab8      0x124 ./L4_IO/fat/ff.o
 .text.follow_path
                0x00015bdc      0x268 ./L4_IO/fat/ff.o
 .text.dir_register
                0x00015e44      0x224 ./L4_IO/fat/ff.o
 .text.dir_remove
                0x00016068       0x5a ./L4_IO/fat/ff.o
 *fill*         0x000160c2        0x2 ff
 .text.dir_read.constprop.11
                0x000160c4       0xe8 ./L4_IO/fat/ff.o
 .text.remove_chain
                0x000161ac       0x58 ./L4_IO/fat/ff.o
 .text.f_mount  0x00016204       0x7c ./L4_IO/fat/ff.o
                0x00016204                f_mount
 .text.f_open   0x00016280      0x134 ./L4_IO/fat/ff.o
                0x00016280                f_open
 .text.f_read   0x000163b4      0x170 ./L4_IO/fat/ff.o
                0x000163b4                f_read
 .text.f_write  0x00016524      0x1a2 ./L4_IO/fat/ff.o
                0x00016524                f_write
 .text.f_sync   0x000166c6       0x8c ./L4_IO/fat/ff.o
                0x000166c6                f_sync
 .text.f_close  0x00016752       0x24 ./L4_IO/fat/ff.o
                0x00016752                f_close
 .text.f_lseek  0x00016776      0x14e ./L4_IO/fat/ff.o
                0x00016776                f_lseek
 .text.f_opendir
                0x000168c4       0x88 ./L4_IO/fat/ff.o
                0x000168c4                f_opendir
 .text.f_readdir
                0x0001694c       0x5e ./L4_IO/fat/ff.o
                0x0001694c                f_readdir
 .text.f_getfree
                0x000169aa       0xca ./L4_IO/fat/ff.o
                0x000169aa                f_getfree
 .text.f_unlink
                0x00016a74       0xba ./L4_IO/fat/ff.o
                0x00016a74                f_unlink
 .text.f_mkdir  0x00016b2e      0x152 ./L4_IO/fat/ff.o
                0x00016b2e                f_mkdir
 .text.f_rename
                0x00016c80      0x120 ./L4_IO/fat/ff.o
                0x00016c80                f_rename
 .text.f_mkfs   0x00016da0      0x4ec ./L4_IO/fat/ff.o
                0x00016da0                f_mkfs
 .text.c_list_for_each_elm
                0x0001728c       0x2a ./L3_Utils/src/c_list.o
                0x0001728c                c_list_for_each_elm
 *fill*         0x000172b6        0x2 ff
 .text._ZN16CommandProcessor10addHandlerEPFbR3strR7CharDevPvEPKcS8_S4_
                0x000172b8       0x7c ./L3_Utils/src/command_handler.o
                0x000172b8                CommandProcessor::addHandler(bool (*)(str&, CharDev&, void*), char const*, char const*, void*)
 .text._ZN16CommandProcessor24getRegisteredCommandListER7CharDev
                0x00017334       0x98 ./L3_Utils/src/command_handler.o
                0x00017334                CommandProcessor::getRegisteredCommandList(CharDev&)
 .text._ZN16CommandProcessor11getHelpTextER3strR7CharDev
                0x000173cc       0x70 ./L3_Utils/src/command_handler.o
                0x000173cc                CommandProcessor::getHelpText(str&, CharDev&)
 .text._ZN16CommandProcessor15prepareCmdParamER3strPKc
                0x0001743c       0x3c ./L3_Utils/src/command_handler.o
                0x0001743c                CommandProcessor::prepareCmdParam(str&, char const*)
 .text._ZN16CommandProcessor13handleCommandER3strR7CharDev
                0x00017478      0x14c ./L3_Utils/src/command_handler.o
                0x00017478                CommandProcessor::handleCommand(str&, CharDev&)
 .text.logger_get_buffer_ptr
                0x000175c4       0x44 ./L3_Utils/src/file_logger.o
 .text.logger_write_to_file
                0x00017608       0xb4 ./L3_Utils/src/file_logger.o
 .text.logger_task
                0x000176bc       0xd0 ./L3_Utils/src/file_logger.o
 .text.logger_write_log_message
                0x0001778c       0x48 ./L3_Utils/src/file_logger.o
 .text.logger_send_flush_request
                0x000177d4       0x34 ./L3_Utils/src/file_logger.o
                0x000177d4                logger_send_flush_request
 .text.logger_get_logged_call_count
                0x00017808       0x14 ./L3_Utils/src/file_logger.o
                0x00017808                logger_get_logged_call_count
 .text.logger_get_blocked_call_count
                0x0001781c        0xc ./L3_Utils/src/file_logger.o
                0x0001781c                logger_get_blocked_call_count
 .text.logger_get_highest_file_write_time_ms
                0x00017828        0xc ./L3_Utils/src/file_logger.o
                0x00017828                logger_get_highest_file_write_time_ms
 .text.logger_get_num_buffers_watermark
                0x00017834        0xc ./L3_Utils/src/file_logger.o
                0x00017834                logger_get_num_buffers_watermark
 .text.logger_init
                0x00017840       0xd4 ./L3_Utils/src/file_logger.o
                0x00017840                logger_init
 .text.logger_set_printf
                0x00017914       0x1c ./L3_Utils/src/file_logger.o
                0x00017914                logger_set_printf
 .text.logger_log
                0x00017930      0x134 ./L3_Utils/src/file_logger.o
                0x00017930                logger_log
 .text.logger_log_raw
                0x00017a64       0x40 ./L3_Utils/src/file_logger.o
                0x00017a64                logger_log_raw
 .text.u0_dbg_put
                0x00017aa4       0x1e ./L3_Utils/src/printf_lib.o
                0x00017aa4                u0_dbg_put
 .text.u0_dbg_printf
                0x00017ac2       0x3c ./L3_Utils/src/printf_lib.o
                0x00017ac2                u0_dbg_printf
 .text.for_each_recur_alarm_callback
                0x00017afe       0x24 ./L3_Utils/src/rtc_alarm.o
 .text.for_each_alarm_callback
                0x00017b22       0x5a ./L3_Utils/src/rtc_alarm.o
 .text.RTC_IRQHandler
                0x00017b7c       0xac ./L3_Utils/src/rtc_alarm.o
                0x00017b7c                RTC_IRQHandler
 .text.__sputc_r
                0x00017c28       0x2c ./L3_Utils/src/scheduler_task.o
 .text._ZL9dbg_printPKcS0_
                0x00017c54       0x34 ./L3_Utils/src/scheduler_task.o
 .text._ZL9printlinePKcS0_
                0x00017c88       0x38 ./L3_Utils/src/scheduler_task.o
 .text._Z24scheduler_c_task_privatePv
                0x00017cc0      0x120 ./L3_Utils/src/scheduler_task.o
                0x00017cc0                scheduler_c_task_private(void*)
 .text._Z18scheduler_init_allb
                0x00017de0       0xec ./L3_Utils/src/scheduler_task.o
                0x00017de0                scheduler_init_all(bool)
 .text._Z18scheduler_add_taskP14scheduler_task
                0x00017ecc       0x1c ./L3_Utils/src/scheduler_task.o
                0x00017ecc                scheduler_add_task(scheduler_task*)
 .text._Z15scheduler_startbb
                0x00017ee8       0x40 ./L3_Utils/src/scheduler_task.o
                0x00017ee8                scheduler_start(bool, bool)
 .text._ZN14scheduler_taskC2EPKcmhPv
                0x00017f28       0x34 ./L3_Utils/src/scheduler_task.o
                0x00017f28                scheduler_task::scheduler_task(char const*, unsigned long, unsigned char, void*)
                0x00017f28                scheduler_task::scheduler_task(char const*, unsigned long, unsigned char, void*)
 .text._ZN14scheduler_task15getSharedObjectEh
                0x00017f5c       0x18 ./L3_Utils/src/scheduler_task.o
                0x00017f5c                scheduler_task::getSharedObject(unsigned char)
 .text._ZN3strC2EPci
                0x00017f74       0x2a ./L3_Utils/src/str.o
                0x00017f74                str::str(char*, int)
                0x00017f74                str::str(char*, int)
 .text._ZN3strD2Ev
                0x00017f9e       0x24 ./L3_Utils/src/str.o
                0x00017f9e                str::~str()
                0x00017f9e                str::~str()
 .text._ZNK3str6getLenEv
                0x00017fc2        0x6 ./L3_Utils/src/str.o
                0x00017fc2                str::getLen() const
 .text._ZNK3str11getCapacityEv
                0x00017fc8        0x4 ./L3_Utils/src/str.o
                0x00017fc8                str::getCapacity() const
 .text._ZN3str5clearEv
                0x00017fcc        0x8 ./L3_Utils/src/str.o
                0x00017fcc                str::clear()
 .text._ZN3str5scanfEPKcz
                0x00017fd4       0x1c ./L3_Utils/src/str.o
                0x00017fd4                str::scanf(char const*, ...)
 .text._ZN3str8tokenizeEPKciz
                0x00017ff0       0x4c ./L3_Utils/src/str.o
                0x00017ff0                str::tokenize(char const*, int, ...)
 .text._ZNK3str9compareToEPKc
                0x0001803c       0x14 ./L3_Utils/src/str.o
                0x0001803c                str::compareTo(char const*) const
 .text._ZNK3str19compareToIgnoreCaseEPKc
                0x00018050       0x10 ./L3_Utils/src/str.o
                0x00018050                str::compareToIgnoreCase(char const*) const
 .text._ZNK3str22firstIndexOfIgnoreCaseEPKc
                0x00018060       0x80 ./L3_Utils/src/str.o
                0x00018060                str::firstIndexOfIgnoreCase(char const*) const
 .text._ZNK3str18containsIgnoreCaseEPKc
                0x000180e0        0xe ./L3_Utils/src/str.o
                0x000180e0                str::containsIgnoreCase(char const*) const
 .text._ZNK3str12firstIndexOfEPKc
                0x000180ee       0x16 ./L3_Utils/src/str.o
                0x000180ee                str::firstIndexOf(char const*) const
 .text._ZNK3str10beginsWithEPKc
                0x00018104       0x2e ./L3_Utils/src/str.o
                0x00018104                str::beginsWith(char const*) const
 .text._ZNK3str20beginsWithIgnoreCaseEPKc
                0x00018132       0x2e ./L3_Utils/src/str.o
                0x00018132                str::beginsWithIgnoreCase(char const*) const
 .text._ZNK3str29beginsWithWholeWordIgnoreCaseEPKcc
                0x00018160       0x38 ./L3_Utils/src/str.o
                0x00018160                str::beginsWithWholeWordIgnoreCase(char const*, char) const
 .text._ZN3str10eraseFirstEi
                0x00018198       0x28 ./L3_Utils/src/str.o
                0x00018198                str::eraseFirst(int)
 .text._ZN3str9eraseLastEi
                0x000181c0       0x20 ./L3_Utils/src/str.o
                0x000181c0                str::eraseLast(int)
 .text._ZN3str10eraseAfterEii
                0x000181e0       0x38 ./L3_Utils/src/str.o
                0x000181e0                str::eraseAfter(int, int)
 .text._ZN3str5eraseEPKc
                0x00018218       0x28 ./L3_Utils/src/str.o
                0x00018218                str::erase(char const*)
 .text._ZN3str15eraseFirstWordsEic
                0x00018240       0x2a ./L3_Utils/src/str.o
                0x00018240                str::eraseFirstWords(int, char)
 .text._ZN3str9trimStartEPKc
                0x0001826a       0x40 ./L3_Utils/src/str.o
                0x0001826a                str::trimStart(char const*)
 .text._ZN3str7trimEndEPKc
                0x000182aa       0x3a ./L3_Utils/src/str.o
                0x000182aa                str::trimEnd(char const*)
 .text._ZNK3streqEPKc
                0x000182e4        0x4 ./L3_Utils/src/str.o
                0x000182e4                str::operator==(char const*) const
 .text._ZNK3strclEv
                0x000182e8        0x4 ./L3_Utils/src/str.o
                0x000182e8                str::operator()() const
 .text._ZNK3strcviEv
                0x000182ec        0x6 ./L3_Utils/src/str.o
                0x000182ec                str::operator int() const
 .text._ZN3strixEi
                0x000182f2       0x14 ./L3_Utils/src/str.o
                0x000182f2                str::operator[](int)
 .text._ZN3str13reAllocateMemEi
                0x00018306       0x4c ./L3_Utils/src/str.o
                0x00018306                str::reAllocateMem(int)
 .text._ZN3str4initEi
                0x00018352       0x10 ./L3_Utils/src/str.o
                0x00018352                str::init(int)
 .text._ZN3strC2Ei
                0x00018362        0xc ./L3_Utils/src/str.o
                0x00018362                str::str(int)
                0x00018362                str::str(int)
 .text._ZN3str7reserveEi
                0x0001836e        0xe ./L3_Utils/src/str.o
                0x0001836e                str::reserve(int)
 .text._ZN3str6printfEPKcz
                0x0001837c       0x42 ./L3_Utils/src/str.o
                0x0001837c                str::printf(char const*, ...)
 .text._ZN3str26ensureMemoryToInsertNCharsEi
                0x000183be       0x22 ./L3_Utils/src/str.o
                0x000183be                str::ensureMemoryToInsertNChars(int)
 .text._ZN3str11insertAtEndEPKc
                0x000183e0       0x22 ./L3_Utils/src/str.o
                0x000183e0                str::insertAtEnd(char const*)
 .text._ZN3strpLEc
                0x00018402       0x1a ./L3_Utils/src/str.o
                0x00018402                str::operator+=(char)
 .text._ZN3str8copyFromEPKc
                0x0001841c       0x3c ./L3_Utils/src/str.o
                0x0001841c                str::copyFrom(char const*)
 .text._ZN3straSEPKc
                0x00018458        0x4 ./L3_Utils/src/str.o
                0x00018458                str::operator=(char const*)
 .text.delay_us
                0x0001845c       0x1c ./L3_Utils/src/utilities.o
                0x0001845c                delay_us
 .text.is_freertos_running
                0x00018478        0xe ./L3_Utils/src/utilities.o
                0x00018478                is_freertos_running
 .text.delay_ms
                0x00018486       0x22 ./L3_Utils/src/utilities.o
                0x00018486                delay_ms
 .text.adc0_start_conversion
                0x000184a8       0x24 ./L2_Drivers/src/adc.o
 .text.ADC_IRQHandler
                0x000184cc       0x48 ./L2_Drivers/src/adc.o
                0x000184cc                ADC_IRQHandler
 .text.adc0_init
                0x00018514       0x74 ./L2_Drivers/src/adc.o
                0x00018514                adc0_init
 .text.adc0_get_reading
                0x00018588       0x78 ./L2_Drivers/src/adc.o
                0x00018588                adc0_get_reading
 .text.CAN_tx_now
                0x00018600       0x32 ./L2_Drivers/src/can.o
 *fill*         0x00018632        0x2 ff
 .text.CAN_handle_isr
                0x00018634       0xa0 ./L2_Drivers/src/can.o
 .text.CAN_IRQHandler
                0x000186d4       0x28 ./L2_Drivers/src/can.o
                0x000186d4                CAN_IRQHandler
 .text.handle_eint_list
                0x000186fc       0x2c ./L2_Drivers/src/eint.o
 .text.eint3_enable.isra.0
                0x00018728       0x38 ./L2_Drivers/src/eint.o
 .text.EINT3_IRQHandler
                0x00018760       0x80 ./L2_Drivers/src/eint.o
                0x00018760                EINT3_IRQHandler
 .text.eint3_enable_port0
                0x000187e0       0x30 ./L2_Drivers/src/eint.o
                0x000187e0                eint3_enable_port0
 .text._ZN4I2C24initEj
                0x00018810       0x68 ./L2_Drivers/src/i2c2.o
                0x00018810                I2C2::init(unsigned int)
 .text._ZN4I2C2C2Ev
                0x00018878       0x14 ./L2_Drivers/src/i2c2.o
                0x00018878                I2C2::I2C2()
                0x00018878                I2C2::I2C2()
 .text.I2C2_IRQHandler
                0x0001888c       0x24 ./L2_Drivers/src/i2c2.o
                0x0001888c                I2C2_IRQHandler
 .text.RIT_IRQHandler
                0x000188b0       0x1c ./L2_Drivers/src/lpc_rit.o
                0x000188b0                RIT_IRQHandler
 .text.lpc_timer_get_struct
                0x000188cc       0x20 ./L2_Drivers/src/lpc_timers.o
 .text.lpc_timer_enable
                0x000188ec       0x54 ./L2_Drivers/src/lpc_timers.o
                0x000188ec                lpc_timer_enable
 .text._ZN12NordicStream5flushEv
                0x00018940       0x5c ./L2_Drivers/src/nrf_stream.o
                0x00018940                NordicStream::flush()
 .text._ZN12NordicStreamD2Ev
                0x0001899c       0x14 ./L2_Drivers/src/nrf_stream.o
                0x0001899c                NordicStream::~NordicStream()
                0x0001899c                NordicStream::~NordicStream()
 .text._ZN12NordicStreamD0Ev
                0x000189b0       0x12 ./L2_Drivers/src/nrf_stream.o
                0x000189b0                NordicStream::~NordicStream()
 .text._ZN12NordicStream7getCharEPcj
                0x000189c2       0x44 ./L2_Drivers/src/nrf_stream.o
                0x000189c2                NordicStream::getChar(char*, unsigned int)
 .text._ZN12NordicStream7putCharEcj
                0x00018a06       0x22 ./L2_Drivers/src/nrf_stream.o
                0x00018a06                NordicStream::putChar(char, unsigned int)
 .text._ZN12NordicStreamC2Ev
                0x00018a28       0x40 ./L2_Drivers/src/nrf_stream.o
                0x00018a28                NordicStream::NordicStream()
                0x00018a28                NordicStream::NordicStream()
 .text.rtc_gettime
                0x00018a68       0x50 ./L2_Drivers/src/rtc.o
                0x00018a68                rtc_gettime
 .text.rtc_settime
                0x00018ab8       0x68 ./L2_Drivers/src/rtc.o
                0x00018ab8                rtc_settime
 .text.rtc_init
                0x00018b20       0xd0 ./L2_Drivers/src/rtc.o
                0x00018b20                rtc_init
 .text.rtc_get_date_time_str
                0x00018bf0       0x14 ./L2_Drivers/src/rtc.o
                0x00018bf0                rtc_get_date_time_str
 .text.ssp1_dma_init
                0x00018c04       0x1c ./L2_Drivers/src/spi_dma.o
                0x00018c04                ssp1_dma_init
 .text.ssp1_dma_transfer_block
                0x00018c20       0xc4 ./L2_Drivers/src/spi_dma.o
                0x00018c20                ssp1_dma_transfer_block
 .text.spi1_lock
                0x00018ce4       0x30 ./L2_Drivers/src/spi_sem.o
                0x00018ce4                spi1_lock
 .text.spi1_unlock
                0x00018d14       0x24 ./L2_Drivers/src/spi_sem.o
                0x00018d14                spi1_unlock
 .text._ZN5Uart0D2Ev
                0x00018d38       0x14 ./L2_Drivers/src/uart0.o
                0x00018d38                Uart0::~Uart0()
                0x00018d38                Uart0::~Uart0()
 .text._ZN5Uart0D0Ev
                0x00018d4c       0x12 ./L2_Drivers/src/uart0.o
                0x00018d4c                Uart0::~Uart0()
 *fill*         0x00018d5e        0x2 ff
 .text._ZN5Uart04initEjii
                0x00018d60       0x40 ./L2_Drivers/src/uart0.o
                0x00018d60                Uart0::init(unsigned int, int, int)
 .text._ZN5Uart0C2Ev
                0x00018da0       0x1c ./L2_Drivers/src/uart0.o
                0x00018da0                Uart0::Uart0()
                0x00018da0                Uart0::Uart0()
 .text.UART0_IRQHandler
                0x00018dbc       0x24 ./L2_Drivers/src/uart0.o
                0x00018dbc                UART0_IRQHandler
 .text._ZN5Uart2D2Ev
                0x00018de0       0x14 ./L2_Drivers/src/uart2.o
                0x00018de0                Uart2::~Uart2()
                0x00018de0                Uart2::~Uart2()
 .text._ZN5Uart2D0Ev
                0x00018df4       0x12 ./L2_Drivers/src/uart2.o
                0x00018df4                Uart2::~Uart2()
 *fill*         0x00018e06        0x2 ff
 .text._ZN5Uart2C2Ev
                0x00018e08       0x1c ./L2_Drivers/src/uart2.o
                0x00018e08                Uart2::Uart2()
                0x00018e08                Uart2::Uart2()
 .text.UART2_IRQHandler
                0x00018e24       0x24 ./L2_Drivers/src/uart2.o
                0x00018e24                UART2_IRQHandler
 .text._ZN5Uart3D2Ev
                0x00018e48       0x14 ./L2_Drivers/src/uart3.o
                0x00018e48                Uart3::~Uart3()
                0x00018e48                Uart3::~Uart3()
 .text._ZN5Uart3D0Ev
                0x00018e5c       0x12 ./L2_Drivers/src/uart3.o
                0x00018e5c                Uart3::~Uart3()
 *fill*         0x00018e6e        0x2 ff
 .text._ZN5Uart3C2Ev
                0x00018e70       0x1c ./L2_Drivers/src/uart3.o
                0x00018e70                Uart3::Uart3()
                0x00018e70                Uart3::Uart3()
 .text.UART3_IRQHandler
                0x00018e8c       0x24 ./L2_Drivers/src/uart3.o
                0x00018e8c                UART3_IRQHandler
 .text._ZN7CharDev5flushEv
                0x00018eb0        0x4 ./L2_Drivers/base/char_dev.o
                0x00018eb0                CharDev::flush()
 .text._ZN7CharDev3putEPKcj
                0x00018eb4       0x28 ./L2_Drivers/base/char_dev.o
                0x00018eb4                CharDev::put(char const*, unsigned int)
 .text._ZN7CharDev7putlineEPKcj
                0x00018edc       0x1c ./L2_Drivers/base/char_dev.o
                0x00018edc                CharDev::putline(char const*, unsigned int)
 .text._ZN7CharDev4getsEPcij
                0x00018ef8       0x50 ./L2_Drivers/base/char_dev.o
                0x00018ef8                CharDev::gets(char*, int, unsigned int)
 .text._ZN7CharDev6printfEPKcz
                0x00018f48       0x78 ./L2_Drivers/base/char_dev.o
                0x00018f48                CharDev::printf(char const*, ...)
 .text._ZN7CharDevC2Ev
                0x00018fc0       0x20 ./L2_Drivers/base/char_dev.o
                0x00018fc0                CharDev::CharDev()
                0x00018fc0                CharDev::CharDev()
 .text._ZN7CharDevD2Ev
                0x00018fe0       0x18 ./L2_Drivers/base/char_dev.o
                0x00018fe0                CharDev::~CharDev()
                0x00018fe0                CharDev::~CharDev()
 .text._ZN8I2C_Base8transferEhhPhm
                0x00018ff8       0xe4 ./L2_Drivers/base/i2c_base.o
                0x00018ff8                I2C_Base::transfer(unsigned char, unsigned char, unsigned char*, unsigned long)
 .text._ZN8I2C_Base13readRegistersEhhPhm
                0x000190dc        0x8 ./L2_Drivers/base/i2c_base.o
                0x000190dc                I2C_Base::readRegisters(unsigned char, unsigned char, unsigned char*, unsigned long)
 .text._ZN8I2C_Base7readRegEhh
                0x000190e4       0x1a ./L2_Drivers/base/i2c_base.o
                0x000190e4                I2C_Base::readReg(unsigned char, unsigned char)
 .text._ZN8I2C_Base14writeRegistersEhhPhm
                0x000190fe        0x8 ./L2_Drivers/base/i2c_base.o
                0x000190fe                I2C_Base::writeRegisters(unsigned char, unsigned char, unsigned char*, unsigned long)
 .text._ZN8I2C_Base8writeRegEhhh
                0x00019106       0x16 ./L2_Drivers/base/i2c_base.o
                0x00019106                I2C_Base::writeReg(unsigned char, unsigned char, unsigned char)
 .text._ZN8I2C_Base19checkDeviceResponseEh
                0x0001911c       0x16 ./L2_Drivers/base/i2c_base.o
                0x0001911c                I2C_Base::checkDeviceResponse(unsigned char)
 *fill*         0x00019132        0x2 ff
 .text._ZN8I2C_BaseC2EP15LPC_I2C_TypeDef
                0x00019134       0x64 ./L2_Drivers/base/i2c_base.o
                0x00019134                I2C_Base::I2C_Base(LPC_I2C_TypeDef*)
                0x00019134                I2C_Base::I2C_Base(LPC_I2C_TypeDef*)
 .text._ZN8I2C_Base4initEmm
                0x00019198       0x90 ./L2_Drivers/base/i2c_base.o
                0x00019198                I2C_Base::init(unsigned long, unsigned long)
 .text._ZN8I2C_Base15i2cStateMachineEv
                0x00019228      0x148 ./L2_Drivers/base/i2c_base.o
                0x00019228                I2C_Base::i2cStateMachine()
 .text._ZN8I2C_Base20i2cSlaveStateMachineEv
                0x00019370      0x1dc ./L2_Drivers/base/i2c_base.o
                0x00019370                I2C_Base::i2cSlaveStateMachine()
 .text._ZN8I2C_Base15handleInterruptEv
                0x0001954c       0x48 ./L2_Drivers/base/i2c_base.o
                0x0001954c                I2C_Base::handleInterrupt()
 .text._ZN7UartDevD2Ev
                0x00019594       0x14 ./L2_Drivers/base/uart_dev.o
                0x00019594                UartDev::~UartDev()
                0x00019594                UartDev::~UartDev()
 .text._ZN7UartDevD0Ev
                0x000195a8       0x12 ./L2_Drivers/base/uart_dev.o
                0x000195a8                UartDev::~UartDev()
 .text._ZN7UartDev5flushEv
                0x000195ba       0x20 ./L2_Drivers/base/uart_dev.o
                0x000195ba                UartDev::flush()
 .text._ZN7UartDev7putCharEcj
                0x000195da       0x5a ./L2_Drivers/base/uart_dev.o
                0x000195da                UartDev::putChar(char, unsigned int)
 .text._ZN7UartDev7getCharEPcj
                0x00019634       0x6e ./L2_Drivers/base/uart_dev.o
                0x00019634                UartDev::getChar(char*, unsigned int)
 *fill*         0x000196a2        0x2 ff
 .text._ZN7UartDev11setBaudRateEj
                0x000196a4       0x3c ./L2_Drivers/base/uart_dev.o
                0x000196a4                UartDev::setBaudRate(unsigned int)
 .text._ZN7UartDev15handleInterruptEv
                0x000196e0       0xc0 ./L2_Drivers/base/uart_dev.o
                0x000196e0                UartDev::handleInterrupt()
 .text._ZN7UartDevC2EPj
                0x000197a0       0x28 ./L2_Drivers/base/uart_dev.o
                0x000197a0                UartDev::UartDev(unsigned int*)
                0x000197a0                UartDev::UartDev(unsigned int*)
 .text._ZN7UartDev4initEjjii
                0x000197c8       0xb0 ./L2_Drivers/base/uart_dev.o
                0x000197c8                UartDev::init(unsigned int, unsigned int, int, int)
 .text.xEventGroupCreate
                0x00019878       0x1a ./L1_FreeRTOS/src/event_groups.o
                0x00019878                xEventGroupCreate
 *fill*         0x00019892        0x2 ff
 .text.xEventGroupWaitBits
                0x00019894       0xb8 ./L1_FreeRTOS/src/event_groups.o
                0x00019894                xEventGroupWaitBits
 .text.xEventGroupSetBits
                0x0001994c       0x58 ./L1_FreeRTOS/src/event_groups.o
                0x0001994c                xEventGroupSetBits
 .text.vListInitialise
                0x000199a4       0x16 ./L1_FreeRTOS/src/list.o
                0x000199a4                vListInitialise
 .text.vListInitialiseItem
                0x000199ba        0x6 ./L1_FreeRTOS/src/list.o
                0x000199ba                vListInitialiseItem
 .text.vListInsertEnd
                0x000199c0       0x18 ./L1_FreeRTOS/src/list.o
                0x000199c0                vListInsertEnd
 .text.vListInsert
                0x000199d8       0x30 ./L1_FreeRTOS/src/list.o
                0x000199d8                vListInsert
 .text.uxListRemove
                0x00019a08       0x20 ./L1_FreeRTOS/src/list.o
                0x00019a08                uxListRemove
 .text.prvCopyDataToQueue
                0x00019a28       0x70 ./L1_FreeRTOS/src/queue.o
 .text.prvNotifyQueueSetContainer
                0x00019a98       0x4a ./L1_FreeRTOS/src/queue.o
 .text.prvCopyDataFromQueue
                0x00019ae2       0x28 ./L1_FreeRTOS/src/queue.o
 .text.prvUnlockQueue
                0x00019b0a       0x7c ./L1_FreeRTOS/src/queue.o
 *fill*         0x00019b86        0x2 ff
 .text.xQueueGenericReset
                0x00019b88       0x6c ./L1_FreeRTOS/src/queue.o
                0x00019b88                xQueueGenericReset
 .text.xQueueGenericCreate
                0x00019bf4       0x32 ./L1_FreeRTOS/src/queue.o
                0x00019bf4                xQueueGenericCreate
 .text.xQueueCreateCountingSemaphore
                0x00019c26       0x12 ./L1_FreeRTOS/src/queue.o
                0x00019c26                xQueueCreateCountingSemaphore
 .text.xQueueGenericSend
                0x00019c38      0x108 ./L1_FreeRTOS/src/queue.o
                0x00019c38                xQueueGenericSend
 .text.xQueueCreateMutex
                0x00019d40       0x24 ./L1_FreeRTOS/src/queue.o
                0x00019d40                xQueueCreateMutex
 .text.xQueueGenericSendFromISR
                0x00019d64       0x7c ./L1_FreeRTOS/src/queue.o
                0x00019d64                xQueueGenericSendFromISR
 .text.xQueueGiveFromISR
                0x00019de0       0x62 ./L1_FreeRTOS/src/queue.o
                0x00019de0                xQueueGiveFromISR
 *fill*         0x00019e42        0x2 ff
 .text.xQueueGenericReceive
                0x00019e44      0x134 ./L1_FreeRTOS/src/queue.o
                0x00019e44                xQueueGenericReceive
 .text.xQueueReceiveFromISR
                0x00019f78       0x64 ./L1_FreeRTOS/src/queue.o
                0x00019f78                xQueueReceiveFromISR
 .text.uxQueueMessagesWaiting
                0x00019fdc       0x12 ./L1_FreeRTOS/src/queue.o
                0x00019fdc                uxQueueMessagesWaiting
 .text.uxQueueMessagesWaitingFromISR
                0x00019fee        0x4 ./L1_FreeRTOS/src/queue.o
                0x00019fee                uxQueueMessagesWaitingFromISR
 .text.xQueueSelectFromSet
                0x00019ff2       0x18 ./L1_FreeRTOS/src/queue.o
                0x00019ff2                xQueueSelectFromSet
 .text.prvResetRunTimeStatsInList
                0x0001a00a       0x32 ./L1_FreeRTOS/src/tasks.o
 .text.prvIdleTask
                0x0001a03c       0x28 ./L1_FreeRTOS/src/tasks.o
 .text.prvTaskIsTaskSuspended
                0x0001a064       0x24 ./L1_FreeRTOS/src/tasks.o
 .text.prvResetNextTaskUnblockTime
                0x0001a088       0x24 ./L1_FreeRTOS/src/tasks.o
 .text.prvAddCurrentTaskToDelayedList
                0x0001a0ac       0x90 ./L1_FreeRTOS/src/tasks.o
 .text.xTaskCreate
                0x0001a13c      0x1a4 ./L1_FreeRTOS/src/tasks.o
                0x0001a13c                xTaskCreate
 .text.eTaskGetState
                0x0001a2e0       0x54 ./L1_FreeRTOS/src/tasks.o
                0x0001a2e0                eTaskGetState
 .text.vTaskResume
                0x0001a334       0x74 ./L1_FreeRTOS/src/tasks.o
                0x0001a334                vTaskResume
 .text.vTaskStartScheduler
                0x0001a3a8       0x64 ./L1_FreeRTOS/src/tasks.o
                0x0001a3a8                vTaskStartScheduler
 .text.vTaskEndScheduler
                0x0001a40c       0x20 ./L1_FreeRTOS/src/tasks.o
                0x0001a40c                vTaskEndScheduler
 .text.vTaskSuspendAll
                0x0001a42c       0x10 ./L1_FreeRTOS/src/tasks.o
                0x0001a42c                vTaskSuspendAll
 .text.xTaskGetTickCount
                0x0001a43c        0xc ./L1_FreeRTOS/src/tasks.o
                0x0001a43c                xTaskGetTickCount
 .text.xTaskGetTickCountFromISR
                0x0001a448        0xc ./L1_FreeRTOS/src/tasks.o
                0x0001a448                xTaskGetTickCountFromISR
 .text.uxTaskGetNumberOfTasks
                0x0001a454        0xc ./L1_FreeRTOS/src/tasks.o
                0x0001a454                uxTaskGetNumberOfTasks
 .text.xTaskIncrementTick
                0x0001a460      0x118 ./L1_FreeRTOS/src/tasks.o
                0x0001a460                xTaskIncrementTick
 .text.xTaskResumeAll
                0x0001a578       0xdc ./L1_FreeRTOS/src/tasks.o
                0x0001a578                xTaskResumeAll
 .text.vTaskDelayUntil
                0x0001a654       0x58 ./L1_FreeRTOS/src/tasks.o
                0x0001a654                vTaskDelayUntil
 .text.vTaskDelay
                0x0001a6ac       0x30 ./L1_FreeRTOS/src/tasks.o
                0x0001a6ac                vTaskDelay
 .text.vTaskSwitchContext
                0x0001a6dc       0xb8 ./L1_FreeRTOS/src/tasks.o
                0x0001a6dc                vTaskSwitchContext
 .text.vTaskSuspend
                0x0001a794       0xb4 ./L1_FreeRTOS/src/tasks.o
                0x0001a794                vTaskSuspend
 .text.vTaskPlaceOnEventList
                0x0001a848       0x20 ./L1_FreeRTOS/src/tasks.o
                0x0001a848                vTaskPlaceOnEventList
 .text.vTaskPlaceOnUnorderedEventList
                0x0001a868       0x28 ./L1_FreeRTOS/src/tasks.o
                0x0001a868                vTaskPlaceOnUnorderedEventList
 .text.xTaskRemoveFromEventList
                0x0001a890       0x70 ./L1_FreeRTOS/src/tasks.o
                0x0001a890                xTaskRemoveFromEventList
 .text.xTaskRemoveFromUnorderedEventList
                0x0001a900       0x5c ./L1_FreeRTOS/src/tasks.o
                0x0001a900                xTaskRemoveFromUnorderedEventList
 .text.vTaskSetTimeOutState
                0x0001a95c       0x18 ./L1_FreeRTOS/src/tasks.o
                0x0001a95c                vTaskSetTimeOutState
 .text.xTaskCheckForTimeOut
                0x0001a974       0x4c ./L1_FreeRTOS/src/tasks.o
                0x0001a974                xTaskCheckForTimeOut
 .text.vTaskMissedYield
                0x0001a9c0        0xc ./L1_FreeRTOS/src/tasks.o
                0x0001a9c0                vTaskMissedYield
 .text.vTaskGetInfo
                0x0001a9cc       0x80 ./L1_FreeRTOS/src/tasks.o
                0x0001a9cc                vTaskGetInfo
 .text.prvListTasksWithinSingleList
                0x0001aa4c       0x5e ./L1_FreeRTOS/src/tasks.o
 *fill*         0x0001aaaa        0x2 ff
 .text.uxTaskGetSystemState
                0x0001aaac       0x9c ./L1_FreeRTOS/src/tasks.o
                0x0001aaac                uxTaskGetSystemState
 .text.uxTaskGetStackHighWaterMark
                0x0001ab48       0x20 ./L1_FreeRTOS/src/tasks.o
                0x0001ab48                uxTaskGetStackHighWaterMark
 .text.xTaskGetSchedulerState
                0x0001ab68       0x20 ./L1_FreeRTOS/src/tasks.o
                0x0001ab68                xTaskGetSchedulerState
 .text.vTaskPriorityInherit
                0x0001ab88       0x94 ./L1_FreeRTOS/src/tasks.o
                0x0001ab88                vTaskPriorityInherit
 .text.xTaskPriorityDisinherit
                0x0001ac1c       0x70 ./L1_FreeRTOS/src/tasks.o
                0x0001ac1c                xTaskPriorityDisinherit
 .text.uxTaskResetEventItemValue
                0x0001ac8c       0x18 ./L1_FreeRTOS/src/tasks.o
                0x0001ac8c                uxTaskResetEventItemValue
 .text.pvTaskIncrementMutexHeldCount
                0x0001aca4       0x18 ./L1_FreeRTOS/src/tasks.o
                0x0001aca4                pvTaskIncrementMutexHeldCount
 .text.vTaskResetRunTimeStats
                0x0001acbc       0x70 ./L1_FreeRTOS/src/tasks.o
                0x0001acbc                vTaskResetRunTimeStats
 .text.vRunTimeStatIsrEntry
                0x0001ad2c       0x28 ./L1_FreeRTOS/src/tasks.o
                0x0001ad2c                vRunTimeStatIsrEntry
 .text.vRunTimeStatIsrExit
                0x0001ad54       0x10 ./L1_FreeRTOS/src/tasks.o
                0x0001ad54                vRunTimeStatIsrExit
 .text.prvTaskExitError
                0x0001ad64       0x12 ./L1_FreeRTOS/portable/no_mpu/port.o
 *fill*         0x0001ad76        0x2 ff
 .text.prvPortStartFirstTask
                0x0001ad78       0x20 ./L1_FreeRTOS/portable/no_mpu/port.o
 .text.pxPortInitialiseStack
                0x0001ad98       0x24 ./L1_FreeRTOS/portable/no_mpu/port.o
                0x0001ad98                pxPortInitialiseStack
 *fill*         0x0001adbc        0x4 ff
 .text.vPortSVCHandler
                0x0001adc0       0x24 ./L1_FreeRTOS/portable/no_mpu/port.o
                0x0001adc0                vPortSVCHandler
 .text.vPortEndScheduler
                0x0001ade4        0x2 ./L1_FreeRTOS/portable/no_mpu/port.o
                0x0001ade4                vPortEndScheduler
 *fill*         0x0001ade6        0x2 ff
 .text.vPortEnterCritical
                0x0001ade8       0x20 ./L1_FreeRTOS/portable/no_mpu/port.o
                0x0001ade8                vPortEnterCritical
 .text.vPortExitCritical
                0x0001ae08       0x14 ./L1_FreeRTOS/portable/no_mpu/port.o
                0x0001ae08                vPortExitCritical
 *fill*         0x0001ae1c        0x4 ff
 .text.xPortPendSVHandler
                0x0001ae20       0x44 ./L1_FreeRTOS/portable/no_mpu/port.o
                0x0001ae20                xPortPendSVHandler
 .text.xPortSysTickHandler
                0x0001ae64       0x2c ./L1_FreeRTOS/portable/no_mpu/port.o
                0x0001ae64                xPortSysTickHandler
 .text.vPortSetupTimerInterrupt
                0x0001ae90       0x14 ./L1_FreeRTOS/portable/no_mpu/port.o
                0x0001ae90                vPortSetupTimerInterrupt
 .text.xPortStartScheduler
                0x0001aea4       0x30 ./L1_FreeRTOS/portable/no_mpu/port.o
                0x0001aea4                xPortStartScheduler
 .text.rts_not_full_trace_init
                0x0001aed4       0x14 ./L1_FreeRTOS/portable/run_time_stats.o
                0x0001aed4                rts_not_full_trace_init
 .text.rts_not_full_trace_get
                0x0001aee8       0x14 ./L1_FreeRTOS/portable/run_time_stats.o
                0x0001aee8                rts_not_full_trace_get
 .text.rts_not_full_trace_reset
                0x0001aefc       0x14 ./L1_FreeRTOS/portable/run_time_stats.o
                0x0001aefc                rts_not_full_trace_reset
 .text.vApplicationIdleHook
                0x0001af10        0x4 ./L1_FreeRTOS/hooks/hooks.o
                0x0001af10                vApplicationIdleHook
 .text.vApplicationStackOverflowHook
                0x0001af14       0x38 ./L1_FreeRTOS/hooks/hooks.o
                0x0001af14                vApplicationStackOverflowHook
 .text.vApplicationMallocFailedHook
                0x0001af4c       0x24 ./L1_FreeRTOS/hooks/hooks.o
                0x0001af4c                vApplicationMallocFailedHook
 .text.pvPortMalloc
                0x0001af70       0x1e ./L1_FreeRTOS/MemMang/freertos_mem_man.o
                0x0001af70                pvPortMalloc
 .text.vPortFree
                0x0001af8e       0x1a ./L1_FreeRTOS/MemMang/freertos_mem_man.o
                0x0001af8e                vPortFree
 .text.__set_PSP
                0x0001afa8        0x6 ./L0_LowLevel/source/core_cm3.o
                0x0001afa8                __set_PSP
 .text.__set_MSP
                0x0001afae        0x6 ./L0_LowLevel/source/core_cm3.o
                0x0001afae                __set_MSP
 .text.__set_BASEPRI
                0x0001afb4        0x6 ./L0_LowLevel/source/core_cm3.o
                0x0001afb4                __set_BASEPRI
 *fill*         0x0001afba        0x2 ff
 .text.sys_get_boot_type
                0x0001afbc        0xc ./L0_LowLevel/source/low_level_init.o
                0x0001afbc                sys_get_boot_type
 .text.sys_get_boot_time
                0x0001afc8       0x14 ./L0_LowLevel/source/low_level_init.o
                0x0001afc8                sys_get_boot_time
 .text._Z14low_level_initv
                0x0001afdc      0x238 ./L0_LowLevel/source/low_level_init.o
                0x0001afdc                low_level_init()
 .text.lpc_pconp
                0x0001b214       0x30 ./L0_LowLevel/source/lpc_peripherals.o
                0x0001b214                lpc_pconp
 .text.lpc_pclk
                0x0001b244       0x48 ./L0_LowLevel/source/lpc_peripherals.o
                0x0001b244                lpc_pclk
 .text.lpc_sys_setup_system_timer
                0x0001b28c       0x54 ./L0_LowLevel/source/lpc_sys.o
                0x0001b28c                lpc_sys_setup_system_timer
 .text.sys_get_uptime_us
                0x0001b2e0       0x2c ./L0_LowLevel/source/lpc_sys.o
                0x0001b2e0                sys_get_uptime_us
 .text.sys_get_mem_info_str
                0x0001b30c       0x38 ./L0_LowLevel/source/lpc_sys.o
                0x0001b30c                sys_get_mem_info_str
 .text.TIMER1_IRQHandler
                0x0001b344       0xbc ./L0_LowLevel/source/lpc_sys.o
                0x0001b344                TIMER1_IRQHandler
 .text.isr_forwarder_routine
                0x0001b400       0x3c ./L0_LowLevel/source/startup.o
 .text.isr_hard_fault_handler
                0x0001b43c       0x58 ./L0_LowLevel/source/startup.o
                0x0001b43c                isr_hard_fault_handler
 .text._ZL19sys_clock_pll0_feedv
                0x0001b494       0x14 ./L0_LowLevel/source/sys_clock.o
 .text._ZL23sys_clock_configure_plljjPiS_S_.constprop.0
                0x0001b4a8       0x78 ./L0_LowLevel/source/sys_clock.o
 .text._Z19sys_clock_configurev
                0x0001b520       0xb4 ./L0_LowLevel/source/sys_clock.o
                0x0001b520                sys_clock_configure()
 .text.sys_get_cpu_clock
                0x0001b5d4       0xa4 ./L0_LowLevel/source/sys_clock.o
                0x0001b5d4                sys_get_cpu_clock
 .text.uart0_init
                0x0001b678       0x60 ./L0_LowLevel/source/uart0_min.o
                0x0001b678                uart0_init
 .text.uart0_getchar
                0x0001b6d8       0x18 ./L0_LowLevel/source/uart0_min.o
                0x0001b6d8                uart0_getchar
 .text.uart0_putchar
                0x0001b6f0       0x18 ./L0_LowLevel/source/uart0_min.o
                0x0001b6f0                uart0_putchar
 .text.uart0_puts
                0x0001b708       0x1a ./L0_LowLevel/source/uart0_min.o
                0x0001b708                uart0_puts
 *fill*         0x0001b722        0x2 ff
 .text._ZN10__cxxabiv120__si_class_type_infoD2Ev
                0x0001b724       0x14 c:/sjsudev_v2/toolchain/bin/../lib/gcc/arm-none-eabi/5.4.1/../../../../arm-none-eabi/lib/armv7-m\libstdc++_nano.a(si_class_type_info.o)
                0x0001b724                __cxxabiv1::__si_class_type_info::~__si_class_type_info()
                0x0001b724                __cxxabiv1::__si_class_type_info::~__si_class_type_info()
 .text._ZN10__cxxabiv120__si_class_type_infoD0Ev
                0x0001b738       0x12 c:/sjsudev_v2/toolchain/bin/../lib/gcc/arm-none-eabi/5.4.1/../../../../arm-none-eabi/lib/armv7-m\libstdc++_nano.a(si_class_type_info.o)
                0x0001b738                __cxxabiv1::__si_class_type_info::~__si_class_type_info()
 .text._ZNK10__cxxabiv120__si_class_type_info12__do_dyncastEiNS_17__class_type_info10__sub_kindEPKS1_PKvS4_S6_RNS1_16__dyncast_resultE
                0x0001b74a       0x7c c:/sjsudev_v2/toolchain/bin/../lib/gcc/arm-none-eabi/5.4.1/../../../../arm-none-eabi/lib/armv7-m\libstdc++_nano.a(si_class_type_info.o)
                0x0001b74a                __cxxabiv1::__si_class_type_info::__do_dyncast(int, __cxxabiv1::__class_type_info::__sub_kind, __cxxabiv1::__class_type_info const*, void const*, __cxxabiv1::__class_type_info const*, void const*, __cxxabiv1::__class_type_info::__dyncast_result&) const
 .text._ZNK10__cxxabiv120__si_class_type_info20__do_find_public_srcEiPKvPKNS_17__class_type_infoES2_
                0x0001b7c6       0x38 c:/sjsudev_v2/toolchain/bin/../lib/gcc/arm-none-eabi/5.4.1/../../../../arm-none-eabi/lib/armv7-m\libstdc++_nano.a(si_class_type_info.o)
                0x0001b7c6                __cxxabiv1::__si_class_type_info::__do_find_public_src(int, void const*, __cxxabiv1::__class_type_info const*, void const*) const
 .text._ZNK10__cxxabiv120__si_class_type_info11__do_upcastEPKNS_17__class_type_infoEPKvRNS1_15__upcast_resultE
                0x0001b7fe       0x2a c:/sjsudev_v2/toolchain/bin/../lib/gcc/arm-none-eabi/5.4.1/../../../../arm-none-eabi/lib/armv7-m\libstdc++_nano.a(si_class_type_info.o)
                0x0001b7fe                __cxxabiv1::__si_class_type_info::__do_upcast(__cxxabiv1::__class_type_info const*, void const*, __cxxabiv1::__class_type_info::__upcast_result&) const
 .text._ZN10__cxxabiv121__vmi_class_type_infoD2Ev
                0x0001b828       0x14 c:/sjsudev_v2/toolchain/bin/../lib/gcc/arm-none-eabi/5.4.1/../../../../arm-none-eabi/lib/armv7-m\libstdc++_nano.a(vmi_class_type_info.o)
                0x0001b828                __cxxabiv1::__vmi_class_type_info::~__vmi_class_type_info()
                0x0001b828                __cxxabiv1::__vmi_class_type_info::~__vmi_class_type_info()
 .text._ZN10__cxxabiv121__vmi_class_type_infoD0Ev
                0x0001b83c       0x12 c:/sjsudev_v2/toolchain/bin/../lib/gcc/arm-none-eabi/5.4.1/../../../../arm-none-eabi/lib/armv7-m\libstdc++_nano.a(vmi_class_type_info.o)
                0x0001b83c                __cxxabiv1::__vmi_class_type_info::~__vmi_class_type_info()
 .text._ZNK10__cxxabiv121__vmi_class_type_info20__do_find_public_srcEiPKvPKNS_17__class_type_infoES2_
                0x0001b84e       0x74 c:/sjsudev_v2/toolchain/bin/../lib/gcc/arm-none-eabi/5.4.1/../../../../arm-none-eabi/lib/armv7-m\libstdc++_nano.a(vmi_class_type_info.o)
                0x0001b84e                __cxxabiv1::__vmi_class_type_info::__do_find_public_src(int, void const*, __cxxabiv1::__class_type_info const*, void const*) const
 .text._ZNK10__cxxabiv117__class_type_info17__find_public_srcEiPKvPKS0_S2_
                0x0001b8c2       0x2a c:/sjsudev_v2/toolchain/bin/../lib/gcc/arm-none-eabi/5.4.1/../../../../arm-none-eabi/lib/armv7-m\libstdc++_nano.a(vmi_class_type_info.o)
                0x0001b8c2                __cxxabiv1::__class_type_info::__find_public_src(int, void const*, __cxxabiv1::__class_type_info const*, void const*) const
 .text._ZNK10__cxxabiv121__vmi_class_type_info12__do_dyncastEiNS_17__class_type_info10__sub_kindEPKS1_PKvS4_S6_RNS1_16__dyncast_resultE
                0x0001b8ec      0x28e c:/sjsudev_v2/toolchain/bin/../lib/gcc/arm-none-eabi/5.4.1/../../../../arm-none-eabi/lib/armv7-m\libstdc++_nano.a(vmi_class_type_info.o)
                0x0001b8ec                __cxxabiv1::__vmi_class_type_info::__do_dyncast(int, __cxxabiv1::__class_type_info::__sub_kind, __cxxabiv1::__class_type_info const*, void const*, __cxxabiv1::__class_type_info const*, void const*, __cxxabiv1::__class_type_info::__dyncast_result&) const
 .text._ZNK10__cxxabiv121__vmi_class_type_info11__do_upcastEPKNS_17__class_type_infoEPKvRNS1_15__upcast_resultE
                0x0001bb7a      0x12c c:/sjsudev_v2/toolchain/bin/../lib/gcc/arm-none-eabi/5.4.1/../../../../arm-none-eabi/lib/armv7-m\libstdc++_nano.a(vmi_class_type_info.o)
                0x0001bb7a                __cxxabiv1::__vmi_class_type_info::__do_upcast(__cxxabiv1::__class_type_info const*, void const*, __cxxabiv1::__class_type_info::__upcast_result&) const
 .text._ZNSt9type_infoD2Ev
                0x0001bca6        0x2 c:/sjsudev_v2/toolchain/bin/../lib/gcc/arm-none-eabi/5.4.1/../../../../arm-none-eabi/lib/armv7-m\libstdc++_nano.a(tinfo.o)
                0x0001bca6                std::type_info::~type_info()
                0x0001bca6                std::type_info::~type_info()
 .text._ZNKSt9type_info15__is_function_pEv
                0x0001bca8        0x4 c:/sjsudev_v2/toolchain/bin/../lib/gcc/arm-none-eabi/5.4.1/../../../../arm-none-eabi/lib/armv7-m\libstdc++_nano.a(tinfo.o)
                0x0001bca8                std::type_info::__is_pointer_p() const
                0x0001bca8                std::type_info::__is_function_p() const
 .text._ZNKSt9type_infoeqERKS_
                0x0001bcac       0x2c c:/sjsudev_v2/toolchain/bin/../lib/gcc/arm-none-eabi/5.4.1/../../../../arm-none-eabi/lib/armv7-m\libstdc++_nano.a(tinfo.o)
                0x0001bcac                std::type_info::operator==(std::type_info const&) const
 .text._ZNK10__cxxabiv117__class_type_info11__do_upcastEPKS0_PPv
                0x0001bcd8       0x34 c:/sjsudev_v2/toolchain/bin/../lib/gcc/arm-none-eabi/5.4.1/../../../../arm-none-eabi/lib/armv7-m\libstdc++_nano.a(class_type_info.o)
                0x0001bcd8                __cxxabiv1::__class_type_info::__do_upcast(__cxxabiv1::__class_type_info const*, void**) const
 .text._ZNK10__cxxabiv117__class_type_info20__do_find_public_srcEiPKvPKS0_S2_
                0x0001bd0c        0xc c:/sjsudev_v2/toolchain/bin/../lib/gcc/arm-none-eabi/5.4.1/../../../../arm-none-eabi/lib/armv7-m\libstdc++_nano.a(class_type_info.o)
                0x0001bd0c                __cxxabiv1::__class_type_info::__do_find_public_src(int, void const*, __cxxabiv1::__class_type_info const*, void const*) const
 .text._ZN10__cxxabiv117__class_type_infoD2Ev
                0x0001bd18       0x14 c:/sjsudev_v2/toolchain/bin/../lib/gcc/arm-none-eabi/5.4.1/../../../../arm-none-eabi/lib/armv7-m\libstdc++_nano.a(class_type_info.o)
                0x0001bd18                __cxxabiv1::__class_type_info::~__class_type_info()
                0x0001bd18                __cxxabiv1::__class_type_info::~__class_type_info()
 .text._ZN10__cxxabiv117__class_type_infoD0Ev
                0x0001bd2c       0x12 c:/sjsudev_v2/toolchain/bin/../lib/gcc/arm-none-eabi/5.4.1/../../../../arm-none-eabi/lib/armv7-m\libstdc++_nano.a(class_type_info.o)
                0x0001bd2c                __cxxabiv1::__class_type_info::~__class_type_info()
 .text._ZNK10__cxxabiv117__class_type_info11__do_upcastEPKS0_PKvRNS0_15__upcast_resultE
                0x0001bd3e       0x18 c:/sjsudev_v2/toolchain/bin/../lib/gcc/arm-none-eabi/5.4.1/../../../../arm-none-eabi/lib/armv7-m\libstdc++_nano.a(class_type_info.o)
                0x0001bd3e                __cxxabiv1::__class_type_info::__do_upcast(__cxxabiv1::__class_type_info const*, void const*, __cxxabiv1::__class_type_info::__upcast_result&) const
 .text._ZNK10__cxxabiv117__class_type_info12__do_dyncastEiNS0_10__sub_kindEPKS0_PKvS3_S5_RNS0_16__dyncast_resultE
                0x0001bd56       0x38 c:/sjsudev_v2/toolchain/bin/../lib/gcc/arm-none-eabi/5.4.1/../../../../arm-none-eabi/lib/armv7-m\libstdc++_nano.a(class_type_info.o)
                0x0001bd56                __cxxabiv1::__class_type_info::__do_dyncast(int, __cxxabiv1::__class_type_info::__sub_kind, __cxxabiv1::__class_type_info const*, void const*, __cxxabiv1::__class_type_info const*, void const*, __cxxabiv1::__class_type_info::__dyncast_result&) const
 .text._ZNK10__cxxabiv117__class_type_info10__do_catchEPKSt9type_infoPPvj
                0x0001bd8e       0x2a c:/sjsudev_v2/toolchain/bin/../lib/gcc/arm-none-eabi/5.4.1/../../../../arm-none-eabi/lib/armv7-m\libstdc++_nano.a(class_type_info.o)
                0x0001bd8e                __cxxabiv1::__class_type_info::__do_catch(std::type_info const*, void**, unsigned int) const
 .text.__cxa_guard_acquire
                0x0001bdb8       0x18 c:/sjsudev_v2/toolchain/bin/../lib/gcc/arm-none-eabi/5.4.1/../../../../arm-none-eabi/lib/armv7-m\libstdc++_nano.a(guard.o)
                0x0001bdb8                __cxa_guard_acquire
 .text.__cxa_guard_release
                0x0001bdd0        0x6 c:/sjsudev_v2/toolchain/bin/../lib/gcc/arm-none-eabi/5.4.1/../../../../arm-none-eabi/lib/armv7-m\libstdc++_nano.a(guard.o)
                0x0001bdd0                __cxa_guard_release
 .text.__cxa_pure_virtual
                0x0001bdd6        0x6 c:/sjsudev_v2/toolchain/bin/../lib/gcc/arm-none-eabi/5.4.1/../../../../arm-none-eabi/lib/armv7-m\libstdc++_nano.a(pure.o)
                0x0001bdd6                __cxa_pure_virtual
 .text._ZN10__cxxabiv111__terminateEPFvvE
                0x0001bddc        0x8 c:/sjsudev_v2/toolchain/bin/../lib/gcc/arm-none-eabi/5.4.1/../../../../arm-none-eabi/lib/armv7-m\libstdc++_nano.a(eh_terminate.o)