Archive member included to satisfy reference by file (symbol)

c:/sjsudev_v2/toolchain/bin/../lib/gcc/arm-none-eabi/5.4.1/../../../../arm-none-eabi/lib/armv7-m\libstdc++_nano.a(si_class_type_info.o)
                              ./L5_Application/source/remote.o (vtable for __cxxabiv1::__si_class_type_info)
c:/sjsudev_v2/toolchain/bin/../lib/gcc/arm-none-eabi/5.4.1/../../../../arm-none-eabi/lib/armv7-m\libstdc++_nano.a(vmi_class_type_info.o)
                              ./L2_Drivers/src/nrf_stream.o (vtable for __cxxabiv1::__vmi_class_type_info)
c:/sjsudev_v2/toolchain/bin/../lib/gcc/arm-none-eabi/5.4.1/../../../../arm-none-eabi/lib/armv7-m\libstdc++_nano.a(tinfo.o)
                              c:/sjsudev_v2/toolchain/bin/../lib/gcc/arm-none-eabi/5.4.1/../../../../arm-none-eabi/lib/armv7-m\libstdc++_nano.a(si_class_type_info.o) (std::type_info::__is_function_p() const)
c:/sjsudev_v2/toolchain/bin/../lib/gcc/arm-none-eabi/5.4.1/../../../../arm-none-eabi/lib/armv7-m\libstdc++_nano.a(class_type_info.o)
                              c:/sjsudev_v2/toolchain/bin/../lib/gcc/arm-none-eabi/5.4.1/../../../../arm-none-eabi/lib/armv7-m\libstdc++_nano.a(si_class_type_info.o) (__cxxabiv1::__class_type_info::__do_upcast(__cxxabiv1::__class_type_info const*, void**) const)
c:/sjsudev_v2/toolchain/bin/../lib/gcc/arm-none-eabi/5.4.1/../../../../arm-none-eabi/lib/armv7-m\libstdc++_nano.a(guard.o)
                              ./L5_Application/source/cmd_handlers/handlers.o (__cxa_guard_acquire)
c:/sjsudev_v2/toolchain/bin/../lib/gcc/arm-none-eabi/5.4.1/../../../../arm-none-eabi/lib/armv7-m\libstdc++_nano.a(pure.o)
                              ./L3_Utils/src/scheduler_task.o (__cxa_pure_virtual)
c:/sjsudev_v2/toolchain/bin/../lib/gcc/arm-none-eabi/5.4.1/../../../../arm-none-eabi/lib/armv7-m\libstdc++_nano.a(eh_terminate.o)
                              c:/sjsudev_v2/toolchain/bin/../lib/gcc/arm-none-eabi/5.4.1/../../../../arm-none-eabi/lib/armv7-m\libstdc++_nano.a(pure.o) (std::terminate())
c:/sjsudev_v2/toolchain/bin/../lib/gcc/arm-none-eabi/5.4.1/../../../../arm-none-eabi/lib/armv7-m\libstdc++_nano.a(eh_term_handler.o)
                              c:/sjsudev_v2/toolchain/bin/../lib/gcc/arm-none-eabi/5.4.1/../../../../arm-none-eabi/lib/armv7-m\libstdc++_nano.a(eh_terminate.o) (__cxxabiv1::__terminate_handler)
c:/sjsudev_v2/toolchain/bin/../lib/gcc/arm-none-eabi/5.4.1/../../../../arm-none-eabi/lib/armv7-m\libstdc++_nano.a(eh_unex_handler.o)
                              c:/sjsudev_v2/toolchain/bin/../lib/gcc/arm-none-eabi/5.4.1/../../../../arm-none-eabi/lib/armv7-m\libstdc++_nano.a(eh_terminate.o) (__cxxabiv1::__unexpected_handler)
c:/sjsudev_v2/toolchain/bin/../lib/gcc/arm-none-eabi/5.4.1/armv7-m\libgcc.a(_ashldi3.o)
                              ./L0_LowLevel/source/lpc_peripherals.o (__aeabi_llsl)
c:/sjsudev_v2/toolchain/bin/../lib/gcc/arm-none-eabi/5.4.1/armv7-m\libgcc.a(_arm_addsubdf3.o)
                              ./L2_Drivers/base/uart_dev.o (__aeabi_dadd)
c:/sjsudev_v2/toolchain/bin/../lib/gcc/arm-none-eabi/5.4.1/armv7-m\libgcc.a(_arm_muldivdf3.o)
                              ./L5_Application/adcDriver.o (__aeabi_dmul)
c:/sjsudev_v2/toolchain/bin/../lib/gcc/arm-none-eabi/5.4.1/armv7-m\libgcc.a(_arm_fixunsdfsi.o)
                              ./L2_Drivers/base/uart_dev.o (__aeabi_d2uiz)
c:/sjsudev_v2/toolchain/bin/../lib/gcc/arm-none-eabi/5.4.1/armv7-m\libgcc.a(_arm_truncdfsf2.o)
                              ./L5_Application/adcDriver.o (__aeabi_d2f)
c:/sjsudev_v2/toolchain/bin/../lib/gcc/arm-none-eabi/5.4.1/armv7-m\libgcc.a(_arm_addsubsf3.o)
                              ./L5_Application/source/cmd_handlers/handlers.o (__aeabi_fsub)
c:/sjsudev_v2/toolchain/bin/../lib/gcc/arm-none-eabi/5.4.1/armv7-m\libgcc.a(_arm_muldivsf3.o)
                              ./L5_Application/source/cmd_handlers/handlers.o (__aeabi_fmul)
c:/sjsudev_v2/toolchain/bin/../lib/gcc/arm-none-eabi/5.4.1/armv7-m\libgcc.a(_arm_cmpsf2.o)
                              ./L3_Utils/src/str.o (__aeabi_fcmplt)
c:/sjsudev_v2/toolchain/bin/../lib/gcc/arm-none-eabi/5.4.1/armv7-m\libgcc.a(_arm_fixsfsi.o)
                              ./L5_Application/source/cmd_handlers/handlers.o (__aeabi_f2iz)
c:/sjsudev_v2/toolchain/bin/../lib/gcc/arm-none-eabi/5.4.1/armv7-m\libgcc.a(_arm_fixunssfsi.o)
                              ./L5_Application/source/high_level_init.o (__aeabi_f2uiz)
c:/sjsudev_v2/toolchain/bin/../lib/gcc/arm-none-eabi/5.4.1/armv7-m\libgcc.a(_aeabi_uldivmod.o)
                              ./L5_Application/source/cmd_handlers/handlers.o (__aeabi_uldivmod)
c:/sjsudev_v2/toolchain/bin/../lib/gcc/arm-none-eabi/5.4.1/armv7-m\libgcc.a(_udivmoddi4.o)
                              c:/sjsudev_v2/toolchain/bin/../lib/gcc/arm-none-eabi/5.4.1/armv7-m\libgcc.a(_aeabi_uldivmod.o) (__udivmoddi4)
c:/sjsudev_v2/toolchain/bin/../lib/gcc/arm-none-eabi/5.4.1/armv7-m\libgcc.a(_dvmd_tls.o)
[...]
Memory Configuration

Name             Origin             Length             Attributes
FLASH            0x00010000         0x00070000         xr
SRAM             0x10000000         0x00008000         xrw
SRAM_AHB         0x2007c000         0x00008000         xrw
*default*        0x00000000         0xffffffff

Linker script and memory map

LOAD ./newlib/malloc_lock.o
LOAD ./newlib/memory.o
LOAD ./newlib/newlib_syscalls.o
LOAD ./newlib/newlib_time.o
LOAD ./L5_Application/source/cmd_handlers/handlers.o
LOAD ./L5_Application/source/cmd_handlers/prog_handlers.o
LOAD ./L5_Application/source/cmd_handlers/wireless_handlers.o
LOAD ./L5_Application/source/high_level_init.o
LOAD ./L5_Application/source/remote.o
LOAD ./L5_Application/source/terminal.o
LOAD ./L5_Application/periodic_scheduler/period_callbacks.o
LOAD ./L5_Application/periodic_scheduler/prd_monitor.o
LOAD ./L5_Application/examples/examples.o
LOAD ./L5_Application/examples/rn_xv_task.o
LOAD ./L5_Application/LabGPIOInterrupts.o
LOAD ./L5_Application/LabGPIO_1.o
LOAD ./L5_Application/LabGPIO_2.o
LOAD ./L5_Application/LabGPIO_X.o
LOAD ./L5_Application/adcDriver.o
LOAD ./L5_Application/main.o
LOAD ./L5_Application/pwmDriver.o
LOAD ./L4_IO/wireless/src/mesh.o
LOAD ./L4_IO/wireless/src/nrf24L01Plus.o
LOAD ./L4_IO/wireless/src/wireless.o
LOAD ./L4_IO/src/gpio.o
LOAD ./L4_IO/src/io_source.o
LOAD ./L4_IO/src/storage.o
LOAD ./L4_IO/fat/option/ccsbcs.o
LOAD ./L4_IO/fat/option/reentrant.o
LOAD ./L4_IO/fat/disk/diskio.o
LOAD ./L4_IO/fat/disk/sd.o
LOAD ./L4_IO/fat/disk/spi_flash.o
LOAD ./L4_IO/fat/fatfs_time.o
LOAD ./L4_IO/fat/ff.o
LOAD ./L3_Utils/tlm/src/c_tlm_binary.o
LOAD ./L3_Utils/tlm/src/c_tlm_comp.o
LOAD ./L3_Utils/tlm/src/c_tlm_stream.o
LOAD ./L3_Utils/tlm/src/c_tlm_var.o
LOAD ./L3_Utils/src/c_list.o
LOAD ./L3_Utils/src/command_handler.o
LOAD ./L3_Utils/src/file_logger.o
LOAD ./L3_Utils/src/freertos_timer.o
LOAD ./L3_Utils/src/printf_lib.o
LOAD ./L3_Utils/src/rtc_alarm.o
LOAD ./L3_Utils/src/scheduler_task.o
LOAD ./L3_Utils/src/str.o
LOAD ./L3_Utils/src/utilities.o
LOAD ./L2_Drivers/src/adc.o
LOAD ./L2_Drivers/src/can.o
LOAD ./L2_Drivers/src/eint.o
LOAD ./L2_Drivers/src/i2c2.o
LOAD ./L2_Drivers/src/lpc_pwm.o
LOAD ./L2_Drivers/src/lpc_rit.o
LOAD ./L2_Drivers/src/lpc_timers.o
LOAD ./L2_Drivers/src/nrf_stream.o
LOAD ./L2_Drivers/src/rtc.o
LOAD ./L2_Drivers/src/spi_dma.o
LOAD ./L2_Drivers/src/spi_sem.o
LOAD ./L2_Drivers/src/uart0.o
LOAD ./L2_Drivers/src/uart2.o
LOAD ./L2_Drivers/src/uart3.o
LOAD ./L2_Drivers/base/char_dev.o
LOAD ./L2_Drivers/base/i2c_base.o
LOAD ./L2_Drivers/base/uart_dev.o
LOAD ./L1_FreeRTOS/trace/run_time_counter.o
LOAD ./L1_FreeRTOS/trace/trcBase.o
LOAD ./L1_FreeRTOS/trace/trcHardwarePort.o
LOAD ./L1_FreeRTOS/trace/trcKernel.o
LOAD ./L1_FreeRTOS/trace/trcKernelPort.o
LOAD ./L1_FreeRTOS/trace/trcUser.o
LOAD ./L1_FreeRTOS/src/croutine.o
LOAD ./L1_FreeRTOS/src/event_groups.o
LOAD ./L1_FreeRTOS/src/list.o
LOAD ./L1_FreeRTOS/src/queue.o
LOAD ./L1_FreeRTOS/src/tasks.o
LOAD ./L1_FreeRTOS/src/timers.o
LOAD ./L1_FreeRTOS/portable/no_mpu/port.o
LOAD ./L1_FreeRTOS/portable/run_time_stats.o
LOAD ./L1_FreeRTOS/hooks/hooks.o
LOAD ./L1_FreeRTOS/MemMang/freertos_mem_man.o
LOAD ./L0_LowLevel/source/core_cm3.o
LOAD ./L0_LowLevel/source/low_level_init.o
LOAD ./L0_LowLevel/source/lpc_peripherals.o
LOAD ./L0_LowLevel/source/lpc_sys.o
LOAD ./L0_LowLevel/source/startup.o
LOAD ./L0_LowLevel/source/sys_clock.o
LOAD ./L0_LowLevel/source/uart0_min.o
LOAD c:/sjsudev_v2/toolchain/bin/../lib/gcc/arm-none-eabi/5.4.1/../../../../arm-none-eabi/lib/armv7-m\libstdc++_nano.a
LOAD c:/sjsudev_v2/toolchain/bin/../lib/gcc/arm-none-eabi/5.4.1/../../../../arm-none-eabi/lib/armv7-m\libm.a
START GROUP
LOAD c:/sjsudev_v2/toolchain/bin/../lib/gcc/arm-none-eabi/5.4.1/armv7-m\libgcc.a
LOAD c:/sjsudev_v2/toolchain/bin/../lib/gcc/arm-none-eabi/5.4.1/../../../../arm-none-eabi/lib/armv7-m\libc_nano.a
END GROUP
START GROUP
LOAD c:/sjsudev_v2/toolchain/bin/../lib/gcc/arm-none-eabi/5.4.1/armv7-m\libgcc.a
LOAD c:/sjsudev_v2/toolchain/bin/../lib/gcc/arm-none-eabi/5.4.1/../../../../arm-none-eabi/lib/armv7-m\libc_nano.a
END GROUP

.text           0x00010000    0x106b4
 FILL mask 0xff
 *(.isr_vector)
 .isr_vector    0x00010000       0xcc ./L0_LowLevel/source/startup.o
                0x00010000                g_pfnVectors
                0x000100cc                . = ALIGN (0x4)
                0x000100cc                __section_table_start = .
                0x000100cc                __data_section_table = .
                0x000100cc        0x4 LONG 0x206bc LOADADDR (.data)
                0x000100d0        0x4 LONG 0x2007c000 ADDR (.data)
                0x000100d4        0x4 LONG 0x2f4 SIZEOF (.data)
                0x000100d8                __data_section_table_end = .
                0x000100d8                __bss_section_table = .
                0x000100d8        0x4 LONG 0x2007c2f8 ADDR (.bss)
                0x000100dc        0x4 LONG 0x458 SIZEOF (.bss)
                0x000100e0                __bss_section_table_end = .
                0x000100e0                __section_table_end = .
 *(.after_vectors*)
 .after_vectors
                0x000100e0      0x124 ./L0_LowLevel/source/startup.o
                0x000100e0                isr_hard_fault
                0x000100fa                isr_nmi
                0x00010108                isr_mem_fault
                0x00010118                isr_bus_fault
                0x00010128                isr_usage_fault
                0x00010138                isr_debug_mon
                0x00010148                TIMER3_IRQHandler
                0x00010148                UART1_IRQHandler
                0x00010148                EINT2_IRQHandler
                0x00010148                USBAct_IRQHandler
                0x00010148                PLL0_IRQHandler
                0x00010148                I2C1_IRQHandler
                0x00010148                PLL1_IRQHandler
                0x00010148                SSP0_IRQHandler
                0x00010148                CANAct_IRQHandler
                0x00010148                I2S_IRQHandler
                0x00010148                PWM1_IRQHandler
                0x00010148                SPI_IRQHandler
                0x00010148                TIMER2_IRQHandler
                0x00010148                EINT1_IRQHandler
                0x00010148                isr_default_handler
                0x00010148                SSP1_IRQHandler
                0x00010148                ENET_IRQHandler
                0x00010148                USB_IRQHandler
                0x00010148                BOD_IRQHandler
                0x00010148                MCPWM_IRQHandler
                0x00010148                WDT_IRQHandler
                0x00010148                I2C0_IRQHandler
                0x00010148                QEI_IRQHandler
                0x00010148                EINT0_IRQHandler
                0x00010148                DMA_IRQHandler
                0x00010148                TIMER0_IRQHandler
                0x00010158                isr_sys_tick
                0x0001016a                data_init(unsigned int, unsigned int, unsigned int)
                0x00010180                bss_init(unsigned int, unsigned int)
                0x00010194                isr_reset
 *(.text*)
 .text.__malloc_lock
                0x00010204        0x4 ./newlib/malloc_lock.o
                0x00010204                __malloc_lock
 .text.__malloc_unlock
                0x00010208        0x4 ./newlib/malloc_lock.o
                0x00010208                __malloc_unlock
 .text._sbrk    0x0001020c       0x74 ./newlib/memory.o
                0x0001020c                _sbrk
 .text._Znwj    0x00010280        0x4 ./newlib/memory.o
                0x00010280                operator new(unsigned int)
 .text._ZdlPv   0x00010284        0x4 ./newlib/memory.o
                0x00010284                operator delete(void*)
 .text.sys_get_mem_info
                0x00010288       0xb8 ./newlib/memory.o
                0x00010288                sys_get_mem_info
 .text.startup._GLOBAL__sub_I__sbrk
                0x00010340       0x20 ./newlib/memory.o
 .text.sys_set_outchar_func
                0x00010360        0xc ./newlib/newlib_syscalls.o
                0x00010360                sys_set_outchar_func
 .text.sys_set_inchar_func
                0x0001036c        0xc ./newlib/newlib_syscalls.o
                0x0001036c                sys_set_inchar_func
 .text._kill    0x00010378       0x10 ./newlib/newlib_syscalls.o
                0x00010378                _kill
 .text._exit    0x00010388       0x10 ./newlib/newlib_syscalls.o
                0x00010388                _exit
 .text._getpid  0x00010398        0x4 ./newlib/newlib_syscalls.o
                0x00010398                _getpid
 .text._init    0x0001039c        0x4 ./newlib/newlib_syscalls.o
                0x0001039c                _init
 .text._write   0x000103a0       0x28 ./newlib/newlib_syscalls.o
                0x000103a0                _write
 .text._read    0x000103c8       0x2c ./newlib/newlib_syscalls.o
                0x000103c8                _read
 .text.syscalls_init
                0x000103f4        0x2 ./newlib/newlib_syscalls.o
                0x000103f4                syscalls_init
 .text._fstat   0x000103f6        0x4 ./newlib/newlib_syscalls.o
                0x000103f6                _fstat
 *fill*         0x000103fa        0x2 ff
 .text._isatty  0x000103fc       0x24 ./newlib/newlib_syscalls.o
                0x000103fc                _isatty
 .text._lseek   0x00010420        0x4 ./newlib/newlib_syscalls.o
                0x00010420                _lseek
 .text._close   0x00010424        0x4 ./newlib/newlib_syscalls.o
                0x00010424                _close
 .text._gettimeofday
                0x00010428       0x7a ./newlib/newlib_time.o
                0x00010428                _gettimeofday
 *fill*         0x000104a2        0x2 ff
 .text._ZN7Storage13getFlashDriveEv
                0x000104a4       0x48 ./L5_Application/source/cmd_handlers/handlers.o
                0x000104a4                Storage::getFlashDrive()
 .text._ZN17SingletonTemplateI4I2C2E11getInstanceEv
                0x000104ec       0x20 ./L5_Application/source/cmd_handlers/handlers.o
                0x000104ec                SingletonTemplate<I2C2>::getInstance()
 .text._ZL13hl_print_linev
                0x0001050c        0xc ./L5_Application/source/high_level_init.o
 .text.ssp_set_max_clock
                0x00010518       0x2c ./L5_Application/source/high_level_init.o
 .text._ZL16hl_mount_storageR16FileSystemObjectPKc
                0x00010544       0x94 ./L5_Application/source/high_level_init.o
 .text._ZN17SingletonTemplateI11LED_DisplayE11getInstanceEv
                0x000105d8       0x24 ./L5_Application/source/high_level_init.o
                0x000105d8                SingletonTemplate<LED_Display>::getInstance()
 .text._ZN17SingletonTemplateI3LEDE11getInstanceEv
                0x000105fc       0x1c ./L5_Application/source/high_level_init.o
                0x000105fc                SingletonTemplate<LED>::getInstance()
 .text._ZN17SingletonTemplateI17TemperatureSensorE11getInstanceEv
                0x00010618       0x28 ./L5_Application/source/high_level_init.o
                0x00010618                SingletonTemplate<TemperatureSensor>::getInstance()
 .text._ZN17SingletonTemplateI12Light_SensorE11getInstanceEv
                0x00010640       0x18 ./L5_Application/source/high_level_init.o
                0x00010640                SingletonTemplate<Light_Sensor>::getInstance()
 .text._ZN17SingletonTemplateI8SwitchesE11getInstanceEv
                0x00010658       0x18 ./L5_Application/source/high_level_init.o
                0x00010658                SingletonTemplate<Switches>::getInstance()
 .text._Z15high_level_initv
                0x00010670      0x548 ./L5_Application/source/high_level_init.o
                0x00010670                high_level_init()
 .text._ZN17SingletonTemplateI9IR_SensorE11getInstanceEv
                0x00010bb8       0x18 ./L5_Application/source/remote.o
                0x00010bb8                SingletonTemplate<IR_Sensor>::getInstance()
 .text._ZN9ADCDriverC2Ev
                0x00010bd0        0x2 ./L5_Application/adcDriver.o
                0x00010bd0                ADCDriver::ADCDriver()
                0x00010bd0                ADCDriver::ADCDriver()
 *fill*         0x00010bd2        0x2 ff
 .text._ZN9ADCDriver16adcInitBurstModeEv
                0x00010bd4       0x48 ./L5_Application/adcDriver.o
                0x00010bd4                ADCDriver::adcInitBurstMode()
 .text._ZN9ADCDriver12adcSelectPinENS_7ADC_PINE
                0x00010c1c       0x90 ./L5_Application/adcDriver.o
                0x00010c1c                ADCDriver::adcSelectPin(ADCDriver::ADC_PIN)
 *fill*         0x00010cac        0x4 ff
 .text._ZN9ADCDriver23readADCVoltageByChannelEh
                0x00010cb0       0xa8 ./L5_Application/adcDriver.o
                0x00010cb0                ADCDriver::readADCVoltageByChannel(unsigned char)
 .text._Z8vADCTaskPv
                0x00010d58       0xd4 ./L5_Application/main.o
                0x00010d58                vADCTask(void*)
 .text.startup.main
                0x00010e2c       0x2c ./L5_Application/main.o
                0x00010e2c                main
 .text._ZN9PWMDriverC2Ev
                0x00010e58        0x2 ./L5_Application/pwmDriver.o
                0x00010e58                PWMDriver::PWMDriver()
                0x00010e58                PWMDriver::PWMDriver()
 *fill*         0x00010e5a        0x2 ff
 .text._ZN9PWMDriver16pwmSelectAllPinsEv
                0x00010e5c       0x44 ./L5_Application/pwmDriver.o
                0x00010e5c                PWMDriver::pwmSelectAllPins()
 .text._ZN9PWMDriver12pwmSelectPinENS_7PWM_PINE
                0x00010ea0       0x58 ./L5_Application/pwmDriver.o
                0x00010ea0                PWMDriver::pwmSelectPin(PWMDriver::PWM_PIN)
 .text._ZN9PWMDriver21pwmInitSingleEdgeModeEm
                0x00010ef8       0x34 ./L5_Application/pwmDriver.o
                0x00010ef8                PWMDriver::pwmInitSingleEdgeMode(unsigned long)
 .text._ZN9PWMDriver12setDutyCycleENS_7PWM_PINEf
                0x00010f2c       0x90 ./L5_Application/pwmDriver.o
                0x00010f2c                PWMDriver::setDutyCycle(PWMDriver::PWM_PIN, float)
 .text._ZN9PWMDriver12setFrequencyEm
                0x00010fbc       0x14 ./L5_Application/pwmDriver.o
                0x00010fbc                PWMDriver::setFrequency(unsigned long)
 .text.mesh_incr_soft_timers_for_arr
                0x00010fd0       0x26 ./L4_IO/wireless/src/mesh.o
 *fill*         0x00010ff6        0x2 ff
 .text.mesh_update_soft_timers
                0x00010ff8       0x4c ./L4_IO/wireless/src/mesh.o
 .text.mesh_send_packet
                0x00011044       0x3c ./L4_IO/wireless/src/mesh.o
 .text.mesh_send_retry_packet
                0x00011080       0x34 ./L4_IO/wireless/src/mesh.o
 .text.mesh_find_rte_tbl_entry
                0x000110b4       0x24 ./L4_IO/wireless/src/mesh.o
 .text.mesh_update_rte_scores
                0x000110d8       0x28 ./L4_IO/wireless/src/mesh.o
 .text.mesh_get_pnd_pkt_slot
                0x00011100       0x42 ./L4_IO/wireless/src/mesh.o
 *fill*         0x00011142        0x2 ff
 .text.mesh_pending_packets_add
                0x00011144       0x90 ./L4_IO/wireless/src/mesh.o
 .text.mesh_get_rte_to_modify
                0x000111d4       0x58 ./L4_IO/wireless/src/mesh.o
 .text.mesh_handle_pnd_pkts_for_arr
                0x0001122c      0x184 ./L4_IO/wireless/src/mesh.o
 .text.mesh_set_node_address
                0x000113b0       0x18 ./L4_IO/wireless/src/mesh.o
                0x000113b0                mesh_set_node_address
 .text.mesh_get_node_address
                0x000113c8        0xc ./L4_IO/wireless/src/mesh.o
                0x000113c8                mesh_get_node_address
 .text.mesh_form_pkt
                0x000113d4      0x100 ./L4_IO/wireless/src/mesh.o
                0x000113d4                mesh_form_pkt
 .text.mesh_send_formed_pkt
                0x000114d4       0x50 ./L4_IO/wireless/src/mesh.o
                0x000114d4                mesh_send_formed_pkt
 .text.mesh_init
                0x00011524      0x104 ./L4_IO/wireless/src/mesh.o
                0x00011524                mesh_init
 .text.mesh_send
                0x00011628       0x3c ./L4_IO/wireless/src/mesh.o
                0x00011628                mesh_send
 .text.mesh_send_ack
                0x00011664       0x1a ./L4_IO/wireless/src/mesh.o
 *fill*         0x0001167e        0x2 ff
 .text.mesh_get_num_routing_entries
                0x00011680       0x1c ./L4_IO/wireless/src/mesh.o
                0x00011680                mesh_get_num_routing_entries
 .text.mesh_service
                0x0001169c      0x2c4 ./L4_IO/wireless/src/mesh.o
                0x0001169c                mesh_service
 .text.mesh_get_pnd_pkt_count
                0x00011960       0x34 ./L4_IO/wireless/src/mesh.o
                0x00011960                mesh_get_pnd_pkt_count
 .text.nordic_transfer
                0x00011994      0x104 ./L4_IO/wireless/src/nrf24L01Plus.o
 .text.nordic_readRegister
                0x00011a98       0x20 ./L4_IO/wireless/src/nrf24L01Plus.o
 .text.nordic_writeRegister
                0x00011ab8       0x1e ./L4_IO/wireless/src/nrf24L01Plus.o
 .text.nordic_is_tx_fifo_empty
                0x00011ad6        0xe ./L4_IO/wireless/src/nrf24L01Plus.o
                0x00011ad6                nordic_is_tx_fifo_empty
 .text.nordic_clear_all_intr_flags
                0x00011ae4        0x8 ./L4_IO/wireless/src/nrf24L01Plus.o
                0x00011ae4                nordic_clear_all_intr_flags
 .text.nordic_queue_tx_fifo
                0x00011aec        0xc ./L4_IO/wireless/src/nrf24L01Plus.o
                0x00011aec                nordic_queue_tx_fifo
 .text.nordic_standby1_to_tx_mode1
                0x00011af8       0x16 ./L4_IO/wireless/src/nrf24L01Plus.o
                0x00011af8                nordic_standby1_to_tx_mode1
 *fill*         0x00011b0e        0x2 ff
 .text.nordic_rx_to_Stanby1
                0x00011b10       0x10 ./L4_IO/wireless/src/nrf24L01Plus.o
                0x00011b10                nordic_rx_to_Stanby1
 .text.nordic_standby1_to_rx
                0x00011b20       0x24 ./L4_IO/wireless/src/nrf24L01Plus.o
                0x00011b20                nordic_standby1_to_rx
 .text.nordic_clear_packet_sent_flag
                0x00011b44        0x8 ./L4_IO/wireless/src/nrf24L01Plus.o
                0x00011b44                nordic_clear_packet_sent_flag
 .text.nordic_flush_tx_fifo
                0x00011b4c        0xc ./L4_IO/wireless/src/nrf24L01Plus.o
                0x00011b4c                nordic_flush_tx_fifo
 .text.nordic_mode1_send_single_packet
                0x00011b58       0x4c ./L4_IO/wireless/src/nrf24L01Plus.o
                0x00011b58                nordic_mode1_send_single_packet
 .text.nordic_is_packet_available
                0x00011ba4       0x12 ./L4_IO/wireless/src/nrf24L01Plus.o
                0x00011ba4                nordic_is_packet_available
 .text.nordic_clear_packet_available_flag
                0x00011bb6        0x8 ./L4_IO/wireless/src/nrf24L01Plus.o
                0x00011bb6                nordic_clear_packet_available_flag
 .text.nordic_read_rx_fifo
                0x00011bbe       0x14 ./L4_IO/wireless/src/nrf24L01Plus.o
                0x00011bbe                nordic_read_rx_fifo
 .text.nordic_flush_rx_fifo
                0x00011bd2        0xc ./L4_IO/wireless/src/nrf24L01Plus.o
                0x00011bd2                nordic_flush_rx_fifo
 .text.nordic_set_intr_signals
                0x00011bde       0x3e ./L4_IO/wireless/src/nrf24L01Plus.o
                0x00011bde                nordic_set_intr_signals
 .text.nordic_set_crc
                0x00011c1c       0x38 ./L4_IO/wireless/src/nrf24L01Plus.o
                0x00011c1c                nordic_set_crc
 .text.nordic_power_up
                0x00011c54       0x18 ./L4_IO/wireless/src/nrf24L01Plus.o
                0x00011c54                nordic_power_up
 .text.nordic_power_down
                0x00011c6c       0x16 ./L4_IO/wireless/src/nrf24L01Plus.o
                0x00011c6c                nordic_power_down
 .text.nordic_set_channel
                0x00011c82       0x24 ./L4_IO/wireless/src/nrf24L01Plus.o
                0x00011c82                nordic_set_channel
 .text.nordic_set_air_data_rate
                0x00011ca6       0x2c ./L4_IO/wireless/src/nrf24L01Plus.o
                0x00011ca6                nordic_set_air_data_rate
 .text.nordic_set_power_level
                0x00011cd2       0x24 ./L4_IO/wireless/src/nrf24L01Plus.o
                0x00011cd2                nordic_set_power_level
 .text.nordic_set_auto_transmit_options
                0x00011cf6       0x32 ./L4_IO/wireless/src/nrf24L01Plus.o
                0x00011cf6                nordic_set_auto_transmit_options
 .text.nordic_set_payload_for_pipe
                0x00011d28       0x14 ./L4_IO/wireless/src/nrf24L01Plus.o
                0x00011d28                nordic_set_payload_for_pipe
 .text.nordic_set_addr_width
                0x00011d3c       0x16 ./L4_IO/wireless/src/nrf24L01Plus.o
                0x00011d3c                nordic_set_addr_width
 .text.nordic_set_tx_address
                0x00011d52        0xc ./L4_IO/wireless/src/nrf24L01Plus.o
                0x00011d52                nordic_set_tx_address
 .text.nordic_set_rx_pipe0_addr
                0x00011d5e        0xc ./L4_IO/wireless/src/nrf24L01Plus.o
                0x00011d5e                nordic_set_rx_pipe0_addr
 *fill*         0x00011d6a        0x2 ff
 .text.nordic_init
                0x00011d6c       0xc8 ./L4_IO/wireless/src/nrf24L01Plus.o
                0x00011d6c                nordic_init
 .text.nrf_driver_init
                0x00011e34       0x70 ./L4_IO/wireless/src/wireless.o
 .text.nrf_driver_app_recv
                0x00011ea4       0x50 ./L4_IO/wireless/src/wireless.o
 .text.nrf_driver_send
                0x00011ef4       0x58 ./L4_IO/wireless/src/wireless.o
 .text.nrf_irq_callback
                0x00011f4c       0x34 ./L4_IO/wireless/src/wireless.o
 .text.nrf_driver_receive
                0x00011f80       0x22 ./L4_IO/wireless/src/wireless.o
 .text.nrf_driver_get_timer
                0x00011fa2       0x28 ./L4_IO/wireless/src/wireless.o
 *fill*         0x00011fca        0x2 ff
 .text.wireless_init
                0x00011fcc       0x4c ./L4_IO/wireless/src/wireless.o
                0x00011fcc                wireless_init
 .text.wireless_service
                0x00012018       0x4c ./L4_IO/wireless/src/wireless.o
                0x00012018                wireless_service
 .text._ZN11i2c2_device8writeRegEhh
                0x00012064        0xc ./L4_IO/src/io_source.o
                0x00012064                i2c2_device::writeReg(unsigned char, unsigned char)
 .text._ZN11i2c2_device16get16BitRegisterEh
                0x00012070       0x2a ./L4_IO/src/io_source.o
                0x00012070                i2c2_device::get16BitRegister(unsigned char)
 .text._ZN19Acceleration_Sensor4initEv
                0x0001209a       0x20 ./L4_IO/src/io_source.o
                0x0001209a                Acceleration_Sensor::init()
 *fill*         0x000120ba        0x2 ff
 .text._ZN9IR_Sensor11storeIrCodeEm
                0x000120bc       0x1c ./L4_IO/src/io_source.o
                0x000120bc                IR_Sensor::storeIrCode(unsigned long)
 .text._ZN9IR_Sensor12decodeIrCodeEv
                0x000120d8       0x64 ./L4_IO/src/io_source.o
                0x000120d8                IR_Sensor::decodeIrCode()
 .text._ZN9IR_Sensor4initEv
                0x0001213c       0x34 ./L4_IO/src/io_source.o
                0x0001213c                IR_Sensor::init()
 .text._ZN11LED_Display12setLeftDigitEc
                0x00012170       0x18 ./L4_IO/src/io_source.o
                0x00012170                LED_Display::setLeftDigit(char)
 .text._ZN11LED_Display13setRightDigitEc
                0x00012188       0x18 ./L4_IO/src/io_source.o
                0x00012188                LED_Display::setRightDigit(char)
 .text._ZN11LED_Display4initEv
                0x000121a0       0x38 ./L4_IO/src/io_source.o
                0x000121a0                LED_Display::init()
 .text._ZN11LED_Display9setNumberEc
                0x000121d8       0x3a ./L4_IO/src/io_source.o
                0x000121d8                LED_Display::setNumber(char)
 .text._ZN3LED4initEv
                0x00012212        0x4 ./L4_IO/src/io_source.o
                0x00012212                LED::init()
 *fill*         0x00012216        0x2 ff
 .text._ZN3LED6setAllEh
                0x00012218       0x5c ./L4_IO/src/io_source.o
                0x00012218                LED::setAll(unsigned char)
 .text._ZN12Light_Sensor4initEv
                0x00012274        0x4 ./L4_IO/src/io_source.o
                0x00012274                Light_Sensor::init()
 .text._ZN12Light_Sensor11getRawValueEv
                0x00012278        0x6 ./L4_IO/src/io_source.o
                0x00012278                Light_Sensor::getRawValue()
 .text._ZN8Switches4initEv
                0x0001227e        0x4 ./L4_IO/src/io_source.o
                0x0001227e                Switches::init()
 *fill*         0x00012282        0x2 ff
 .text._ZN8Switches15getSwitchValuesEv
                0x00012284       0x18 ./L4_IO/src/io_source.o
                0x00012284                Switches::getSwitchValues()
 .text._ZN8I2C_Temp4initEv
                0x0001229c       0x22 ./L4_IO/src/io_source.o
                0x0001229c                I2C_Temp::init()
 .text._ZN8I2C_Temp10getCelsiusEv
                0x000122be       0x30 ./L4_IO/src/io_source.o
                0x000122be                I2C_Temp::getCelsius()
 *fill*         0x000122ee        0x2 ff
 .text._ZN8I2C_Temp12getFarenheitEv
                0x000122f0       0x24 ./L4_IO/src/io_source.o
                0x000122f0                I2C_Temp::getFarenheit()
 .text._ZN7Storage4readEPKcPvjj
                0x00012314       0x44 ./L4_IO/src/storage.o
                0x00012314                Storage::read(char const*, void*, unsigned int, unsigned int)
 .text.ff_convert
                0x00012358       0x3c ./L4_IO/fat/option/ccsbcs.o
                0x00012358                ff_convert
 .text.ff_wtoupper
                0x00012394       0x24 ./L4_IO/fat/option/ccsbcs.o
                0x00012394                ff_wtoupper
 .text.ff_cre_syncobj
                0x000123b8       0x14 ./L4_IO/fat/option/reentrant.o
                0x000123b8                ff_cre_syncobj
 .text.ff_del_syncobj
                0x000123cc        0x4 ./L4_IO/fat/option/reentrant.o
                0x000123cc                ff_del_syncobj
 .text.ff_req_grant
                0x000123d0       0x26 ./L4_IO/fat/option/reentrant.o
                0x000123d0                ff_req_grant
 .text.ff_rel_grant
                0x000123f6       0x1e ./L4_IO/fat/option/reentrant.o
                0x000123f6                ff_rel_grant
 .text.disk_initialize
                0x00012414       0x26 ./L4_IO/fat/disk/diskio.o
                0x00012414                disk_initialize
 .text.disk_status
                0x0001243a       0x10 ./L4_IO/fat/disk/diskio.o
                0x0001243a                disk_status
 .text.disk_read
                0x0001244a       0x38 ./L4_IO/fat/disk/diskio.o
                0x0001244a                disk_read
 .text.disk_write
                0x00012482       0x38 ./L4_IO/fat/disk/diskio.o
                0x00012482                disk_write
 .text.disk_ioctl
                0x000124ba       0x32 ./L4_IO/fat/disk/diskio.o
                0x000124ba                disk_ioctl
 .text.sys_get_uptime_ms
                0x000124ec       0x12 ./L4_IO/fat/disk/sd.o
 *fill*         0x000124fe        0x2 ff
 .text.ssp1_set_max_clock
                0x00012500       0x30 ./L4_IO/fat/disk/sd.o
 .text.ssp1_exchange_byte
                0x00012530       0x18 ./L4_IO/fat/disk/sd.o
 .text.wait_ready
                0x00012548       0x2e ./L4_IO/fat/disk/sd.o
                0x00012548                wait_ready
 *fill*         0x00012576        0x2 ff
 .text.power_off
                0x00012578       0x24 ./L4_IO/fat/disk/sd.o
                0x00012578                power_off
 .text.rcvr_datablock
                0x0001259c       0x8c ./L4_IO/fat/disk/sd.o
                0x0001259c                rcvr_datablock
 .text.xmit_datablock
                0x00012628       0x4c ./L4_IO/fat/disk/sd.o
                0x00012628                xmit_datablock
 .text.send_cmd
                0x00012674       0x90 ./L4_IO/fat/disk/sd.o
                0x00012674                send_cmd
 .text.sd_update_card_status
                0x00012704       0x24 ./L4_IO/fat/disk/sd.o
                0x00012704                sd_update_card_status
 .text.sd_initialize
                0x00012728      0x170 ./L4_IO/fat/disk/sd.o
                0x00012728                sd_initialize
 .text.sd_status
                0x00012898       0x10 ./L4_IO/fat/disk/sd.o
                0x00012898                sd_status
 .text.sd_read  0x000128a8       0x98 ./L4_IO/fat/disk/sd.o
                0x000128a8                sd_read
 .text.sd_write
                0x00012940       0xb4 ./L4_IO/fat/disk/sd.o
                0x00012940                sd_write
 .text.sd_ioctl
                0x000129f4      0x234 ./L4_IO/fat/disk/sd.o
                0x000129f4                sd_ioctl
 .text._ZL24flash_get_mem_size_bytesv
                0x00012c28       0x20 ./L4_IO/fat/disk/spi_flash.o
 .text._ZL37flash_perform_page_io_of_fatfs_sectorPFvPhmmES_m
                0x00012c48       0x74 ./L4_IO/fat/disk/spi_flash.o
 .text.ssp1_exchange_data
                0x00012cbc       0xc4 ./L4_IO/fat/disk/spi_flash.o
 .text._ZL18flash_send_op_addr14flash_opcode_tm
                0x00012d80       0x26 ./L4_IO/fat/disk/spi_flash.o
 *fill*         0x00012da6        0x2 ff
 .text._ZL15flash_read_pagePhmm
                0x00012da8       0x44 ./L4_IO/fat/disk/spi_flash.o
 .text._ZL20flash_wait_for_readyv
                0x00012dec       0x44 ./L4_IO/fat/disk/spi_flash.o
 .text.flash_initialize
                0x00012e30       0x98 ./L4_IO/fat/disk/spi_flash.o
                0x00012e30                flash_initialize
 .text.flash_read_sectors
                0x00012ec8       0x44 ./L4_IO/fat/disk/spi_flash.o
                0x00012ec8                flash_read_sectors
 .text.flash_write_sectors
                0x00012f0c       0x40 ./L4_IO/fat/disk/spi_flash.o
                0x00012f0c                flash_write_sectors
 .text.flash_ioctl
                0x00012f4c       0x36 ./L4_IO/fat/disk/spi_flash.o
                0x00012f4c                flash_ioctl
 *fill*         0x00012f82        0x2 ff
 .text.flash_write_permanent_id
                0x00012f84       0x44 ./L4_IO/fat/disk/spi_flash.o
                0x00012f84                flash_write_permanent_id
 .text.flash_read_permanent_id
                0x00012fc8       0x28 ./L4_IO/fat/disk/spi_flash.o
                0x00012fc8                flash_read_permanent_id
 .text.flash_get_page_count
                0x00012ff0       0x20 ./L4_IO/fat/disk/spi_flash.o
                0x00012ff0                flash_get_page_count
 .text.flash_get_page_size
                0x00013010        0xc ./L4_IO/fat/disk/spi_flash.o
                0x00013010                flash_get_page_size
 .text.flash_supports_metadata
                0x0001301c       0x10 ./L4_IO/fat/disk/spi_flash.o
                0x0001301c                flash_supports_metadata
 .text._ZL16flash_write_pagePhmm
                0x0001302c       0x8c ./L4_IO/fat/disk/spi_flash.o
 .text.flash_chip_erase
                0x000130b8       0x2c ./L4_IO/fat/disk/spi_flash.o
                0x000130b8                flash_chip_erase
 .text.get_fattime
                0x000130e4       0x52 ./L4_IO/fat/fatfs_time.o
                0x000130e4                get_fattime
 .text.mem_cpy  0x00013136       0x38 ./L4_IO/fat/ff.o
 .text.mem_set  0x0001316e        0xe ./L4_IO/fat/ff.o
 .text.sum_sfn  0x0001317c       0x1e ./L4_IO/fat/ff.o
 .text.get_ldnumber
                0x0001319a       0x3c ./L4_IO/fat/ff.o
 .text.sync_window.part.1
                0x000131d6       0x46 ./L4_IO/fat/ff.o
 .text.sync_window
                0x0001321c        0xc ./L4_IO/fat/ff.o
 .text.sync_fs  0x00013228       0x74 ./L4_IO/fat/ff.o
 .text.move_window
                0x0001329c       0x34 ./L4_IO/fat/ff.o
 .text.check_fs
                0x000132d0       0x4c ./L4_IO/fat/ff.o
 .text.find_volume
                0x0001331c      0x23c ./L4_IO/fat/ff.o
 .text.validate
                0x00013558       0x3a ./L4_IO/fat/ff.o
 .text.unlock_fs
                0x00013592       0x1a ./L4_IO/fat/ff.o
 .text.clust2sect
                0x000135ac       0x16 ./L4_IO/fat/ff.o
                0x000135ac                clust2sect
 .text.get_fat  0x000135c2       0xa6 ./L4_IO/fat/ff.o
                0x000135c2                get_fat
 .text.dir_sdi  0x00013668       0x7e ./L4_IO/fat/ff.o
 .text.put_fat  0x000136e6       0xd2 ./L4_IO/fat/ff.o
                0x000136e6                put_fat
 .text.create_chain
                0x000137b8       0xa2 ./L4_IO/fat/ff.o
 .text.dir_next
                0x0001385a       0xee ./L4_IO/fat/ff.o
 .text.dir_find.part.9
                0x00013948      0x124 ./L4_IO/fat/ff.o
 .text.follow_path
                0x00013a6c      0x268 ./L4_IO/fat/ff.o
 .text.dir_register
                0x00013cd4      0x224 ./L4_IO/fat/ff.o
 .text.remove_chain
                0x00013ef8       0x58 ./L4_IO/fat/ff.o
 .text.f_mount  0x00013f50       0x7c ./L4_IO/fat/ff.o
                0x00013f50                f_mount
 .text.f_open   0x00013fcc      0x134 ./L4_IO/fat/ff.o
                0x00013fcc                f_open
 .text.f_read   0x00014100      0x170 ./L4_IO/fat/ff.o
                0x00014100                f_read
 .text.f_write  0x00014270      0x1a2 ./L4_IO/fat/ff.o
                0x00014270                f_write
 .text.f_sync   0x00014412       0x8c ./L4_IO/fat/ff.o
                0x00014412                f_sync
 .text.f_close  0x0001449e       0x24 ./L4_IO/fat/ff.o
                0x0001449e                f_close
 .text.f_lseek  0x000144c2      0x14e ./L4_IO/fat/ff.o
                0x000144c2                f_lseek
 .text.f_getfree
                0x00014610       0xca ./L4_IO/fat/ff.o
                0x00014610                f_getfree
 *fill*         0x000146da        0x2 ff
 .text.f_mkfs   0x000146dc      0x4ec ./L4_IO/fat/ff.o
                0x000146dc                f_mkfs
 .text.c_list_for_each_elm
                0x00014bc8       0x2a ./L3_Utils/src/c_list.o
                0x00014bc8                c_list_for_each_elm
 *fill*         0x00014bf2        0x2 ff
 .text.logger_write_to_file
                0x00014bf4       0xb4 ./L3_Utils/src/file_logger.o
 .text.logger_task
                0x00014ca8       0xd0 ./L3_Utils/src/file_logger.o
 .text.logger_init
                0x00014d78       0xd4 ./L3_Utils/src/file_logger.o
                0x00014d78                logger_init
 .text.u0_dbg_put
                0x00014e4c       0x1e ./L3_Utils/src/printf_lib.o
                0x00014e4c                u0_dbg_put
 .text.u0_dbg_printf
                0x00014e6a       0x3c ./L3_Utils/src/printf_lib.o
                0x00014e6a                u0_dbg_printf
 .text.for_each_recur_alarm_callback
                0x00014ea6       0x24 ./L3_Utils/src/rtc_alarm.o
 .text.for_each_alarm_callback
                0x00014eca       0x5a ./L3_Utils/src/rtc_alarm.o
 .text.RTC_IRQHandler
                0x00014f24       0xac ./L3_Utils/src/rtc_alarm.o
                0x00014f24                RTC_IRQHandler
 .text.delay_us
                0x00014fd0       0x1c ./L3_Utils/src/utilities.o
                0x00014fd0                delay_us
 .text.is_freertos_running
                0x00014fec        0xe ./L3_Utils/src/utilities.o
                0x00014fec                is_freertos_running
 .text.delay_ms
                0x00014ffa       0x22 ./L3_Utils/src/utilities.o
                0x00014ffa                delay_ms
 .text.adc0_start_conversion
                0x0001501c       0x24 ./L2_Drivers/src/adc.o
 .text.ADC_IRQHandler
                0x00015040       0x48 ./L2_Drivers/src/adc.o
                0x00015040                ADC_IRQHandler
 .text.adc0_init
                0x00015088       0x74 ./L2_Drivers/src/adc.o
                0x00015088                adc0_init
 .text.adc0_get_reading
                0x000150fc       0x78 ./L2_Drivers/src/adc.o
                0x000150fc                adc0_get_reading
 .text.CAN_tx_now
                0x00015174       0x32 ./L2_Drivers/src/can.o
 *fill*         0x000151a6        0x2 ff
 .text.CAN_handle_isr
                0x000151a8       0xa0 ./L2_Drivers/src/can.o
 .text.CAN_IRQHandler
                0x00015248       0x28 ./L2_Drivers/src/can.o
                0x00015248                CAN_IRQHandler
 .text.handle_eint_list
                0x00015270       0x2c ./L2_Drivers/src/eint.o
 .text.eint3_enable.isra.0
                0x0001529c       0x38 ./L2_Drivers/src/eint.o
 .text.EINT3_IRQHandler
                0x000152d4       0x80 ./L2_Drivers/src/eint.o
                0x000152d4                EINT3_IRQHandler
 .text.eint3_enable_port0
                0x00015354       0x30 ./L2_Drivers/src/eint.o
                0x00015354                eint3_enable_port0
 .text._ZN4I2C24initEj
                0x00015384       0x68 ./L2_Drivers/src/i2c2.o
                0x00015384                I2C2::init(unsigned int)
 .text._ZN4I2C2C2Ev
                0x000153ec       0x14 ./L2_Drivers/src/i2c2.o
                0x000153ec                I2C2::I2C2()
                0x000153ec                I2C2::I2C2()
 .text.I2C2_IRQHandler
                0x00015400       0x24 ./L2_Drivers/src/i2c2.o
                0x00015400                I2C2_IRQHandler
 .text.RIT_IRQHandler
                0x00015424       0x1c ./L2_Drivers/src/lpc_rit.o
                0x00015424                RIT_IRQHandler
 .text.lpc_timer_get_struct
                0x00015440       0x20 ./L2_Drivers/src/lpc_timers.o
 .text.lpc_timer_enable
                0x00015460       0x54 ./L2_Drivers/src/lpc_timers.o
                0x00015460                lpc_timer_enable
 .text.rtc_gettime
                0x000154b4       0x50 ./L2_Drivers/src/rtc.o
                0x000154b4                rtc_gettime
 .text.rtc_settime
                0x00015504       0x68 ./L2_Drivers/src/rtc.o
                0x00015504                rtc_settime
 .text.rtc_init
                0x0001556c       0xd0 ./L2_Drivers/src/rtc.o
                0x0001556c                rtc_init
 .text.ssp1_dma_init
                0x0001563c       0x1c ./L2_Drivers/src/spi_dma.o
                0x0001563c                ssp1_dma_init
 .text.ssp1_dma_transfer_block
                0x00015658       0xc4 ./L2_Drivers/src/spi_dma.o
                0x00015658                ssp1_dma_transfer_block
 .text.spi1_lock
                0x0001571c       0x30 ./L2_Drivers/src/spi_sem.o
                0x0001571c                spi1_lock
 .text.spi1_unlock
                0x0001574c       0x24 ./L2_Drivers/src/spi_sem.o
                0x0001574c                spi1_unlock
 .text._ZN5Uart0D2Ev
                0x00015770       0x14 ./L2_Drivers/src/uart0.o
                0x00015770                Uart0::~Uart0()
                0x00015770                Uart0::~Uart0()
 .text._ZN5Uart0D0Ev
                0x00015784       0x12 ./L2_Drivers/src/uart0.o
                0x00015784                Uart0::~Uart0()
 *fill*         0x00015796        0x2 ff
 .text._ZN5Uart0C2Ev
                0x00015798       0x1c ./L2_Drivers/src/uart0.o
                0x00015798                Uart0::Uart0()
                0x00015798                Uart0::Uart0()
 .text.UART0_IRQHandler
                0x000157b4       0x24 ./L2_Drivers/src/uart0.o
                0x000157b4                UART0_IRQHandler
 .text._ZN5Uart2D2Ev
                0x000157d8       0x14 ./L2_Drivers/src/uart2.o
                0x000157d8                Uart2::~Uart2()
                0x000157d8                Uart2::~Uart2()
 .text._ZN5Uart2D0Ev
                0x000157ec       0x12 ./L2_Drivers/src/uart2.o
                0x000157ec                Uart2::~Uart2()
 *fill*         0x000157fe        0x2 ff
 .text._ZN5Uart2C2Ev
                0x00015800       0x1c ./L2_Drivers/src/uart2.o
                0x00015800                Uart2::Uart2()
                0x00015800                Uart2::Uart2()
 .text.UART2_IRQHandler
                0x0001581c       0x24 ./L2_Drivers/src/uart2.o
                0x0001581c                UART2_IRQHandler
 .text._ZN5Uart3D2Ev
                0x00015840       0x14 ./L2_Drivers/src/uart3.o
                0x00015840                Uart3::~Uart3()
                0x00015840                Uart3::~Uart3()
 .text._ZN5Uart3D0Ev
                0x00015854       0x12 ./L2_Drivers/src/uart3.o
                0x00015854                Uart3::~Uart3()
 *fill*         0x00015866        0x2 ff
 .text._ZN5Uart3C2Ev
                0x00015868       0x1c ./L2_Drivers/src/uart3.o
                0x00015868                Uart3::Uart3()
                0x00015868                Uart3::Uart3()
 .text.UART3_IRQHandler
                0x00015884       0x24 ./L2_Drivers/src/uart3.o
                0x00015884                UART3_IRQHandler
 .text._ZN7CharDev5flushEv
                0x000158a8        0x4 ./L2_Drivers/base/char_dev.o
                0x000158a8                CharDev::flush()
 .text._ZN7CharDevC2Ev
                0x000158ac       0x20 ./L2_Drivers/base/char_dev.o
                0x000158ac                CharDev::CharDev()
                0x000158ac                CharDev::CharDev()
 .text._ZN7CharDevD2Ev
                0x000158cc       0x18 ./L2_Drivers/base/char_dev.o
                0x000158cc                CharDev::~CharDev()
                0x000158cc                CharDev::~CharDev()
 .text._ZN8I2C_Base8transferEhhPhm
                0x000158e4       0xdc ./L2_Drivers/base/i2c_base.o
                0x000158e4                I2C_Base::transfer(unsigned char, unsigned char, unsigned char*, unsigned long)
 .text._ZN8I2C_Base13readRegistersEhhPhm
                0x000159c0        0x8 ./L2_Drivers/base/i2c_base.o
                0x000159c0                I2C_Base::readRegisters(unsigned char, unsigned char, unsigned char*, unsigned long)
 .text._ZN8I2C_Base7readRegEhh
                0x000159c8       0x1a ./L2_Drivers/base/i2c_base.o
                0x000159c8                I2C_Base::readReg(unsigned char, unsigned char)
 .text._ZN8I2C_Base14writeRegistersEhhPhm
                0x000159e2        0x8 ./L2_Drivers/base/i2c_base.o
                0x000159e2                I2C_Base::writeRegisters(unsigned char, unsigned char, unsigned char*, unsigned long)
 .text._ZN8I2C_Base8writeRegEhhh
                0x000159ea       0x16 ./L2_Drivers/base/i2c_base.o
                0x000159ea                I2C_Base::writeReg(unsigned char, unsigned char, unsigned char)
 .text._ZN8I2C_Base19checkDeviceResponseEh
                0x00015a00       0x16 ./L2_Drivers/base/i2c_base.o
                0x00015a00                I2C_Base::checkDeviceResponse(unsigned char)
 *fill*         0x00015a16        0x2 ff
 .text._ZN8I2C_BaseC2EP15LPC_I2C_TypeDef
                0x00015a18       0x50 ./L2_Drivers/base/i2c_base.o
                0x00015a18                I2C_Base::I2C_Base(LPC_I2C_TypeDef*)
                0x00015a18                I2C_Base::I2C_Base(LPC_I2C_TypeDef*)
 .text._ZN8I2C_Base4initEmm
                0x00015a68       0x90 ./L2_Drivers/base/i2c_base.o
                0x00015a68                I2C_Base::init(unsigned long, unsigned long)
 .text._ZN8I2C_Base15i2cStateMachineEv
                0x00015af8      0x122 ./L2_Drivers/base/i2c_base.o
                0x00015af8                I2C_Base::i2cStateMachine()
 *fill*         0x00015c1a        0x2 ff
 .text._ZN8I2C_Base15handleInterruptEv
                0x00015c1c       0x34 ./L2_Drivers/base/i2c_base.o
                0x00015c1c                I2C_Base::handleInterrupt()
 .text._ZN7UartDevD2Ev
                0x00015c50       0x14 ./L2_Drivers/base/uart_dev.o
                0x00015c50                UartDev::~UartDev()
                0x00015c50                UartDev::~UartDev()
 .text._ZN7UartDevD0Ev
                0x00015c64       0x12 ./L2_Drivers/base/uart_dev.o
                0x00015c64                UartDev::~UartDev()
 .text._ZN7UartDev5flushEv
                0x00015c76       0x20 ./L2_Drivers/base/uart_dev.o
                0x00015c76                UartDev::flush()
 .text._ZN7UartDev7putCharEcj
                0x00015c96       0x5a ./L2_Drivers/base/uart_dev.o
                0x00015c96                UartDev::putChar(char, unsigned int)
 .text._ZN7UartDev7getCharEPcj
                0x00015cf0       0x6e ./L2_Drivers/base/uart_dev.o
                0x00015cf0                UartDev::getChar(char*, unsigned int)
 *fill*         0x00015d5e        0x2 ff
 .text._ZN7UartDev15handleInterruptEv
                0x00015d60       0xc0 ./L2_Drivers/base/uart_dev.o
                0x00015d60                UartDev::handleInterrupt()
 .text._ZN7UartDevC2EPj
                0x00015e20       0x28 ./L2_Drivers/base/uart_dev.o
                0x00015e20                UartDev::UartDev(unsigned int*)
                0x00015e20                UartDev::UartDev(unsigned int*)
 .text.vListInitialise
                0x00015e48       0x16 ./L1_FreeRTOS/src/list.o
                0x00015e48                vListInitialise
 .text.vListInitialiseItem
                0x00015e5e        0x6 ./L1_FreeRTOS/src/list.o
                0x00015e5e                vListInitialiseItem
 .text.vListInsertEnd
                0x00015e64       0x18 ./L1_FreeRTOS/src/list.o
                0x00015e64                vListInsertEnd
 .text.vListInsert
                0x00015e7c       0x30 ./L1_FreeRTOS/src/list.o
                0x00015e7c                vListInsert
 .text.uxListRemove
                0x00015eac       0x20 ./L1_FreeRTOS/src/list.o
                0x00015eac                uxListRemove
 .text.prvCopyDataToQueue
                0x00015ecc       0x70 ./L1_FreeRTOS/src/queue.o
 .text.prvNotifyQueueSetContainer
                0x00015f3c       0x4a ./L1_FreeRTOS/src/queue.o
 .text.prvCopyDataFromQueue
                0x00015f86       0x28 ./L1_FreeRTOS/src/queue.o
 .text.prvUnlockQueue
                0x00015fae       0x7c ./L1_FreeRTOS/src/queue.o
 *fill*         0x0001602a        0x2 ff
 .text.xQueueGenericReset
                0x0001602c       0x6c ./L1_FreeRTOS/src/queue.o
                0x0001602c                xQueueGenericReset
 .text.xQueueGenericCreate
                0x00016098       0x32 ./L1_FreeRTOS/src/queue.o
                0x00016098                xQueueGenericCreate
 *fill*         0x000160ca        0x2 ff
 .text.xQueueGenericSend
                0x000160cc      0x108 ./L1_FreeRTOS/src/queue.o
                0x000160cc                xQueueGenericSend
 .text.xQueueCreateMutex
                0x000161d4       0x24 ./L1_FreeRTOS/src/queue.o
                0x000161d4                xQueueCreateMutex
 .text.xQueueGenericSendFromISR
                0x000161f8       0x7c ./L1_FreeRTOS/src/queue.o
                0x000161f8                xQueueGenericSendFromISR
 .text.xQueueGiveFromISR
                0x00016274       0x62 ./L1_FreeRTOS/src/queue.o
                0x00016274                xQueueGiveFromISR
 *fill*         0x000162d6        0x2 ff
 .text.xQueueGenericReceive
                0x000162d8      0x134 ./L1_FreeRTOS/src/queue.o
                0x000162d8                xQueueGenericReceive
 .text.xQueueReceiveFromISR
                0x0001640c       0x64 ./L1_FreeRTOS/src/queue.o
                0x0001640c                xQueueReceiveFromISR
 .text.uxQueueMessagesWaiting
                0x00016470       0x12 ./L1_FreeRTOS/src/queue.o
                0x00016470                uxQueueMessagesWaiting
 .text.uxQueueMessagesWaitingFromISR
                0x00016482        0x4 ./L1_FreeRTOS/src/queue.o
                0x00016482                uxQueueMessagesWaitingFromISR
 *fill*         0x00016486        0x2 ff
 .text.prvIdleTask
                0x00016488       0x28 ./L1_FreeRTOS/src/tasks.o
 .text.prvResetNextTaskUnblockTime
                0x000164b0       0x24 ./L1_FreeRTOS/src/tasks.o
 .text.prvAddCurrentTaskToDelayedList
                0x000164d4       0x90 ./L1_FreeRTOS/src/tasks.o
 .text.xTaskCreate
                0x00016564      0x1a4 ./L1_FreeRTOS/src/tasks.o
                0x00016564                xTaskCreate
 .text.vTaskStartScheduler
                0x00016708       0x64 ./L1_FreeRTOS/src/tasks.o
                0x00016708                vTaskStartScheduler
 .text.vTaskSuspendAll
                0x0001676c       0x10 ./L1_FreeRTOS/src/tasks.o
                0x0001676c                vTaskSuspendAll
 .text.xTaskGetTickCountFromISR
                0x0001677c        0xc ./L1_FreeRTOS/src/tasks.o
                0x0001677c                xTaskGetTickCountFromISR
 .text.xTaskIncrementTick
                0x00016788      0x118 ./L1_FreeRTOS/src/tasks.o
                0x00016788                xTaskIncrementTick
 .text.xTaskResumeAll
                0x000168a0       0xdc ./L1_FreeRTOS/src/tasks.o
                0x000168a0                xTaskResumeAll
 .text.vTaskDelay
                0x0001697c       0x30 ./L1_FreeRTOS/src/tasks.o
                0x0001697c                vTaskDelay
 .text.vTaskSwitchContext
                0x000169ac       0xb8 ./L1_FreeRTOS/src/tasks.o
                0x000169ac                vTaskSwitchContext
 .text.vTaskPlaceOnEventList
                0x00016a64       0x20 ./L1_FreeRTOS/src/tasks.o
                0x00016a64                vTaskPlaceOnEventList
 .text.xTaskRemoveFromEventList
                0x00016a84       0x70 ./L1_FreeRTOS/src/tasks.o
                0x00016a84                xTaskRemoveFromEventList
 .text.vTaskSetTimeOutState
                0x00016af4       0x18 ./L1_FreeRTOS/src/tasks.o
                0x00016af4                vTaskSetTimeOutState
 .text.xTaskCheckForTimeOut
                0x00016b0c       0x4c ./L1_FreeRTOS/src/tasks.o
                0x00016b0c                xTaskCheckForTimeOut
 .text.vTaskMissedYield
                0x00016b58        0xc ./L1_FreeRTOS/src/tasks.o
                0x00016b58                vTaskMissedYield
 .text.xTaskGetSchedulerState
                0x00016b64       0x20 ./L1_FreeRTOS/src/tasks.o
                0x00016b64                xTaskGetSchedulerState
 .text.vTaskPriorityInherit
                0x00016b84       0x94 ./L1_FreeRTOS/src/tasks.o
                0x00016b84                vTaskPriorityInherit
 .text.xTaskPriorityDisinherit
                0x00016c18       0x70 ./L1_FreeRTOS/src/tasks.o
                0x00016c18                xTaskPriorityDisinherit
 .text.pvTaskIncrementMutexHeldCount
                0x00016c88       0x18 ./L1_FreeRTOS/src/tasks.o
                0x00016c88                pvTaskIncrementMutexHeldCount
 .text.vRunTimeStatIsrEntry
                0x00016ca0       0x28 ./L1_FreeRTOS/src/tasks.o
                0x00016ca0                vRunTimeStatIsrEntry
 .text.vRunTimeStatIsrExit
                0x00016cc8       0x10 ./L1_FreeRTOS/src/tasks.o
                0x00016cc8                vRunTimeStatIsrExit
 .text.prvTaskExitError
                0x00016cd8       0x12 ./L1_FreeRTOS/portable/no_mpu/port.o
 *fill*         0x00016cea        0x2 ff
 .text.prvPortStartFirstTask
                0x00016cec       0x20 ./L1_FreeRTOS/portable/no_mpu/port.o
 .text.pxPortInitialiseStack
                0x00016d0c       0x24 ./L1_FreeRTOS/portable/no_mpu/port.o
                0x00016d0c                pxPortInitialiseStack
 .text.vPortSVCHandler
                0x00016d30       0x24 ./L1_FreeRTOS/portable/no_mpu/port.o
                0x00016d30                vPortSVCHandler
 .text.vPortEnterCritical
                0x00016d54       0x20 ./L1_FreeRTOS/portable/no_mpu/port.o
                0x00016d54                vPortEnterCritical
 .text.vPortExitCritical
                0x00016d74       0x14 ./L1_FreeRTOS/portable/no_mpu/port.o
                0x00016d74                vPortExitCritical
 *fill*         0x00016d88        0x8 ff
 .text.xPortPendSVHandler
                0x00016d90       0x44 ./L1_FreeRTOS/portable/no_mpu/port.o
                0x00016d90                xPortPendSVHandler
 .text.xPortSysTickHandler
                0x00016dd4       0x2c ./L1_FreeRTOS/portable/no_mpu/port.o
                0x00016dd4                xPortSysTickHandler
 .text.vPortSetupTimerInterrupt
                0x00016e00       0x14 ./L1_FreeRTOS/portable/no_mpu/port.o
                0x00016e00                vPortSetupTimerInterrupt
 .text.xPortStartScheduler
                0x00016e14       0x30 ./L1_FreeRTOS/portable/no_mpu/port.o
                0x00016e14                xPortStartScheduler
 .text.rts_not_full_trace_init
                0x00016e44       0x14 ./L1_FreeRTOS/portable/run_time_stats.o
                0x00016e44                rts_not_full_trace_init
 .text.rts_not_full_trace_get
                0x00016e58       0x14 ./L1_FreeRTOS/portable/run_time_stats.o
                0x00016e58                rts_not_full_trace_get
 .text.vApplicationIdleHook
                0x00016e6c        0x4 ./L1_FreeRTOS/hooks/hooks.o
                0x00016e6c                vApplicationIdleHook
 .text.vApplicationStackOverflowHook
                0x00016e70       0x38 ./L1_FreeRTOS/hooks/hooks.o
                0x00016e70                vApplicationStackOverflowHook
 .text.vApplicationMallocFailedHook
                0x00016ea8       0x24 ./L1_FreeRTOS/hooks/hooks.o
                0x00016ea8                vApplicationMallocFailedHook
 .text.pvPortMalloc
                0x00016ecc       0x1e ./L1_FreeRTOS/MemMang/freertos_mem_man.o
                0x00016ecc                pvPortMalloc
 .text.vPortFree
                0x00016eea       0x1a ./L1_FreeRTOS/MemMang/freertos_mem_man.o
                0x00016eea                vPortFree
 .text.__set_PSP
                0x00016f04        0x6 ./L0_LowLevel/source/core_cm3.o
                0x00016f04                __set_PSP
 .text.__set_MSP
                0x00016f0a        0x6 ./L0_LowLevel/source/core_cm3.o
                0x00016f0a                __set_MSP
 .text.__set_BASEPRI
                0x00016f10        0x6 ./L0_LowLevel/source/core_cm3.o
                0x00016f10                __set_BASEPRI
 *fill*         0x00016f16        0x2 ff
 .text.sys_get_boot_type
                0x00016f18        0xc ./L0_LowLevel/source/low_level_init.o
                0x00016f18                sys_get_boot_type
 .text._Z14low_level_initv
                0x00016f24      0x238 ./L0_LowLevel/source/low_level_init.o
                0x00016f24                low_level_init()
 .text.lpc_pconp
                0x0001715c       0x30 ./L0_LowLevel/source/lpc_peripherals.o
                0x0001715c                lpc_pconp
 .text.lpc_pclk
                0x0001718c       0x48 ./L0_LowLevel/source/lpc_peripherals.o
                0x0001718c                lpc_pclk
 .text.lpc_sys_setup_system_timer
                0x000171d4       0x54 ./L0_LowLevel/source/lpc_sys.o
                0x000171d4                lpc_sys_setup_system_timer
 .text.sys_get_uptime_us
                0x00017228       0x2c ./L0_LowLevel/source/lpc_sys.o
                0x00017228                sys_get_uptime_us
 .text.sys_get_mem_info_str
                0x00017254       0x38 ./L0_LowLevel/source/lpc_sys.o
                0x00017254                sys_get_mem_info_str
 .text.TIMER1_IRQHandler
                0x0001728c       0xbc ./L0_LowLevel/source/lpc_sys.o
                0x0001728c                TIMER1_IRQHandler
 .text.isr_forwarder_routine
                0x00017348       0x3c ./L0_LowLevel/source/startup.o
 .text.isr_hard_fault_handler
                0x00017384       0x58 ./L0_LowLevel/source/startup.o
                0x00017384                isr_hard_fault_handler
 .text._ZL19sys_clock_pll0_feedv
                0x000173dc       0x14 ./L0_LowLevel/source/sys_clock.o
 .text._ZL23sys_clock_configure_plljjPiS_S_.constprop.0
                0x000173f0       0x78 ./L0_LowLevel/source/sys_clock.o
 .text._Z19sys_clock_configurev
                0x00017468       0xb4 ./L0_LowLevel/source/sys_clock.o
                0x00017468                sys_clock_configure()
 .text.sys_get_cpu_clock
                0x0001751c       0xa4 ./L0_LowLevel/source/sys_clock.o
                0x0001751c                sys_get_cpu_clock
 .text.uart0_init
                0x000175c0       0x60 ./L0_LowLevel/source/uart0_min.o
                0x000175c0                uart0_init
 .text.uart0_getchar
                0x00017620       0x18 ./L0_LowLevel/source/uart0_min.o
                0x00017620                uart0_getchar
 .text.uart0_putchar
                0x00017638       0x18 ./L0_LowLevel/source/uart0_min.o
                0x00017638                uart0_putchar
 .text.uart0_puts
                0x00017650       0x1a ./L0_LowLevel/source/uart0_min.o
                0x00017650                uart0_puts
 *fill*         0x0001766a        0x2 ff
 .text._ZN10__cxxabiv120__si_class_type_infoD2Ev
                0x0001766c       0x14 c:/sjsudev_v2/toolchain/bin/../lib/gcc/arm-none-eabi/5.4.1/../../../../arm-none-eabi/lib/armv7-m\libstdc++_nano.a(si_class_type_info.o)
                0x0001766c                __cxxabiv1::__si_class_type_info::~__si_class_type_info()
                0x0001766c                __cxxabiv1::__si_class_type_info::~__si_class_type_info()
 .text._ZN10__cxxabiv120__si_class_type_infoD0Ev
                0x00017680       0x12 c:/sjsudev_v2/toolchain/bin/../lib/gcc/arm-none-eabi/5.4.1/../../../../arm-none-eabi/lib/armv7-m\libstdc++_nano.a(si_class_type_info.o)
                0x00017680                __cxxabiv1::__si_class_type_info::~__si_class_type_info()
 .text._ZNK10__cxxabiv120__si_class_type_info12__do_dyncastEiNS_17__class_type_info10__sub_kindEPKS1_PKvS4_S6_RNS1_16__dyncast_resultE
                0x00017692       0x7c c:/sjsudev_v2/toolchain/bin/../lib/gcc/arm-none-eabi/5.4.1/../../../../arm-none-eabi/lib/armv7-m\libstdc++_nano.a(si_class_type_info.o)
                0x00017692                __cxxabiv1::__si_class_type_info::__do_dyncast(int, __cxxabiv1::__class_type_info::__sub_kind, __cxxabiv1::__class_type_info const*, void const*, __cxxabiv1::__class_type_info const*, void const*, __cxxabiv1::__class_type_info::__dyncast_result&) const
 .text._ZNK10__cxxabiv120__si_class_type_info20__do_find_public_srcEiPKvPKNS_17__class_type_infoES2_
                0x0001770e       0x38 c:/sjsudev_v2/toolchain/bin/../lib/gcc/arm-none-eabi/5.4.1/../../../../arm-none-eabi/lib/armv7-m\libstdc++_nano.a(si_class_type_info.o)
                0x0001770e                __cxxabiv1::__si_class_type_info::__do_find_public_src(int, void const*, __cxxabiv1::__class_type_info const*, void const*) const
 .text._ZNK10__cxxabiv120__si_class_type_info11__do_upcastEPKNS_17__class_type_infoEPKvRNS1_15__upcast_resultE
                0x00017746       0x2a c:/sjsudev_v2/toolchain/bin/../lib/gcc/arm-none-eabi/5.4.1/../../../../arm-none-eabi/lib/armv7-m\libstdc++_nano.a(si_class_type_info.o)
                0x00017746                __cxxabiv1::__si_class_type_info::__do_upcast(__cxxabiv1::__class_type_info const*, void const*, __cxxabiv1::__class_type_info::__upcast_result&) const
 .text._ZN10__cxxabiv121__vmi_class_type_infoD2Ev
                0x00017770       0x14 c:/sjsudev_v2/toolchain/bin/../lib/gcc/arm-none-eabi/5.4.1/../../../../arm-none-eabi/lib/armv7-m\libstdc++_nano.a(vmi_class_type_info.o)
                0x00017770                __cxxabiv1::__vmi_class_type_info::~__vmi_class_type_info()
                0x00017770                __cxxabiv1::__vmi_class_type_info::~__vmi_class_type_info()
 .text._ZN10__cxxabiv121__vmi_class_type_infoD0Ev
                0x00017784       0x12 c:/sjsudev_v2/toolchain/bin/../lib/gcc/arm-none-eabi/5.4.1/../../../../arm-none-eabi/lib/armv7-m\libstdc++_nano.a(vmi_class_type_info.o)
                0x00017784                __cxxabiv1::__vmi_class_type_info::~__vmi_class_type_info()
 .text._ZNK10__cxxabiv121__vmi_class_type_info20__do_find_public_srcEiPKvPKNS_17__class_type_infoES2_
                0x00017796       0x74 c:/sjsudev_v2/toolchain/bin/../lib/gcc/arm-none-eabi/5.4.1/../../../../arm-none-eabi/lib/armv7-m\libstdc++_nano.a(vmi_class_type_info.o)
                0x00017796                __cxxabiv1::__vmi_class_type_info::__do_find_public_src(int, void const*, __cxxabiv1::__class_type_info const*, void const*) const
 .text._ZNK10__cxxabiv117__class_type_info17__find_public_srcEiPKvPKS0_S2_
                0x0001780a       0x2a c:/sjsudev_v2/toolchain/bin/../lib/gcc/arm-none-eabi/5.4.1/../../../../arm-none-eabi/lib/armv7-m\libstdc++_nano.a(vmi_class_type_info.o)
                0x0001780a                __cxxabiv1::__class_type_info::__find_public_src(int, void const*, __cxxabiv1::__class_type_info const*, void const*) const
 .text._ZNK10__cxxabiv121__vmi_class_type_info12__do_dyncastEiNS_17__class_type_info10__sub_kindEPKS1_PKvS4_S6_RNS1_16__dyncast_resultE
                0x00017834      0x28e c:/sjsudev_v2/toolchain/bin/../lib/gcc/arm-none-eabi/5.4.1/../../../../arm-none-eabi/lib/armv7-m\libstdc++_nano.a(vmi_class_type_info.o)
                0x00017834                __cxxabiv1::__vmi_class_type_info::__do_dyncast(int, __cxxabiv1::__class_type_info::__sub_kind, __cxxabiv1::__class_type_info const*, void const*, __cxxabiv1::__class_type_info const*, void const*, __cxxabiv1::__class_type_info::__dyncast_result&) const
 .text._ZNK10__cxxabiv121__vmi_class_type_info11__do_upcastEPKNS_17__class_type_infoEPKvRNS1_15__upcast_resultE
                0x00017ac2      0x12c c:/sjsudev_v2/toolchain/bin/../lib/gcc/arm-none-eabi/5.4.1/../../../../arm-none-eabi/lib/armv7-m\libstdc++_nano.a(vmi_class_type_info.o)
                0x00017ac2                __cxxabiv1::__vmi_class_type_info::__do_upcast(__cxxabiv1::__class_type_info const*, void const*, __cxxabiv1::__class_type_info::__upcast_result&) const
 .text._ZNSt9type_infoD2Ev
                0x00017bee        0x2 c:/sjsudev_v2/toolchain/bin/../lib/gcc/arm-none-eabi/5.4.1/../../../../arm-none-eabi/lib/armv7-m\libstdc++_nano.a(tinfo.o)
                0x00017bee                std::type_info::~type_info()
                0x00017bee                std::type_info::~type_info()
 .text._ZNKSt9type_info15__is_function_pEv
                0x00017bf0        0x4 c:/sjsudev_v2/toolchain/bin/../lib/gcc/arm-none-eabi/5.4.1/../../../../arm-none-eabi/lib/armv7-m\libstdc++_nano.a(tinfo.o)
                0x00017bf0                std::type_info::__is_pointer_p() const
                0x00017bf0                std::type_info::__is_function_p() const
 .text._ZNKSt9type_infoeqERKS_
                0x00017bf4       0x2c c:/sjsudev_v2/toolchain/bin/../lib/gcc/arm-none-eabi/5.4.1/../../../../arm-none-eabi/lib/armv7-m\libstdc++_nano.a(tinfo.o)
                0x00017bf4                std::type_info::operator==(std::type_info const&) const
 .text._ZNK10__cxxabiv117__class_type_info11__do_upcastEPKS0_PPv
                0x00017c20       0x34 c:/sjsudev_v2/toolchain/bin/../lib/gcc/arm-none-eabi/5.4.1/../../../../arm-none-eabi/lib/armv7-m\libstdc++_nano.a(class_type_info.o)
                0x00017c20                __cxxabiv1::__class_type_info::__do_upcast(__cxxabiv1::__class_type_info const*, void**) const
 .text._ZNK10__cxxabiv117__class_type_info20__do_find_public_srcEiPKvPKS0_S2_
                0x00017c54        0xc c:/sjsudev_v2/toolchain/bin/../lib/gcc/arm-none-eabi/5.4.1/../../../../arm-none-eabi/lib/armv7-m\libstdc++_nano.a(class_type_info.o)
                0x00017c54                __cxxabiv1::__class_type_info::__do_find_public_src(int, void const*, __cxxabiv1::__class_type_info const*, void const*) const
 .text._ZN10__cxxabiv117__class_type_infoD2Ev
                0x00017c60       0x14 c:/sjsudev_v2/toolchain/bin/../lib/gcc/arm-none-eabi/5.4.1/../../../../arm-none-eabi/lib/armv7-m\libstdc++_nano.a(class_type_info.o)
                0x00017c60                __cxxabiv1::__class_type_info::~__class_type_info()
                0x00017c60                __cxxabiv1::__class_type_info::~__class_type_info()
 .text._ZN10__cxxabiv117__class_type_infoD0Ev
                0x00017c74       0x12 c:/sjsudev_v2/toolchain/bin/../lib/gcc/arm-none-eabi/5.4.1/../../../../arm-none-eabi/lib/armv7-m\libstdc++_nano.a(class_type_info.o)
                0x00017c74                __cxxabiv1::__class_type_info::~__class_type_info()
 .text._ZNK10__cxxabiv117__class_type_info11__do_upcastEPKS0_PKvRNS0_15__upcast_resultE
                0x00017c86       0x18 c:/sjsudev_v2/toolchain/bin/../lib/gcc/arm-none-eabi/5.4.1/../../../../arm-none-eabi/lib/armv7-m\libstdc++_nano.a(class_type_info.o)
                0x00017c86                __cxxabiv1::__class_type_info::__do_upcast(__cxxabiv1::__class_type_info const*, void const*, __cxxabiv1::__class_type_info::__upcast_result&) const
 .text._ZNK10__cxxabiv117__class_type_info12__do_dyncastEiNS0_10__sub_kindEPKS0_PKvS3_S5_RNS0_16__dyncast_resultE
                0x00017c9e       0x38 c:/sjsudev_v2/toolchain/bin/../lib/gcc/arm-none-eabi/5.4.1/../../../../arm-none-eabi/lib/armv7-m\libstdc++_nano.a(class_type_info.o)
                0x00017c9e                __cxxabiv1::__class_type_info::__do_dyncast(int, __cxxabiv1::__class_type_info::__sub_kind, __cxxabiv1::__class_type_info const*, void const*, __cxxabiv1::__class_type_info const*, void const*, __cxxabiv1::__class_type_info::__dyncast_result&) const
 .text._ZNK10__cxxabiv117__class_type_info10__do_catchEPKSt9type_infoPPvj
                0x00017cd6       0x2a c:/sjsudev_v2/toolchain/bin/../lib/gcc/arm-none-eabi/5.4.1/../../../../arm-none-eabi/lib/armv7-m\libstdc++_nano.a(class_type_info.o)
                0x00017cd6                __cxxabiv1::__class_type_info::__do_catch(std::type_info const*, void**, unsigned int) const
 .text.__cxa_guard_acquire
                0x00017d00       0x18 c:/sjsudev_v2/toolchain/bin/../lib/gcc/arm-none-eabi/5.4.1/../../../../arm-none-eabi/lib/armv7-m\libstdc++_nano.a(guard.o)
                0x00017d00                __cxa_guard_acquire
 .text.__cxa_guard_release
                0x00017d18        0x6 c:/sjsudev_v2/toolchain/bin/../lib/gcc/arm-none-eabi/5.4.1/../../../../arm-none-eabi/lib/armv7-m\libstdc++_nano.a(guard.o)
                0x00017d18                __cxa_guard_release
 .text.__cxa_pure_virtual
                0x00017d1e        0x6 c:/sjsudev_v2/toolchain/bin/../lib/gcc/arm-none-eabi/5.4.1/../../../../arm-none-eabi/lib/armv7-m\libstdc++_nano.a(pure.o)
                0x00017d1e                __cxa_pure_virtual
 .text._ZN10__cxxabiv111__terminateEPFvvE
                0x00017d24        0x8 c:/sjsudev_v2/toolchain/bin/../lib/gcc/arm-none-eabi/5.4.1/../../../../arm-none-eabi/lib/armv7-m\libstdc++_nano.a(eh_terminate.o)
                0x00017d24                __cxxabiv1::__terminate(void (*)())
 .text._ZSt13get_terminatev
                0x00017d2c       0x10 c:/sjsudev_v2/toolchain/bin/../lib/gcc/arm-none-eabi/5.4.1/../../../../arm-none-eabi/lib/armv7-m\libstdc++_nano.a(eh_terminate.o)
                0x00017d2c                std::get_terminate()
 .text._ZSt9terminatev
                0x00017d3c        0xa c:/sjsudev_v2/toolchain/bin/../lib/gcc/arm-none-eabi/5.4.1/../../../../arm-none-eabi/lib/armv7-m\libstdc++_nano.a(eh_terminate.o)
                0x00017d3c                std::terminate()
 *fill*         0x00017d46        0x2 ff
 .text          0x00017d48       0x18 c:/sjsudev_v2/toolchain/bin/../lib/gcc/arm-none-eabi/5.4.1/armv7-m\libgcc.a(_ashldi3.o)
                0x00017d48                __aeabi_llsl
                0x00017d48                __ashldi3
 .text          0x00017d60      0x370 c:/sjsudev_v2/toolchain/bin/../lib/gcc/arm-none-eabi/5.4.1/armv7-m\libgcc.a(_arm_addsubdf3.o)
                0x00017d60                __aeabi_drsub
                0x00017d68                __aeabi_dsub
                0x00017d68                __subdf3
                0x00017d6c                __aeabi_dadd
                0x00017d6c                __adddf3
                0x00017fe4                __floatunsidf
                0x00017fe4                __aeabi_ui2d
                0x00018004                __floatsidf
                0x00018004                __aeabi_i2d
                0x00018028                __aeabi_f2d
                0x00018028                __extendsfdf2
                0x00018064                __floatundidf
                0x00018064                __aeabi_ul2d
                0x00018074                __floatdidf
                0x00018074                __aeabi_l2d
 .text          0x000180d0      0x424 c:/sjsudev_v2/toolchain/bin/../lib/gcc/arm-none-eabi/5.4.1/armv7-m\libgcc.a(_arm_muldivdf3.o)
                0x000180d0                __aeabi_dmul
                0x000180d0                __muldf3
                0x00018324                __divdf3
                0x00018324                __aeabi_ddiv
 .text          0x000184f4       0x40 c:/sjsudev_v2/toolchain/bin/../lib/gcc/arm-none-eabi/5.4.1/armv7-m\libgcc.a(_arm_fixunsdfsi.o)
                0x000184f4                __aeabi_d2uiz
                0x000184f4                __fixunsdfsi
 .text          0x00018534       0xa0 c:/sjsudev_v2/toolchain/bin/../lib/gcc/arm-none-eabi/5.4.1/armv7-m\libgcc.a(_arm_truncdfsf2.o)
                0x00018534                __truncdfsf2
                0x00018534                __aeabi_d2f
 .text          0x000185d4      0x21c c:/sjsudev_v2/toolchain/bin/../lib/gcc/arm-none-eabi/5.4.1/armv7-m\libgcc.a(_arm_addsubsf3.o)
                0x000185d4                __aeabi_frsub
                0x000185dc                __subsf3
                0x000185dc                __aeabi_fsub
                0x000185e0                __aeabi_fadd
                0x000185e0                __addsf3
                0x00018740                __aeabi_ui2f
                0x00018740                __floatunsisf
                0x00018748                __aeabi_i2f
                0x00018748                __floatsisf
                0x00018764                __aeabi_ul2f
                0x00018764                __floatundisf
                0x00018774                __aeabi_l2f
                0x00018774                __floatdisf
 .text          0x000187f0      0x2a0 c:/sjsudev_v2/toolchain/bin/../lib/gcc/arm-none-eabi/5.4.1/armv7-m\libgcc.a(_arm_muldivsf3.o)
                0x000187f0                __mulsf3
                0x000187f0                __aeabi_fmul
                0x00018958                __aeabi_fdiv
                0x00018958                __divsf3
 .text          0x00018a90       0x40 c:/sjsudev_v2/toolchain/bin/../lib/gcc/arm-none-eabi/5.4.1/armv7-m\libgcc.a(_arm_fixunssfsi.o)
                0x00018a90                __fixunssfsi
                0x00018a90                __aeabi_f2uiz
 .text          0x00018ad0       0x30 c:/sjsudev_v2/toolchain/bin/../lib/gcc/arm-none-eabi/5.4.1/armv7-m\libgcc.a(_aeabi_uldivmod.o)
                0x00018ad0                __aeabi_uldivmod
 .text          0x00018b00      0x2ec c:/sjsudev_v2/toolchain/bin/../lib/gcc/arm-none-eabi/5.4.1/armv7-m\libgcc.a(_udivmoddi4.o)
                0x00018b00                __udivmoddi4
 .text          0x00018dec        0x4 c:/sjsudev_v2/toolchain/bin/../lib/gcc/arm-none-eabi/5.4.1/armv7-m\libgcc.a(_dvmd_tls.o)
                0x00018dec                __aeabi_idiv0
                0x00018dec                __aeabi_ldiv0
 .text.abort    0x00018df0        0xe c:/sjsudev_v2/toolchain/bin/../lib/gcc/arm-none-eabi/5.4.1/../../../../arm-none-eabi/lib/armv7-m\libc_nano.a(lib_a-abort.o)
                0x00018df0                abort
 .text.atoi     0x00018dfe        0x8 c:/sjsudev_v2/toolchain/bin/../lib/gcc/arm-none-eabi/5.4.1/../../../../arm-none-eabi/lib/armv7-m\libc_nano.a(lib_a-atoi.o)
                0x00018dfe                atoi
 *fill*         0x00018e06        0x2 ff
 .text._cleanup_r
                0x00018e08        0xc c:/sjsudev_v2/toolchain/bin/../lib/gcc/arm-none-eabi/5.4.1/../../../../arm-none-eabi/lib/armv7-m\libc_nano.a(lib_a-findfp.o)
                0x00018e08                _cleanup_r
 .text.std.isra.0
                0x00018e14       0x48 c:/sjsudev_v2/toolchain/bin/../lib/gcc/arm-none-eabi/5.4.1/../../../../arm-none-eabi/lib/armv7-m\libc_nano.a(lib_a-findfp.o)
 .text.__sfmoreglue
                0x00018e5c       0x2c c:/sjsudev_v2/toolchain/bin/../lib/gcc/arm-none-eabi/5.4.1/../../../../arm-none-eabi/lib/armv7-m\libc_nano.a(lib_a-findfp.o)
                0x00018e5c                __sfmoreglue
 .text.__sinit  0x00018e88       0x60 c:/sjsudev_v2/toolchain/bin/../lib/gcc/arm-none-eabi/5.4.1/../../../../arm-none-eabi/lib/armv7-m\libc_nano.a(lib_a-findfp.o)
                0x00018e88                __sinit
 .text.__sfp    0x00018ee8       0x78 c:/sjsudev_v2/toolchain/bin/../lib/gcc/arm-none-eabi/5.4.1/../../../../arm-none-eabi/lib/armv7-m\libc_nano.a(lib_a-findfp.o)
                0x00018ee8                __sfp
 .text._fwalk   0x00018f60       0x38 c:/sjsudev_v2/toolchain/bin/../lib/gcc/arm-none-eabi/5.4.1/../../../../arm-none-eabi/lib/armv7-m\libc_nano.a(lib_a-fwalk.o)
                0x00018f60                _fwalk
 .text._fwalk_reent
                0x00018f98       0x3c c:/sjsudev_v2/toolchain/bin/../lib/gcc/arm-none-eabi/5.4.1/../../../../arm-none-eabi/lib/armv7-m\libc_nano.a(lib_a-fwalk.o)
                0x00018f98                _fwalk_reent
 .text.__libc_init_array
                0x00018fd4       0x4c c:/sjsudev_v2/toolchain/bin/../lib/gcc/arm-none-eabi/5.4.1/../../../../arm-none-eabi/lib/armv7-m\libc_nano.a(lib_a-init.o)
                0x00018fd4                __libc_init_array
 .text.__get_current_locale
                0x00019020       0x18 c:/sjsudev_v2/toolchain/bin/../lib/gcc/arm-none-eabi/5.4.1/../../../../arm-none-eabi/lib/armv7-m\libc_nano.a(lib_a-locale.o)
 .text.__locale_ctype_ptr_l
                0x00019038        0x6 c:/sjsudev_v2/toolchain/bin/../lib/gcc/arm-none-eabi/5.4.1/../../../../arm-none-eabi/lib/armv7-m\libc_nano.a(lib_a-locale.o)
                0x00019038                __locale_ctype_ptr_l
 *fill*         0x0001903e        0x2 ff
 .text.__locale_ctype_ptr
                0x00019040       0x14 c:/sjsudev_v2/toolchain/bin/../lib/gcc/arm-none-eabi/5.4.1/../../../../arm-none-eabi/lib/armv7-m\libc_nano.a(lib_a-locale.o)
                0x00019040                __locale_ctype_ptr
 .text.malloc   0x00019054       0x10 c:/sjsudev_v2/toolchain/bin/../lib/gcc/arm-none-eabi/5.4.1/../../../../arm-none-eabi/lib/armv7-m\libc_nano.a(lib_a-malloc.o)
                0x00019054                malloc
 .text.free     0x00019064       0x10 c:/sjsudev_v2/toolchain/bin/../lib/gcc/arm-none-eabi/5.4.1/../../../../arm-none-eabi/lib/armv7-m\libc_nano.a(lib_a-malloc.o)
                0x00019064                free
 .text.__ascii_mbtowc
                0x00019074       0x24 c:/sjsudev_v2/toolchain/bin/../lib/gcc/arm-none-eabi/5.4.1/../../../../arm-none-eabi/lib/armv7-m\libc_nano.a(lib_a-mbtowc_r.o)
                0x00019074                __ascii_mbtowc
 .text.memchr   0x00019098       0x1c c:/sjsudev_v2/toolchain/bin/../lib/gcc/arm-none-eabi/5.4.1/../../../../arm-none-eabi/lib/armv7-m\libc_nano.a(lib_a-memchr-stub.o)
                0x00019098                memchr
 .text.memcmp   0x000190b4       0x1e c:/sjsudev_v2/toolchain/bin/../lib/gcc/arm-none-eabi/5.4.1/../../../../arm-none-eabi/lib/armv7-m\libc_nano.a(lib_a-memcmp.o)
                0x000190b4                memcmp
 .text.memcpy   0x000190d2       0x16 c:/sjsudev_v2/toolchain/bin/../lib/gcc/arm-none-eabi/5.4.1/../../../../arm-none-eabi/lib/armv7-m\libc_nano.a(lib_a-memcpy-stub.o)
                0x000190d2                memcpy
 .text.memmove  0x000190e8       0x36 c:/sjsudev_v2/toolchain/bin/../lib/gcc/arm-none-eabi/5.4.1/../../../../arm-none-eabi/lib/armv7-m\libc_nano.a(lib_a-memmove.o)
                0x000190e8                memmove
 .text.memset   0x0001911e       0x10 c:/sjsudev_v2/toolchain/bin/../lib/gcc/arm-none-eabi/5.4.1/../../../../arm-none-eabi/lib/armv7-m\libc_nano.a(lib_a-memset.o)
                0x0001911e                memset
 *fill*         0x0001912e        0x2 ff
 .text.validate_structure
                0x00019130      0x1b8 c:/sjsudev_v2/toolchain/bin/../lib/gcc/arm-none-eabi/5.4.1/../../../../arm-none-eabi/lib/armv7-m\libc_nano.a(lib_a-mktime.o)
 .text.mktime   0x000192e8      0x2e4 c:/sjsudev_v2/toolchain/bin/../lib/gcc/arm-none-eabi/5.4.1/../../../../arm-none-eabi/lib/armv7-m\libc_nano.a(lib_a-mktime.o)
                0x000192e8                mktime
 .text.mallinfo
                0x000195cc       0x14 c:/sjsudev_v2/toolchain/bin/../lib/gcc/arm-none-eabi/5.4.1/../../../../arm-none-eabi/lib/armv7-m\libc_nano.a(lib_a-mstats.o)
                0x000195cc                mallinfo
 .text._free_r  0x000195e0       0x98 c:/sjsudev_v2/toolchain/bin/../lib/gcc/arm-none-eabi/5.4.1/../../../../arm-none-eabi/lib/armv7-m\libc_nano.a(lib_a-nano-freer.o)
                0x000195e0                _free_r
 .text._mallinfo_r
                0x00019678       0x64 c:/sjsudev_v2/toolchain/bin/../lib/gcc/arm-none-eabi/5.4.1/../../../../arm-none-eabi/lib/armv7-m\libc_nano.a(lib_a-nano-mallinfor.o)
                0x00019678                _mallinfo_r
 .text._malloc_r
                0x000196dc       0xbc c:/sjsudev_v2/toolchain/bin/../lib/gcc/arm-none-eabi/5.4.1/../../../../arm-none-eabi/lib/armv7-m\libc_nano.a(lib_a-nano-mallocr.o)
                0x000196dc                _malloc_r
 .text.__cvt    0x00019798       0xc0 c:/sjsudev_v2/toolchain/bin/../lib/gcc/arm-none-eabi/5.4.1/../../../../arm-none-eabi/lib/armv7-m\libc_nano.a(lib_a-nano-vfprintf_float.o)
                0x00019798                __cvt
 .text.__exponent
                0x00019858       0x62 c:/sjsudev_v2/toolchain/bin/../lib/gcc/arm-none-eabi/5.4.1/../../../../arm-none-eabi/lib/armv7-m\libc_nano.a(lib_a-nano-vfprintf_float.o)
                0x00019858                __exponent
 *fill*         0x000198ba        0x2 ff
 .text._printf_float
                0x000198bc      0x488 c:/sjsudev_v2/toolchain/bin/../lib/gcc/arm-none-eabi/5.4.1/../../../../arm-none-eabi/lib/armv7-m\libc_nano.a(lib_a-nano-vfprintf_float.o)
                0x000198bc                _printf_float
 .text._printf_common
                0x00019d44       0xec c:/sjsudev_v2/toolchain/bin/../lib/gcc/arm-none-eabi/5.4.1/../../../../arm-none-eabi/lib/armv7-m\libc_nano.a(lib_a-nano-vfprintf_i.o)
                0x00019d44                _printf_common
 .text._printf_i
                0x00019e30      0x24c c:/sjsudev_v2/toolchain/bin/../lib/gcc/arm-none-eabi/5.4.1/../../../../arm-none-eabi/lib/armv7-m\libc_nano.a(lib_a-nano-vfprintf_i.o)
                0x00019e30                _printf_i
 .text._scanf_float
                0x0001a07c      0x3bc c:/sjsudev_v2/toolchain/bin/../lib/gcc/arm-none-eabi/5.4.1/../../../../arm-none-eabi/lib/armv7-m\libc_nano.a(lib_a-nano-vfscanf_float.o)
                0x0001a07c                _scanf_float
 .text.printf   0x0001a438       0x30 c:/sjsudev_v2/toolchain/bin/../lib/gcc/arm-none-eabi/5.4.1/../../../../arm-none-eabi/lib/armv7-m\libc_nano.a(lib_a-printf.o)
                0x0001a438                iprintf
                0x0001a438                printf
 .text._puts_r  0x0001a468       0xb4 c:/sjsudev_v2/toolchain/bin/../lib/gcc/arm-none-eabi/5.4.1/../../../../arm-none-eabi/lib/armv7-m\libc_nano.a(lib_a-puts.o)
                0x0001a468                _puts_r
 .text.puts     0x0001a51c       0x10 c:/sjsudev_v2/toolchain/bin/../lib/gcc/arm-none-eabi/5.4.1/../../../../arm-none-eabi/lib/armv7-m\libc_nano.a(lib_a-puts.o)
                0x0001a51c                puts
 .text.srand    0x0001a52c       0x50 c:/sjsudev_v2/toolchain/bin/../lib/gcc/arm-none-eabi/5.4.1/../../../../arm-none-eabi/lib/armv7-m\libc_nano.a(lib_a-rand.o)
                0x0001a52c                srand
 .text.rand     0x0001a57c       0x74 c:/sjsudev_v2/toolchain/bin/../lib/gcc/arm-none-eabi/5.4.1/../../../../arm-none-eabi/lib/armv7-m\libc_nano.a(lib_a-rand.o)
                0x0001a57c                rand
 .text.lflush   0x0001a5f0       0x12 c:/sjsudev_v2/toolchain/bin/../lib/gcc/arm-none-eabi/5.4.1/../../../../arm-none-eabi/lib/armv7-m\libc_nano.a(lib_a-refill.o)
 *fill*         0x0001a602        0x2 ff
 .text.__srefill_r
                0x0001a604      0x110 c:/sjsudev_v2/toolchain/bin/../lib/gcc/arm-none-eabi/5.4.1/../../../../arm-none-eabi/lib/armv7-m\libc_nano.a(lib_a-refill.o)
                0x0001a604                __srefill_r
 .text._sbrk_r  0x0001a714       0x20 c:/sjsudev_v2/toolchain/bin/../lib/gcc/arm-none-eabi/5.4.1/../../../../arm-none-eabi/lib/armv7-m\libc_nano.a(lib_a-sbrkr.o)
                0x0001a714                _sbrk_r
 .text.scanf    0x0001a734       0x30 c:/sjsudev_v2/toolchain/bin/../lib/gcc/arm-none-eabi/5.4.1/../../../../arm-none-eabi/lib/armv7-m\libc_nano.a(lib_a-scanf.o)
                0x0001a734                scanf
                0x0001a734                iscanf
 .text.setvbuf  0x0001a764      0x154 c:/sjsudev_v2/toolchain/bin/../lib/gcc/arm-none-eabi/5.4.1/../../../../arm-none-eabi/lib/armv7-m\libc_nano.a(lib_a-setvbuf.o)
                0x0001a764                setvbuf
 .text.nanf     0x0001a8b8        0x8 c:/sjsudev_v2/toolchain/bin/../lib/gcc/arm-none-eabi/5.4.1/../../../../arm-none-eabi/lib/armv7-m\libc_nano.a(lib_a-sf_nan.o)
                0x0001a8b8                nanf
 .text._raise_r
                0x0001a8c0       0x54 c:/sjsudev_v2/toolchain/bin/../lib/gcc/arm-none-eabi/5.4.1/../../../../arm-none-eabi/lib/armv7-m\libc_nano.a(lib_a-signal.o)
                0x0001a8c0                _raise_r
 .text.raise    0x0001a914       0x10 c:/sjsudev_v2/toolchain/bin/../lib/gcc/arm-none-eabi/5.4.1/../../../../arm-none-eabi/lib/armv7-m\libc_nano.a(lib_a-signal.o)
                0x0001a914                raise
 .text._kill_r  0x0001a924       0x24 c:/sjsudev_v2/toolchain/bin/../lib/gcc/arm-none-eabi/5.4.1/../../../../arm-none-eabi/lib/armv7-m\libc_nano.a(lib_a-signalr.o)
                0x0001a924                _kill_r
 .text._getpid_r
                0x0001a948        0x4 c:/sjsudev_v2/toolchain/bin/../lib/gcc/arm-none-eabi/5.4.1/../../../../arm-none-eabi/lib/armv7-m\libc_nano.a(lib_a-signalr.o)
                0x0001a948                _getpid_r
 .text.sprintf  0x0001a94c       0x48 c:/sjsudev_v2/toolchain/bin/../lib/gcc/arm-none-eabi/5.4.1/../../../../arm-none-eabi/lib/armv7-m\libc_nano.a(lib_a-sprintf.o)
                0x0001a94c                siprintf
                0x0001a94c                sprintf
 .text.sscanf   0x0001a994       0x54 c:/sjsudev_v2/toolchain/bin/../lib/gcc/arm-none-eabi/5.4.1/../../../../arm-none-eabi/lib/armv7-m\libc_nano.a(lib_a-sscanf.o)
                0x0001a994                siscanf
                0x0001a994                sscanf
 .text.__sread  0x0001a9e8       0x22 c:/sjsudev_v2/toolchain/bin/../lib/gcc/arm-none-eabi/5.4.1/../../../../arm-none-eabi/lib/armv7-m\libc_nano.a(lib_a-stdio.o)
                0x0001a9e8                __sread
 .text.__seofread
                0x0001aa0a        0x4 c:/sjsudev_v2/toolchain/bin/../lib/gcc/arm-none-eabi/5.4.1/../../../../arm-none-eabi/lib/armv7-m\libc_nano.a(lib_a-stdio.o)
                0x0001aa0a                __seofread
 .text.__swrite
                0x0001aa0e       0x38 c:/sjsudev_v2/toolchain/bin/../lib/gcc/arm-none-eabi/5.4.1/../../../../arm-none-eabi/lib/armv7-m\libc_nano.a(lib_a-stdio.o)
                0x0001aa0e                __swrite
 .text.__sseek  0x0001aa46       0x24 c:/sjsudev_v2/toolchain/bin/../lib/gcc/arm-none-eabi/5.4.1/../../../../arm-none-eabi/lib/armv7-m\libc_nano.a(lib_a-stdio.o)
                0x0001aa46                __sseek
 .text.__sclose
                0x0001aa6a        0x8 c:/sjsudev_v2/toolchain/bin/../lib/gcc/arm-none-eabi/5.4.1/../../../../arm-none-eabi/lib/armv7-m\libc_nano.a(lib_a-stdio.o)
                0x0001aa6a                __sclose
 .text          0x0001aa72       0x14 c:/sjsudev_v2/toolchain/bin/../lib/gcc/arm-none-eabi/5.4.1/../../../../arm-none-eabi/lib/armv7-m\libc_nano.a(lib_a-strcmp.o)
                0x0001aa72                strcmp
 .text.strcpy   0x0001aa86       0x10 c:/sjsudev_v2/toolchain/bin/../lib/gcc/arm-none-eabi/5.4.1/../../../../arm-none-eabi/lib/armv7-m\libc_nano.a(lib_a-strcpy.o)
                0x0001aa86                strcpy
 .text          0x0001aa96       0x10 c:/sjsudev_v2/toolchain/bin/../lib/gcc/arm-none-eabi/5.4.1/../../../../arm-none-eabi/lib/armv7-m\libc_nano.a(lib_a-strlen.o)
                0x0001aa96                strlen
 .text.strncmp  0x0001aaa6       0x2a c:/sjsudev_v2/toolchain/bin/../lib/gcc/arm-none-eabi/5.4.1/../../../../arm-none-eabi/lib/armv7-m\libc_nano.a(lib_a-strncmp.o)
                0x0001aaa6                strncmp
 .text.strncpy  0x0001aad0       0x26 c:/sjsudev_v2/toolchain/bin/../lib/gcc/arm-none-eabi/5.4.1/../../../../arm-none-eabi/lib/armv7-m\libc_nano.a(lib_a-strncpy.o)
                0x0001aad0                strncpy
 .text.unlikely.sulp
                0x0001aaf6       0x42 c:/sjsudev_v2/toolchain/bin/../lib/gcc/arm-none-eabi/5.4.1/../../../../arm-none-eabi/lib/armv7-m\libc_nano.a(lib_a-strtod.o)
 .text._strtod_l
                0x0001ab38      0xbe8 c:/sjsudev_v2/toolchain/bin/../lib/gcc/arm-none-eabi/5.4.1/../../../../arm-none-eabi/lib/armv7-m\libc_nano.a(lib_a-strtod.o)
                0x0001ab38                _strtod_l
 .text._strtod_r
                0x0001b720       0x20 c:/sjsudev_v2/toolchain/bin/../lib/gcc/arm-none-eabi/5.4.1/../../../../arm-none-eabi/lib/armv7-m\libc_nano.a(lib_a-strtod.o)
                0x0001b720                _strtod_r
 .text._strtol_l.isra.0
                0x0001b740      0x110 c:/sjsudev_v2/toolchain/bin/../lib/gcc/arm-none-eabi/5.4.1/../../../../arm-none-eabi/lib/armv7-m\libc_nano.a(lib_a-strtol.o)
 .text._strtol_r
                0x0001b850       0x24 c:/sjsudev_v2/toolchain/bin/../lib/gcc/arm-none-eabi/5.4.1/../../../../arm-none-eabi/lib/armv7-m\libc_nano.a(lib_a-strtol.o)
                0x0001b850                _strtol_r
 .text.strtol   0x0001b874       0x2c c:/sjsudev_v2/toolchain/bin/../lib/gcc/arm-none-eabi/5.4.1/../../../../arm-none-eabi/lib/armv7-m\libc_nano.a(lib_a-strtol.o)
                0x0001b874                strtol
 .text.time     0x0001b8a0       0x28 c:/sjsudev_v2/toolchain/bin/../lib/gcc/arm-none-eabi/5.4.1/../../../../arm-none-eabi/lib/armv7-m\libc_nano.a(lib_a-time.o)
                0x0001b8a0                time
 .text.__tzcalc_limits
                0x0001b8c8      0x150 c:/sjsudev_v2/toolchain/bin/../lib/gcc/arm-none-eabi/5.4.1/../../../../arm-none-eabi/lib/armv7-m\libc_nano.a(lib_a-tzcalc_limits.o)
                0x0001b8c8                __tzcalc_limits
 .text.__tz_lock
                0x0001ba18        0x2 c:/sjsudev_v2/toolchain/bin/../lib/gcc/arm-none-eabi/5.4.1/../../../../arm-none-eabi/lib/armv7-m\libc_nano.a(lib_a-tzlock.o)
                0x0001ba18                __tz_lock
 .text.__tz_unlock
                0x0001ba1a        0x2 c:/sjsudev_v2/toolchain/bin/../lib/gcc/arm-none-eabi/5.4.1/../../../../arm-none-eabi/lib/armv7-m\libc_nano.a(lib_a-tzlock.o)
                0x0001ba1a                __tz_unlock
 .text._tzset_unlocked
                0x0001ba1c        0xc c:/sjsudev_v2/toolchain/bin/../lib/gcc/arm-none-eabi/5.4.1/../../../../arm-none-eabi/lib/armv7-m\libc_nano.a(lib_a-tzset.o)
                0x0001ba1c                _tzset_unlocked
 .text._tzset_unlocked_r
                0x0001ba28      0x300 c:/sjsudev_v2/toolchain/bin/../lib/gcc/arm-none-eabi/5.4.1/../../../../arm-none-eabi/lib/armv7-m\libc_nano.a(lib_a-tzset_r.o)
                0x0001ba28                _tzset_unlocked_r
 .text._vsnprintf_r
                0x0001bd28       0x56 c:/sjsudev_v2/toolchain/bin/../lib/gcc/arm-none-eabi/5.4.1/../../../../arm-none-eabi/lib/armv7-m\libc_nano.a(lib_a-vsnprintf.o)
                0x0001bd28                _vsniprintf_r
                0x0001bd28                _vsnprintf_r
 *fill*         0x0001bd7e        0x2 ff
 .text.vsnprintf
                0x0001bd80       0x1c c:/sjsudev_v2/toolchain/bin/../lib/gcc/arm-none-eabi/5.4.1/../../../../arm-none-eabi/lib/armv7-m\libc_nano.a(lib_a-vsnprintf.o)
                0x0001bd80                vsniprintf
                0x0001bd80                vsnprintf
 .text.__swbuf_r
                0x0001bd9c       0xa8 c:/sjsudev_v2/toolchain/bin/../lib/gcc/arm-none-eabi/5.4.1/../../../../arm-none-eabi/lib/armv7-m\libc_nano.a(lib_a-wbuf.o)
                0x0001bd9c                __swbuf_r
 .text.__ascii_wctomb
                0x0001be44       0x1a c:/sjsudev_v2/toolchain/bin/../lib/gcc/arm-none-eabi/5.4.1/../../../../arm-none-eabi/lib/armv7-m\libc_nano.a(lib_a-wctomb_r.o)
                0x0001be44                __ascii_wctomb
 *fill*         0x0001be5e        0x2 ff
 .text._write_r
                0x0001be60       0x24 c:/sjsudev_v2/toolchain/bin/../lib/gcc/arm-none-eabi/5.4.1/../../../../arm-none-eabi/lib/armv7-m\libc_nano.a(lib_a-writer.o)
                0x0001be60                _write_r
 .text.__swsetup_r
                0x0001be84       0xdc c:/sjsudev_v2/toolchain/bin/../lib/gcc/arm-none-eabi/5.4.1/../../../../arm-none-eabi/lib/armv7-m\libc_nano.a(lib_a-wsetup.o)
                0x0001be84                __swsetup_r
 .text._close_r
                0x0001bf60       0x20 c:/sjsudev_v2/toolchain/bin/../lib/gcc/arm-none-eabi/5.4.1/../../../../arm-none-eabi/lib/armv7-m\libc_nano.a(lib_a-closer.o)
                0x0001bf60                _close_r
 .text.div      0x0001bf80       0x28 c:/sjsudev_v2/toolchain/bin/../lib/gcc/arm-none-eabi/5.4.1/../../../../arm-none-eabi/lib/armv7-m\libc_nano.a(lib_a-div.o)
                0x0001bf80                div
 .text.quorem   0x0001bfa8      0x116 c:/sjsudev_v2/toolchain/bin/../lib/gcc/arm-none-eabi/5.4.1/../../../../arm-none-eabi/lib/armv7-m\libc_nano.a(lib_a-dtoa.o)
 *fill*         0x0001c0be        0x2 ff
 .text._dtoa_r  0x0001c0c0      0xb30 c:/sjsudev_v2/toolchain/bin/../lib/gcc/arm-none-eabi/5.4.1/../../../../arm-none-eabi/lib/armv7-m\libc_nano.a(lib_a-dtoa.o)
                0x0001c0c0                _dtoa_r
 .text.__sflush_r
                0x0001cbf0      0x10c c:/sjsudev_v2/toolchain/bin/../lib/gcc/arm-none-eabi/5.4.1/../../../../arm-none-eabi/lib/armv7-m\libc_nano.a(lib_a-fflush.o)
                0x0001cbf0                __sflush_r
 .text._fflush_r
                0x0001ccfc       0x54 c:/sjsudev_v2/toolchain/bin/../lib/gcc/arm-none-eabi/5.4.1/../../../../arm-none-eabi/lib/armv7-m\libc_nano.a(lib_a-fflush.o)
                0x0001ccfc                _fflush_r
 .text.fflush   0x0001cd50       0x24 c:/sjsudev_v2/toolchain/bin/../lib/gcc/arm-none-eabi/5.4.1/../../../../arm-none-eabi/lib/armv7-m\libc_nano.a(lib_a-fflush.o)
                0x0001cd50                fflush
 .text.rshift   0x0001cd74       0x6c c:/sjsudev_v2/toolchain/bin/../lib/gcc/arm-none-eabi/5.4.1/../../../../arm-none-eabi/lib/armv7-m\libc_nano.a(lib_a-gdtoa-gethex.o)
 .text.__hexdig_fun
                0x0001cde0       0x2a c:/sjsudev_v2/toolchain/bin/../lib/gcc/arm-none-eabi/5.4.1/../../../../arm-none-eabi/lib/armv7-m\libc_nano.a(lib_a-gdtoa-gethex.o)
                0x0001cde0                __hexdig_fun
 .text.__gethex
                0x0001ce0a      0x440 c:/sjsudev_v2/toolchain/bin/../lib/gcc/arm-none-eabi/5.4.1/../../../../arm-none-eabi/lib/armv7-m\libc_nano.a(lib_a-gdtoa-gethex.o)
                0x0001ce0a                __gethex
 .text.L_shift  0x0001d24a       0x24 c:/sjsudev_v2/toolchain/bin/../lib/gcc/arm-none-eabi/5.4.1/../../../../arm-none-eabi/lib/armv7-m\libc_nano.a(lib_a-gdtoa-hexnan.o)
 .text.__match  0x0001d26e       0x26 c:/sjsudev_v2/toolchain/bin/../lib/gcc/arm-none-eabi/5.4.1/../../../../arm-none-eabi/lib/armv7-m\libc_nano.a(lib_a-gdtoa-hexnan.o)
                0x0001d26e                __match
 .text.__hexnan
                0x0001d294      0x11c c:/sjsudev_v2/toolchain/bin/../lib/gcc/arm-none-eabi/5.4.1/../../../../arm-none-eabi/lib/armv7-m\libc_nano.a(lib_a-gdtoa-hexnan.o)
                0x0001d294                __hexnan
 .text._findenv_r
                0x0001d3b0       0x78 c:/sjsudev_v2/toolchain/bin/../lib/gcc/arm-none-eabi/5.4.1/../../../../arm-none-eabi/lib/armv7-m\libc_nano.a(lib_a-getenv_r.o)
                0x0001d3b0                _findenv_r
 .text._getenv_r
                0x0001d428        0xe c:/sjsudev_v2/toolchain/bin/../lib/gcc/arm-none-eabi/5.4.1/../../../../arm-none-eabi/lib/armv7-m\libc_nano.a(lib_a-getenv_r.o)
                0x0001d428                _getenv_r
 *fill*         0x0001d436        0x2 ff
 .text._gettimeofday_r
                0x0001d438       0x24 c:/sjsudev_v2/toolchain/bin/../lib/gcc/arm-none-eabi/5.4.1/../../../../arm-none-eabi/lib/armv7-m\libc_nano.a(lib_a-gettimeofdayr.o)
                0x0001d438                _gettimeofday_r
 .text.__gettzinfo
                0x0001d45c        0x8 c:/sjsudev_v2/toolchain/bin/../lib/gcc/arm-none-eabi/5.4.1/../../../../arm-none-eabi/lib/armv7-m\libc_nano.a(lib_a-gettzinfo.o)
                0x0001d45c                __gettzinfo
 .text.__localeconv_l
                0x0001d464        0x4 c:/sjsudev_v2/toolchain/bin/../lib/gcc/arm-none-eabi/5.4.1/../../../../arm-none-eabi/lib/armv7-m\libc_nano.a(lib_a-localeconv.o)
                0x0001d464                __localeconv_l
 .text._localeconv_r
                0x0001d468       0x1c c:/sjsudev_v2/toolchain/bin/../lib/gcc/arm-none-eabi/5.4.1/../../../../arm-none-eabi/lib/armv7-m\libc_nano.a(lib_a-localeconv.o)
                0x0001d468                _localeconv_r
 .text._lseek_r
                0x0001d484       0x24 c:/sjsudev_v2/toolchain/bin/../lib/gcc/arm-none-eabi/5.4.1/../../../../arm-none-eabi/lib/armv7-m\libc_nano.a(lib_a-lseekr.o)
                0x0001d484                _lseek_r
 .text.__swhatbuf_r
                0x0001d4a8       0x46 c:/sjsudev_v2/toolchain/bin/../lib/gcc/arm-none-eabi/5.4.1/../../../../arm-none-eabi/lib/armv7-m\libc_nano.a(lib_a-makebuf.o)